cmd_secoconfig.c:872:14:getline	64	static
cmd_secoconfig.c:841:5:atoi	32	static
cmd_secoconfig.c:864:5:ctoi	0	static
cmd_secoconfig.c:1348:5:selection_addons_overlay_files.part.0	112	static
cmd_secoconfig.c:920:6:create_environment	48	static
cmd_secoconfig.c:934:7:do_ramsize	80	static
cmd_secoconfig.c:979:5:selection_turn_onoff	64	static
cmd_secoconfig.c:1020:5:selection_dev	80	static
cmd_secoconfig.c:1040:6:select_at_partition_id	64	static
cmd_secoconfig.c:1054:6:select_partition_id	64	static
cmd_secoconfig.c:1068:6:select_source_path	48	static
cmd_secoconfig.c:1078:6:select_spi_parameters	64	static
cmd_secoconfig.c:1093:6:select_tftp_parameters	80	static
cmd_secoconfig.c:1132:5:select_kernel_source	96	static
cmd_secoconfig.c:1166:5:select_fdt_source	96	static
cmd_secoconfig.c:1199:5:select_overlay_source	64	static
cmd_secoconfig.c:1225:6:select_nfs_parameters	96	static
cmd_secoconfig.c:1318:5:select_filesystem_souce	80	static
cmd_secoconfig.c:1348:5:selection_addons_overlay_files	0	static
cmd_secoconfig.c:1406:5:selection_video_overlay_files	96	static
cmd_secoconfig.c:1539:12:do_seco_config	6784	static
cmd_secoconfig.c:1479:5:selection_video_mode	80	static
cmd_secoconfig.c:1501:5:selection_lvds_spec	80	static
cmd_secoconfig.c:2120:5:select_at_source	64	static
cmd_secoconfig.c:2145:6:select_filesystem_at_source	0	static
cmd_secoconfig.c:2166:12:do_at_config	1408	static
