f_fastboot.c:857:17:mmc_sparse_reserve	0	static
f_fastboot.c:4160:21:rx_bytes_expected	0	static
f_fastboot.c:2701:13:fastboot_complete	0	static
f_fastboot.c:3051:12:get_block_size	48	static
f_fastboot.c:2964:12:fastboot_tx_write	48	static
f_fastboot.c:2775:13:fastboot_disable	32	static
f_fastboot.c:2980:12:fastboot_tx_write_str	32	static
f_fastboot.c:4312:13:cb_continue	0	static
f_fastboot.c:4301:13:cb_boot	0	static
f_fastboot.c:4014:13:cb_reboot_bootloader	0	static
f_fastboot.c:3008:12:strcmp_l1	32	static
f_fastboot.c:4400:13:rx_handler_command	64	static
f_fastboot.c:2806:28:fastboot_start_ep	32	static
f_fastboot.c:2825:12:fastboot_set_alt	48	static
f_fastboot.c:2768:13:fastboot_unbind	0	static
f_fastboot.c:2888:12:fastboot_add	48	static
f_fastboot.c:815:17:mmc_sparse_write	96	static
f_fastboot.c:4258:13:cb_download	128	static
f_fastboot.c:4307:13:do_exit_on_complete	0	static
f_fastboot.c:4282:13:do_bootm_on_complete	64	static
f_fastboot.c:2985:13:compl_do_reset	0	static
f_fastboot.c:4185:13:rx_handler_dl_image	160	static
f_fastboot.c:2921:12:fastboot_tx_write_more	48	static
f_fastboot.c:2709:12:fastboot_bind	96	static
f_fastboot.c:2683:13:fastboot_fifo_complete	32	static
f_fastboot.c:760:14:bootloader_mmc_offset	16	static
f_fastboot.c:3959:13:do_acmd_complete	0	static
f_fastboot.c:3969:13:cb_run_uboot_acmd	32	static
f_fastboot.c:4238:13:cb_upload	112	static
f_fastboot.c:472:12:parse_env.isra.7.constprop	16	static
f_fastboot.c:864:6:bootloader_gpt_overlay	16	static
f_fastboot.c:870:5:write_backup_gpt	32	static
f_fastboot.c:1475:6:fastboot_flash_add_ptn	32	static
f_fastboot.c:1331:12:_fastboot_parts_load_from_ptable	3312	static
f_fastboot.c:1483:6:fastboot_flash_dump_ptn	48	static
f_fastboot.c:1494:26:fastboot_flash_find_ptn	80	static
f_fastboot.c:370:5:read_from_partition_multi	192	static
f_fastboot.c:3903:13:cb_erase	288	static
f_fastboot.c:3134:12:get_single_var	96	static
f_fastboot.c:3414:13:cb_getvar	784	static
f_fastboot.c:1509:5:fastboot_flash_find_index	32	static
f_fastboot.c:1520:26:fastboot_flash_get_ptn	0	static
f_fastboot.c:1528:14:fastboot_flash_get_ptn_count	0	static
f_fastboot.c:1534:6:board_fastboot_setup	64	static
f_fastboot.c:1760:6:fastboot_setup	64	static
f_fastboot.c:3939:13:cb_run_uboot_cmd	32	static
f_fastboot.c:1873:6:fastboot_run_bootmode	0	static
f_fastboot.c:2671:6:fastboot_fail	32	static
f_fastboot.c:2677:6:fastboot_okay	32	static
f_fastboot.c:3842:13:cb_flash	480	static
f_fastboot.c:2990:12:fb_set_reboot_flag	0	static
f_fastboot.c:2995:13:cb_reboot	16	static
