
Discarded input sections

 .data          0x0000000000000000        0x0 arch/arm/cpu/armv8/start.o
 .bss           0x0000000000000000        0x0 arch/arm/cpu/armv8/start.o
 .text.sdelay   0x0000000000000000        0xc arch/arm/cpu/armv8/built-in.o
 .text.timer_read_counter
                0x0000000000000000        0xc arch/arm/cpu/armv8/built-in.o
 .text.usec2ticks
                0x0000000000000000       0x44 arch/arm/cpu/armv8/built-in.o
 .text.set_one_region
                0x0000000000000000       0xd8 arch/arm/cpu/armv8/built-in.o
 .text.arch_get_page_table
                0x0000000000000000       0x20 arch/arm/cpu/armv8/built-in.o
 .text.mmu_set_region_dcache_behaviour
                0x0000000000000000       0xa8 arch/arm/cpu/armv8/built-in.o
 .text.mmu_change_region_attr
                0x0000000000000000       0xe8 arch/arm/cpu/armv8/built-in.o
 .text.enable_caches
                0x0000000000000000       0x14 arch/arm/cpu/armv8/built-in.o
 .text.__asm_switch_ttbr
                0x0000000000000000       0xe0 arch/arm/cpu/armv8/built-in.o
 .text.armv8_switch_to_el1
                0x0000000000000000       0xd0 arch/arm/cpu/armv8/built-in.o
 .rodata.arch_get_page_table.str1.1
                0x0000000000000000       0x1e arch/arm/cpu/armv8/built-in.o
 .rodata.mmu_set_region_dcache_behaviour.str1.1
                0x0000000000000000       0x20 arch/arm/cpu/armv8/built-in.o
 .rodata.set_one_region.str1.1
                0x0000000000000000       0x2e arch/arm/cpu/armv8/built-in.o
 .data          0x0000000000000000        0x0 arch/arm/cpu/armv8/built-in.o
 .bss           0x0000000000000000        0x0 arch/arm/cpu/armv8/built-in.o
 .text.board_quiesce_devices
                0x0000000000000000        0x4 arch/arm/lib/built-in.o
 .text.armv7_boot_nonsec_default
                0x0000000000000000        0x8 arch/arm/lib/built-in.o
 .text.enable_caches
                0x0000000000000000        0xc arch/arm/lib/built-in.o
 .text.invalidate_dcache_range
                0x0000000000000000        0x4 arch/arm/lib/built-in.o
 .text.flush_dcache_range
                0x0000000000000000        0x4 arch/arm/lib/built-in.o
 .text.flush_dcache_all
                0x0000000000000000        0xc arch/arm/lib/built-in.o
 .text.check_cache_range
                0x0000000000000000       0x40 arch/arm/lib/built-in.o
 .text.fdt_psci
                0x0000000000000000        0x8 arch/arm/lib/built-in.o
 .rodata.check_cache_range.str1.1
                0x0000000000000000       0x35 arch/arm/lib/built-in.o
 .rodata.enable_caches.str1.1
                0x0000000000000000       0x1d arch/arm/lib/built-in.o
 .data          0x0000000000000000        0x0 arch/arm/lib/built-in.o
 .__efi_runtime_rel_start
                0x0000000000000000        0x0 arch/arm/lib/built-in.o
 .__efi_runtime_rel_stop
                0x0000000000000000        0x0 arch/arm/lib/built-in.o
 .__efi_runtime_start
                0x0000000000000000        0x0 arch/arm/lib/built-in.o
 .__efi_runtime_stop
                0x0000000000000000        0x0 arch/arm/lib/built-in.o
 .__end         0x0000000000000000        0x0 arch/arm/lib/built-in.o
 .__secure_end  0x0000000000000000        0x0 arch/arm/lib/built-in.o
 .__secure_stack_end
                0x0000000000000000        0x0 arch/arm/lib/built-in.o
 .__secure_stack_start
                0x0000000000000000        0x0 arch/arm/lib/built-in.o
 .__secure_start
                0x0000000000000000        0x0 arch/arm/lib/built-in.o
 .bss           0x0000000000000000        0x0 arch/arm/lib/built-in.o
 .text.imx_iomux_set_gpr_register
                0x0000000000000000       0x4c arch/arm/mach-imx/built-in.o
 .text.board_mmc_get_env_dev
                0x0000000000000000        0x8 arch/arm/mach-imx/built-in.o
 .text.imx_set_mac_to_fuse
                0x0000000000000000      0x12c arch/arm/mach-imx/built-in.o
 .text.force_idle_bus
                0x0000000000000000      0x1d8 arch/arm/mach-imx/built-in.o
 .text.setup_i2c
                0x0000000000000000       0xc8 arch/arm/mach-imx/built-in.o
 .text.get_imx_reset_cause
                0x0000000000000000        0xc arch/arm/mach-imx/built-in.o
 .text.cpu_eth_init
                0x0000000000000000        0x4 arch/arm/mach-imx/built-in.o
 .text.cpu_mmc_init
                0x0000000000000000        0x4 arch/arm/mach-imx/built-in.o
 .text.mxs_wait_mask_set
                0x0000000000000000       0x58 arch/arm/mach-imx/built-in.o
 .text.mxs_wait_mask_clr
                0x0000000000000000       0x58 arch/arm/mach-imx/built-in.o
 .text.mxs_reset_block
                0x0000000000000000       0xbc arch/arm/mach-imx/built-in.o
 .text.call_imx_sip_ret2
                0x0000000000000000       0x40 arch/arm/mach-imx/built-in.o
 .text.enable_tzc380
                0x0000000000000000       0x34 arch/arm/mach-imx/built-in.o
 .text.mxs_set_lcdclk
                0x0000000000000000        0xc arch/arm/mach-imx/built-in.o
 .text.init_wdog_clk
[...]
Memory Configuration

Name             Origin             Length             Attributes
*default*        0x0000000000000000 0xffffffffffffffff

Linker script and memory map

Address of section .text set to 0x40200000
                0x0000000000000000                . = 0x0
                0x0000000000000000                . = ALIGN (0x8)

.text           0x0000000040200000    0x74978
 *(.__image_copy_start)
 .__image_copy_start
                0x0000000040200000        0x0 arch/arm/lib/built-in.o
                0x0000000040200000                __image_copy_start
 arch/arm/cpu/armv8/start.o(.text*)
 .text          0x0000000040200000      0x114 arch/arm/cpu/armv8/start.o
                0x0000000040200000                _start
                0x0000000040200008                _TEXT_BASE
                0x0000000040200010                _end_ofs
                0x0000000040200018                _bss_start_ofs
                0x0000000040200020                _bss_end_ofs
                0x000000004020002c                save_boot_params_ret
                0x000000004020008c                apply_core_errata
                0x00000000402000c8                lowlevel_init
                0x00000000402000d4                smp_kick_all_cpus
                0x00000000402000d8                c_runtime_cpu_setup
 *(.text*)
 *fill*         0x0000000040200114      0x6ec 
 .text          0x0000000040200800      0x484 arch/arm/cpu/armv8/built-in.o
                0x0000000040200800                vectors
 .text.cleanup_before_linux
                0x0000000040200c84       0x28 arch/arm/cpu/armv8/built-in.o
                0x0000000040200c84                cleanup_before_linux
 .text.get_tbclk
                0x0000000040200cac        0x8 arch/arm/cpu/armv8/built-in.o
                0x0000000040200cac                get_tbclk
 .text.get_ticks
                0x0000000040200cb4       0x10 arch/arm/cpu/armv8/built-in.o
                0x0000000040200cb4                get_ticks
 .text.count_required_pts
                0x0000000040200cc4       0xf8 arch/arm/cpu/armv8/built-in.o
 .text.create_table
                0x0000000040200dbc       0x70 arch/arm/cpu/armv8/built-in.o
 .text.split_block
                0x0000000040200e2c       0x9c arch/arm/cpu/armv8/built-in.o
 .text.get_tcr  0x0000000040200ec8       0xe4 arch/arm/cpu/armv8/built-in.o
                0x0000000040200ec8                get_tcr
 .text.find_pte
                0x0000000040200fac       0x9c arch/arm/cpu/armv8/built-in.o
 .text.get_page_table_size
                0x0000000040201048       0x48 arch/arm/cpu/armv8/built-in.o
                0x0000000040201048                get_page_table_size
 .text.setup_pgtables
                0x0000000040201090      0x178 arch/arm/cpu/armv8/built-in.o
                0x0000000040201090                setup_pgtables
 .text.mmu_setup
                0x0000000040201208      0x13c arch/arm/cpu/armv8/built-in.o
                0x0000000040201208                mmu_setup
 .text.invalidate_dcache_all
                0x0000000040201344       0x14 arch/arm/cpu/armv8/built-in.o
                0x0000000040201344                invalidate_dcache_all
 .text.flush_dcache_all
                0x0000000040201358       0x14 arch/arm/cpu/armv8/built-in.o
                0x0000000040201358                flush_dcache_all
 .text.invalidate_dcache_range
                0x000000004020136c        0x4 arch/arm/cpu/armv8/built-in.o
                0x000000004020136c                invalidate_dcache_range
 .text.flush_dcache_range
                0x0000000040201370        0x4 arch/arm/cpu/armv8/built-in.o
                0x0000000040201370                flush_dcache_range
 .text.dcache_enable
                0x0000000040201374      0x110 arch/arm/cpu/armv8/built-in.o
                0x0000000040201374                dcache_enable
 .text.dcache_disable
                0x0000000040201484       0x84 arch/arm/cpu/armv8/built-in.o
                0x0000000040201484                dcache_disable
 .text.dcache_status
                0x0000000040201508       0x34 arch/arm/cpu/armv8/built-in.o
                0x0000000040201508                dcache_status
 .text.icache_disable
                0x000000004020153c       0x64 arch/arm/cpu/armv8/built-in.o
                0x000000004020153c                icache_disable
 .text.icache_status
                0x00000000402015a0       0x34 arch/arm/cpu/armv8/built-in.o
                0x00000000402015a0                icache_status
 .text.invalidate_icache_all
                0x00000000402015d4       0x14 arch/arm/cpu/armv8/built-in.o
                0x00000000402015d4                invalidate_icache_all
 .text.icache_enable
                0x00000000402015e8       0x74 arch/arm/cpu/armv8/built-in.o
                0x00000000402015e8                icache_enable
 .text.__asm_dcache_level
                0x000000004020165c       0x64 arch/arm/cpu/armv8/built-in.o
                0x000000004020165c                __asm_dcache_level
 .text.__asm_dcache_all
                0x00000000402016c0       0x60 arch/arm/cpu/armv8/built-in.o
                0x00000000402016c0                __asm_dcache_all
 .text.__asm_flush_dcache_all
                0x0000000040201720        0x8 arch/arm/cpu/armv8/built-in.o
                0x0000000040201720                __asm_flush_dcache_all
 .text.__asm_invalidate_dcache_all
                0x0000000040201728        0x8 arch/arm/cpu/armv8/built-in.o
                0x0000000040201728                __asm_invalidate_dcache_all
 .text.__asm_flush_dcache_range
                0x0000000040201730       0x34 arch/arm/cpu/armv8/built-in.o
                0x0000000040201730                __asm_flush_dcache_range
 .text.__asm_invalidate_dcache_range
                0x0000000040201764       0x30 arch/arm/cpu/armv8/built-in.o
                0x0000000040201764                __asm_invalidate_dcache_range
 .text.__asm_invalidate_icache_all
                0x0000000040201794        0xc arch/arm/cpu/armv8/built-in.o
                0x0000000040201794                __asm_invalidate_icache_all
 .text.__asm_invalidate_l3_dcache
                0x00000000402017a0        0x8 arch/arm/cpu/armv8/built-in.o
                0x00000000402017a0                __asm_invalidate_l3_dcache
 .text.__asm_flush_l3_dcache
                0x00000000402017a8        0x8 arch/arm/cpu/armv8/built-in.o
                0x00000000402017a8                __asm_flush_l3_dcache
 .text.__asm_invalidate_l3_icache
                0x00000000402017b0        0x8 arch/arm/cpu/armv8/built-in.o
                0x00000000402017b0                __asm_invalidate_l3_icache
 .text.__asm_invalidate_tlb_all
                0x00000000402017b8       0x4c arch/arm/cpu/armv8/built-in.o
                0x00000000402017b8                __asm_invalidate_tlb_all
 *fill*         0x0000000040201804        0x4 
 .text.armv8_switch_to_el2
                0x0000000040201808       0xb8 arch/arm/cpu/armv8/built-in.o
                0x0000000040201808                armv8_switch_to_el2
 .text.armv8_el2_to_aarch32
                0x00000000402018c0        0x4 arch/arm/cpu/armv8/built-in.o
                0x00000000402018c0                armv8_el2_to_aarch32
 *fill*         0x00000000402018c4        0x4 
 .text          0x00000000402018c8      0x140 arch/arm/lib/built-in.o
                0x00000000402018c8                _main
                0x0000000040201948                relocate_code
 .text.setjmp   0x0000000040201a08       0x28 arch/arm/lib/built-in.o
                0x0000000040201a08                setjmp
 .text.longjmp  0x0000000040201a30       0x2c arch/arm/lib/built-in.o
                0x0000000040201a30                longjmp
 .text.arch_fixup_fdt
                0x0000000040201a5c       0x40 arch/arm/lib/built-in.o
                0x0000000040201a5c                arch_fixup_fdt
 .text.arch_lmb_reserve
                0x0000000040201a9c       0x70 arch/arm/lib/built-in.o
                0x0000000040201a9c                arch_lmb_reserve
 .text.setup_board_tags
                0x0000000040201b0c        0x4 arch/arm/lib/built-in.o
                0x0000000040201b0c                setup_board_tags
 .text.boot_prep_linux
                0x0000000040201b10       0xd0 arch/arm/lib/built-in.o
 .text.update_os_arch_secondary_cores
                0x0000000040201be0        0x4 arch/arm/lib/built-in.o
                0x0000000040201be0                update_os_arch_secondary_cores
 .text.boot_jump_linux
                0x0000000040201be4       0xc0 arch/arm/lib/built-in.o
 .text.do_bootm_linux
                0x0000000040201ca4       0x74 arch/arm/lib/built-in.o
                0x0000000040201ca4                do_bootm_linux
 .text.boot_prep_vxworks
                0x0000000040201d18       0x50 arch/arm/lib/built-in.o
                0x0000000040201d18                boot_prep_vxworks
 .text.boot_jump_vxworks
                0x0000000040201d68        0xc arch/arm/lib/built-in.o
                0x0000000040201d68                boot_jump_vxworks
 .text.booti_setup
                0x0000000040201d74       0xb0 arch/arm/lib/built-in.o
                0x0000000040201d74                booti_setup
 .text.arch_reserve_stacks
                0x0000000040201e24       0x10 arch/arm/lib/built-in.o
                0x0000000040201e24                arch_reserve_stacks
 .text.interrupt_init
                0x0000000040201e34        0x8 arch/arm/lib/built-in.o
                0x0000000040201e34                interrupt_init
 .text.enable_interrupts
                0x0000000040201e3c        0x4 arch/arm/lib/built-in.o
                0x0000000040201e3c                enable_interrupts
 .text.disable_interrupts
                0x0000000040201e40        0x8 arch/arm/lib/built-in.o
                0x0000000040201e40                disable_interrupts
 .text.show_regs
                0x0000000040201e48       0x9c arch/arm/lib/built-in.o
                0x0000000040201e48                show_regs
 .text.do_bad_sync
                0x0000000040201ee4       0x3c arch/arm/lib/built-in.o
                0x0000000040201ee4                do_bad_sync
 .text.do_bad_irq
                0x0000000040201f20       0x3c arch/arm/lib/built-in.o
                0x0000000040201f20                do_bad_irq
 .text.do_bad_fiq
                0x0000000040201f5c       0x3c arch/arm/lib/built-in.o
                0x0000000040201f5c                do_bad_fiq
 .text.do_bad_error
                0x0000000040201f98       0x3c arch/arm/lib/built-in.o
                0x0000000040201f98                do_bad_error
 .text.do_sync  0x0000000040201fd4       0x3c arch/arm/lib/built-in.o
                0x0000000040201fd4                do_sync
 .text.do_irq   0x0000000040202010       0x3c arch/arm/lib/built-in.o
                0x0000000040202010                do_irq
 .text.do_fiq   0x000000004020204c       0x3c arch/arm/lib/built-in.o
                0x000000004020204c                do_fiq
 .text.do_error
                0x0000000040202088       0x3c arch/arm/lib/built-in.o
                0x0000000040202088                do_error
 .text.reset_misc
                0x00000000402020c4        0x4 arch/arm/lib/built-in.o
                0x00000000402020c4                reset_misc
 .text.do_reset
                0x00000000402020c8       0x38 arch/arm/lib/built-in.o
                0x00000000402020c8                do_reset
 .text.flush_cache
                0x0000000040202100        0x8 arch/arm/lib/built-in.o
                0x0000000040202100                flush_cache
 *fill*         0x0000000040202108       0xf8 
 .text          0x0000000040202200      0x198 arch/arm/mach-imx/built-in.o
                0x0000000040202200                rom_pointer
                0x0000000040202300                save_boot_params
                0x000000004020234c                restore_boot_params
 .text.imx_iomux_v3_setup_pad
                0x0000000040202398       0xc0 arch/arm/mach-imx/built-in.o
                0x0000000040202398                imx_iomux_v3_setup_pad
 .text.imx_iomux_v3_setup_multiple_pads
                0x0000000040202458       0x40 arch/arm/mach-imx/built-in.o
                0x0000000040202458                imx_iomux_v3_setup_multiple_pads
 .text.arch_auxiliary_core_up
                0x0000000040202498       0x54 arch/arm/mach-imx/built-in.o
                0x0000000040202498                arch_auxiliary_core_up
 .text.arch_auxiliary_core_check_up
                0x00000000402024ec       0x2c arch/arm/mach-imx/built-in.o
                0x00000000402024ec                arch_auxiliary_core_check_up
 .text.do_bootaux
                0x0000000040202518       0xa8 arch/arm/mach-imx/built-in.o
 .text.mmc_get_env_dev
                0x00000000402025c0       0x60 arch/arm/mach-imx/built-in.o
                0x00000000402025c0                mmc_get_env_dev
 .text.imx_get_mac_from_fuse
                0x0000000040202620      0x128 arch/arm/mach-imx/built-in.o
                0x0000000040202620                imx_get_mac_from_fuse
 .text.board_video_skip
                0x0000000040202748      0x1c0 arch/arm/mach-imx/built-in.o
                0x0000000040202748                board_video_skip
 .text.get_reset_cause
                0x0000000040202908       0xe8 arch/arm/mach-imx/built-in.o
 .text.get_reboot_reason
                0x00000000402029f0       0x38 arch/arm/mach-imx/built-in.o
                0x00000000402029f0                get_reboot_reason
 .text.get_imx_type
                0x0000000040202a28       0x28 arch/arm/mach-imx/built-in.o
                0x0000000040202a28                get_imx_type
 .text.arch_preboot_os
                0x0000000040202a50        0x4 arch/arm/mach-imx/built-in.o
                0x0000000040202a50                arch_preboot_os
 .text.get_cpu_speed_grade_hz
                0x0000000040202a54      0x160 arch/arm/mach-imx/built-in.o
                0x0000000040202a54                get_cpu_speed_grade_hz
 .text.get_cpu_temp_grade
                0x0000000040202bb4       0x70 arch/arm/mach-imx/built-in.o
                0x0000000040202bb4                get_cpu_temp_grade
 .text.print_cpuinfo
                0x0000000040202c24      0x164 arch/arm/mach-imx/built-in.o
                0x0000000040202c24                print_cpuinfo
 .text.get_boot_device
                0x0000000040202d88       0xb4 arch/arm/mach-imx/built-in.o
                0x0000000040202d88                get_boot_device
 .text.imx_sec_init
                0x0000000040202e3c        0x4 arch/arm/mach-imx/built-in.o
                0x0000000040202e3c                imx_sec_init
 .text.board_lmb_reserve
                0x0000000040202e40       0x70 arch/arm/mach-imx/built-in.o
                0x0000000040202e40                board_lmb_reserve
 .text.call_imx_sip
                0x0000000040202eb0       0x28 arch/arm/mach-imx/built-in.o
                0x0000000040202eb0                call_imx_sip
 .text.get_cpu_variant_type
                0x0000000040202ed8       0x8c arch/arm/mach-imx/built-in.o
 .text.disable_fdt_nodes
                0x0000000040202f64      0x10c arch/arm/mach-imx/built-in.o
 .text.timer_init
                0x0000000040203070       0x10 arch/arm/mach-imx/built-in.o
                0x0000000040203070                timer_init
 .text.set_wdog_reset
                0x0000000040203080       0x18 arch/arm/mach-imx/built-in.o
                0x0000000040203080                set_wdog_reset
 .text.enable_caches
                0x0000000040203098       0x34 arch/arm/mach-imx/built-in.o
                0x0000000040203098                enable_caches
 .text.get_cpu_rev
                0x00000000402030cc       0xa4 arch/arm/mach-imx/built-in.o
                0x00000000402030cc                get_cpu_rev
 .text.arch_cpu_init
                0x0000000040203170       0x88 arch/arm/mach-imx/built-in.o
                0x0000000040203170                arch_cpu_init
 .text.is_usb_boot
                0x00000000402031f8       0x1c arch/arm/mach-imx/built-in.o
                0x00000000402031f8                is_usb_boot
 .text.get_board_serial
                0x0000000040203214       0x1c arch/arm/mach-imx/built-in.o
                0x0000000040203214                get_board_serial
 .text.board_quiesce_devices
                0x0000000040203230       0x30 arch/arm/mach-imx/built-in.o
                0x0000000040203230                board_quiesce_devices
 .text.ft_system_setup
                0x0000000040203260      0x4ac arch/arm/mach-imx/built-in.o
                0x0000000040203260                ft_system_setup
 .text.reset_cpu
                0x000000004020370c       0x14 arch/arm/mach-imx/built-in.o
                0x000000004020370c                reset_cpu
 .text.arch_misc_init
                0x0000000040203720       0x60 arch/arm/mach-imx/built-in.o
                0x0000000040203720                arch_misc_init
 .text.imx8m_usb_power
                0x0000000040203780       0x48 arch/arm/mach-imx/built-in.o
                0x0000000040203780                imx8m_usb_power
 .text.select   0x00000000402037c8       0x3c arch/arm/mach-imx/built-in.o
 .text.get_clk_root_target
                0x0000000040203804       0x8c arch/arm/mach-imx/built-in.o
 .text.clock_get_target_val
                0x0000000040203890       0x68 arch/arm/mach-imx/built-in.o
                0x0000000040203890                clock_get_target_val
 .text.clock_set_target_val
                0x00000000402038f8       0x64 arch/arm/mach-imx/built-in.o
                0x00000000402038f8                clock_set_target_val
 .text.clock_root_enabled
                0x000000004020395c       0x74 arch/arm/mach-imx/built-in.o
                0x000000004020395c                clock_root_enabled
 .text.clock_enable
                0x00000000402039d0       0x4c arch/arm/mach-imx/built-in.o
                0x00000000402039d0                clock_enable
 .text.clock_get_prediv
                0x0000000040203a1c       0x84 arch/arm/mach-imx/built-in.o
                0x0000000040203a1c                clock_get_prediv
 .text.clock_get_postdiv
                0x0000000040203aa0       0xa4 arch/arm/mach-imx/built-in.o
                0x0000000040203aa0                clock_get_postdiv
 .text.clock_get_src
                0x0000000040203b44       0x70 arch/arm/mach-imx/built-in.o
                0x0000000040203b44                clock_get_src
 .text.decode_frac_pll
                0x0000000040203bb4       0xb4 arch/arm/mach-imx/built-in.o
 .text.decode_sscg_pll
                0x0000000040203c68      0x214 arch/arm/mach-imx/built-in.o
 .text.get_root_clk
                0x0000000040203e7c       0xd0 arch/arm/mach-imx/built-in.o
 .text.do_mx8m_showclocks
                0x0000000040203f4c      0x24c arch/arm/mach-imx/built-in.o
                0x0000000040203f4c                do_mx8m_showclocks
 .text.enable_ocotp_clk
                0x0000000040204198       0x10 arch/arm/mach-imx/built-in.o
                0x0000000040204198                enable_ocotp_clk
 .text.enable_i2c_clk
                0x00000000402041a8       0x3c arch/arm/mach-imx/built-in.o
                0x00000000402041a8                enable_i2c_clk
 .text.mxc_get_clock
                0x00000000402041e4       0x5c arch/arm/mach-imx/built-in.o
                0x00000000402041e4                mxc_get_clock
 .text.imx_get_uartclk
                0x0000000040204240        0x8 arch/arm/mach-imx/built-in.o
                0x0000000040204240                imx_get_uartclk
 .text.init_usb_clk
                0x0000000040204248       0xa4 arch/arm/mach-imx/built-in.o
                0x0000000040204248                init_usb_clk
 .text.init_clk_usdhc
                0x00000000402042ec       0x88 arch/arm/mach-imx/built-in.o
                0x00000000402042ec                init_clk_usdhc
 .text.set_clk_qspi
                0x0000000040204374       0x38 arch/arm/mach-imx/built-in.o
                0x0000000040204374                set_clk_qspi
 .text.set_clk_enet
                0x00000000402043ac       0xa4 arch/arm/mach-imx/built-in.o
                0x00000000402043ac                set_clk_enet
 .text.imx_get_fecclk
                0x0000000040204450        0x8 arch/arm/mach-imx/built-in.o
                0x0000000040204450                imx_get_fecclk
 .text.imx8m_get_gmode
                0x0000000040204458        0xc arch/arm/mach-imx/built-in.o
                0x0000000040204458                imx8m_get_gmode
 .text.imx8m_show_gmode
                0x0000000040204464       0x68 arch/arm/mach-imx/built-in.o
                0x0000000040204464                imx8m_show_gmode
 .text.imx8m_get_gd
                0x00000000402044cc        0xc arch/arm/mach-imx/built-in.o
                0x00000000402044cc                imx8m_get_gd
 .text.imx8m_create_color_bar
                0x00000000402044d8       0x9c arch/arm/mach-imx/built-in.o
                0x00000000402044d8                imx8m_create_color_bar
 .text.imx8m_display_shutdown
                0x0000000040204574       0x38 arch/arm/mach-imx/built-in.o
                0x0000000040204574                imx8m_display_shutdown
 .text.video_hw_init
                0x00000000402045ac      0x8d8 arch/arm/mach-imx/built-in.o
                0x00000000402045ac                video_hw_init
 .text.imx8m_fb_disable
                0x0000000040204e84       0x24 arch/arm/mach-imx/built-in.o
                0x0000000040204e84                imx8m_fb_disable
 .text.imx8m_fb_init
                0x0000000040204ea8       0xe8 arch/arm/mach-imx/built-in.o
                0x0000000040204ea8                imx8m_fb_init
 .text.c12_get_board_configuration
                0x0000000040204f90       0xc8 board/seco/common/built-in.o
                0x0000000040204f90                c12_get_board_configuration
 .text.c12_get_hw_revision
                0x0000000040205058       0xac board/seco/common/built-in.o
                0x0000000040205058                c12_get_hw_revision
 .text.c12_get_spi_canrtc
                0x0000000040205104       0x50 board/seco/common/built-in.o
                0x0000000040205104                c12_get_spi_canrtc
 .text.c12_get_pcie
                0x0000000040205154       0x50 board/seco/common/built-in.o
                0x0000000040205154                c12_get_pcie
 .text.c12_fdt_ram_setup
                0x00000000402051a4       0xf0 board/seco/common/built-in.o
                0x00000000402051a4                c12_fdt_ram_setup
 .text.c12_fdt_pcie_setup
                0x0000000040205294       0xdc board/seco/common/built-in.o
                0x0000000040205294                c12_fdt_pcie_setup
 .text.mmc_map_to_kernel_blk
                0x0000000040205370        0x4 board/seco/common/built-in.o
                0x0000000040205370                mmc_map_to_kernel_blk
 .text.board_late_mmc_env_init
                0x0000000040205374       0x9c board/seco/common/built-in.o
                0x0000000040205374                board_late_mmc_env_init
 .text.do_enable_hdmi
                0x0000000040205410       0x28 board/seco/seco_imx8mq_c12/built-in.o
 .text.board_qspi_init
                0x0000000040205438       0x28 board/seco/seco_imx8mq_c12/built-in.o
                0x0000000040205438                board_qspi_init
 .text.regulator_enable_init
                0x0000000040205460       0x40 board/seco/seco_imx8mq_c12/built-in.o
                0x0000000040205460                regulator_enable_init
 .text.board_postclk_init
                0x00000000402054a0        0x8 board/seco/seco_imx8mq_c12/built-in.o
                0x00000000402054a0                board_postclk_init
 .text.dram_init
                0x00000000402054a8       0x7c board/seco/seco_imx8mq_c12/built-in.o
                0x00000000402054a8                dram_init
 .text.dram_init_banksize
                0x0000000040205524       0x8c board/seco/seco_imx8mq_c12/built-in.o
                0x0000000040205524                dram_init_banksize
 .text.ft_board_setup
                0x00000000402055b0       0x40 board/seco/seco_imx8mq_c12/built-in.o
                0x00000000402055b0                ft_board_setup
 .text.board_phy_config
                0x00000000402055f0       0x2c board/seco/seco_imx8mq_c12/built-in.o
                0x00000000402055f0                board_phy_config
 .text.usb_gadget_handle_interrupts
                0x000000004020561c       0x1c board/seco/seco_imx8mq_c12/built-in.o
                0x000000004020561c                usb_gadget_handle_interrupts
 .text.board_usb_init
                0x0000000040205638       0xd8 board/seco/seco_imx8mq_c12/built-in.o
                0x0000000040205638                board_usb_init
 .text.board_usb_cleanup
                0x0000000040205710       0x40 board/seco/seco_imx8mq_c12/built-in.o
                0x0000000040205710                board_usb_cleanup
 .text.board_init
                0x0000000040205750       0xe0 board/seco/seco_imx8mq_c12/built-in.o
                0x0000000040205750                board_init
 .text.board_mmc_get_env_dev
                0x0000000040205830        0x4 board/seco/seco_imx8mq_c12/built-in.o
                0x0000000040205830                board_mmc_get_env_dev
 .text.board_late_init
                0x0000000040205834       0x18 board/seco/seco_imx8mq_c12/built-in.o
                0x0000000040205834                board_late_init
 .text.board_early_init_f
                0x000000004020584c       0xb4 board/seco/seco_imx8mq_c12/built-in.o
                0x000000004020584c                board_early_init_f
 .text.get_effective_memsize
                0x0000000040205900       0x50 board/seco/seco_imx8mq_c12/built-in.o
                0x0000000040205900                get_effective_memsize
 .text.do_go_exec
                0x0000000040205950       0x10 cmd/built-in.o
                0x0000000040205950                do_go_exec
 .text.do_go    0x0000000040205960       0x88 cmd/built-in.o
 .text.do_bootm
                0x00000000402059e8      0x108 cmd/built-in.o
                0x00000000402059e8                do_bootm
 .text.do_bootd
                0x0000000040205af0       0x2c cmd/built-in.o
                0x0000000040205af0                do_bootd
 .text.image_info
                0x0000000040205b1c      0x148 cmd/built-in.o
 .text.do_iminfo
                0x0000000040205c64       0x74 cmd/built-in.o
 .text.bootm_maybe_autostart
                0x0000000040205cd8       0x74 cmd/built-in.o
                0x0000000040205cd8                bootm_maybe_autostart
 .text.do_help  0x0000000040205d4c       0x3c cmd/built-in.o
 .text.do_version
                0x0000000040205d88       0x40 cmd/built-in.o
 .text.blk_common_cmd
                0x0000000040205dc8      0x32c cmd/built-in.o
                0x0000000040205dc8                blk_common_cmd
 .text.source   0x00000000402060f4      0x1d0 cmd/built-in.o
                0x00000000402060f4                source
 .text.do_source
                0x00000000402062c4       0x78 cmd/built-in.o
 .text.print_num
                0x000000004020633c       0x14 cmd/built-in.o
 .text.do_bdinfo
                0x0000000040206350      0x14c cmd/built-in.o
 .text.efi_do_enter
                0x000000004020649c       0x5c cmd/built-in.o
 .text.efi_init_obj_list
                0x00000000402064f8       0x38 cmd/built-in.o
 .text.efi_run_in_el2
                0x0000000040206530       0x3c cmd/built-in.o
 .text.do_bootefi_exec
                0x000000004020656c      0x404 cmd/built-in.o
 .text.do_bootefi
                0x0000000040206970      0x15c cmd/built-in.o
 .text.efi_set_bootdev
                0x0000000040206acc      0x120 cmd/built-in.o
                0x0000000040206acc                efi_set_bootdev
 .text.bootmenu_print_entry
                0x0000000040206bec       0x8c cmd/built-in.o
 .text.get_menu_default_entry
                0x0000000040206c78       0x40 cmd/built-in.o
 .text.bootmenu_destroy
                0x0000000040206cb8       0x54 cmd/built-in.o
 .text.bootmenu_choice_entry
                0x0000000040206d0c      0x244 cmd/built-in.o
 .text.bootmenu_show
                0x0000000040206f50      0x3f8 cmd/built-in.o
 .text.do_bootmenu
                0x0000000040207348       0x5c cmd/built-in.o
                0x0000000040207348                do_bootmenu
 .text.menu_display_statusline
                0x00000000402073a4      0x12c cmd/built-in.o
                0x00000000402073a4                menu_display_statusline
 .text.menu_show
                0x00000000402074d0       0x2c cmd/built-in.o
                0x00000000402074d0                menu_show
 .text.do_booti
                0x00000000402074fc      0x234 cmd/built-in.o
                0x00000000402074fc                do_booti
 .text.parse_argv
                0x0000000040207730       0x68 cmd/built-in.o
 .text.do_icache
                0x0000000040207798       0x98 cmd/built-in.o
 .text.do_dcache
                0x0000000040207830       0x98 cmd/built-in.o
 .text.do_coninfo
                0x00000000402078c8       0xdc cmd/built-in.o
 .text.do_echo  0x00000000402079a4       0xd8 cmd/built-in.o
 .text.load_elf_image_shdr
                0x0000000040207a7c       0xa0 cmd/built-in.o
 .text.valid_elf_image
                0x0000000040207b1c       0x58 cmd/built-in.o
                0x0000000040207b1c                valid_elf_image
 .text.do_bootelf
                0x0000000040207b74      0x1c8 cmd/built-in.o
                0x0000000040207b74                do_bootelf
 .text.do_bootvx
                0x0000000040207d3c      0x360 cmd/built-in.o
                0x0000000040207d3c                do_bootvx
 .text.do_exit  0x000000004020809c       0x40 cmd/built-in.o
 .text.do_ext4_size
                0x00000000402080dc        0x8 cmd/built-in.o
                0x00000000402080dc                do_ext4_size
 .text.do_ext4_load
                0x00000000402080e4        0x8 cmd/built-in.o
                0x00000000402080e4                do_ext4_load
 .text.do_ext4_ls
                0x00000000402080ec        0x8 cmd/built-in.o
                0x00000000402080ec                do_ext4_ls
 .text.do_ext4_write
                0x00000000402080f4        0x8 cmd/built-in.o
                0x00000000402080f4                do_ext4_write
 .text.do_ext2load
                0x00000000402080fc        0x8 cmd/built-in.o
                0x00000000402080fc                do_ext2load
 .text.do_ext2ls
                0x0000000040208104        0x8 cmd/built-in.o
 .text.do_fat_size
                0x000000004020810c        0x8 cmd/built-in.o
                0x000000004020810c                do_fat_size
 .text.do_fat_fsload
                0x0000000040208114        0x8 cmd/built-in.o
                0x0000000040208114                do_fat_fsload
 .text.do_fat_ls
                0x000000004020811c        0x8 cmd/built-in.o
 .text.do_fat_fsinfo
                0x0000000040208124       0x94 cmd/built-in.o
 .text.fdt_valid
                0x00000000402081b8       0xcc cmd/built-in.o
 .text.is_printable_string
                0x0000000040208284       0x80 cmd/built-in.o
 .text.print_data
                0x0000000040208304      0x1b8 cmd/built-in.o
 .text.set_working_fdt_addr
                0x00000000402084bc       0x18 cmd/built-in.o
                0x00000000402084bc                set_working_fdt_addr
 .text.do_fdt   0x00000000402084d4      0xff8 cmd/built-in.o
 .text.do_flinfo
                0x00000000402094cc        0x8 cmd/built-in.o
 .text.do_protect
                0x00000000402094d4        0xc cmd/built-in.o
 .text.do_flerase
                0x00000000402094e0        0x8 cmd/built-in.o
 .text.strtou32
                0x00000000402094e8       0x54 cmd/built-in.o
 .text.do_fuse  0x000000004020953c      0x364 cmd/built-in.o
 .text.gpio_get_description
                0x00000000402098a0       0xc8 cmd/built-in.o
 .text.do_gpio  0x0000000040209968      0x35c cmd/built-in.o
 .text.do_i2c   0x0000000040209cc4       0x80 cmd/built-in.o
 .text.i2c_get_cur_bus
                0x0000000040209d44       0x38 cmd/built-in.o
 .text.do_i2c_bus_speed
                0x0000000040209d7c       0xb0 cmd/built-in.o
 .text.do_i2c_reset
                0x0000000040209e2c       0x38 cmd/built-in.o
 .text.i2c_get_cur_bus_chip
                0x0000000040209e64       0x40 cmd/built-in.o
 .text.do_i2c_olen
                0x0000000040209ea4       0xb8 cmd/built-in.o
 .text.do_i2c_flags
                0x0000000040209f5c       0xcc cmd/built-in.o
 .text.do_i2c_probe
                0x000000004020a028       0xcc cmd/built-in.o
 .text.do_i2c_bus_num
                0x000000004020a0f4       0xb4 cmd/built-in.o
 .text.show_bus
                0x000000004020a1a8       0x98 cmd/built-in.o
 .text.do_i2c_show_bus
                0x000000004020a240       0xc0 cmd/built-in.o
 .text.get_alen.constprop.4
                0x000000004020a300       0x38 cmd/built-in.o
 .text.do_i2c_crc
                0x000000004020a338      0x180 cmd/built-in.o
 .text.mod_i2c_mem.isra.1
                0x000000004020a4b8      0x244 cmd/built-in.o
 .text.do_i2c_nm
                0x000000004020a6fc        0x8 cmd/built-in.o
 .text.do_i2c_mm
                0x000000004020a704        0x8 cmd/built-in.o
 .text.do_i2c_md
                0x000000004020a70c      0x234 cmd/built-in.o
 .text.do_i2c_read
                0x000000004020a940      0x104 cmd/built-in.o
 .text.do_i2c_mw
                0x000000004020aa44      0x148 cmd/built-in.o
 .text.do_i2c_write
                0x000000004020ab8c      0x1c8 cmd/built-in.o
 .text.do_i2c_loop
                0x000000004020ad54      0x150 cmd/built-in.o
 .text.evalexp  0x000000004020aea4       0x94 cmd/built-in.o
 .text.evalstr  0x000000004020af38       0x5c cmd/built-in.o
 .text.binary_test
                0x000000004020af94      0x1ac cmd/built-in.o
 .text.do_itest
                0x000000004020b140       0x90 cmd/built-in.o
 .text.getline  0x000000004020b1d0       0xd8 cmd/built-in.o
 .text.atoi     0x000000004020b2a8       0x74 cmd/built-in.o
                0x000000004020b2a8                atoi
 .text.ctoi     0x000000004020b31c       0x18 cmd/built-in.o
                0x000000004020b31c                ctoi
 .text.selection_addons_overlay_files.part.0
                0x000000004020b334      0x19c cmd/built-in.o
 .text.create_environment
                0x000000004020b4d0       0x48 cmd/built-in.o
                0x000000004020b4d0                create_environment
 .text.do_ramsize
                0x000000004020b518       0xd0 cmd/built-in.o
                0x000000004020b518                do_ramsize
 .text.selection_dev
                0x000000004020b5e8       0xdc cmd/built-in.o
                0x000000004020b5e8                selection_dev
 .text.select_at_partition_id
                0x000000004020b6c4       0x94 cmd/built-in.o
                0x000000004020b6c4                select_at_partition_id
 .text.select_partition_id
                0x000000004020b758       0x94 cmd/built-in.o
                0x000000004020b758                select_partition_id
 .text.select_source_path
                0x000000004020b7ec       0x54 cmd/built-in.o
                0x000000004020b7ec                select_source_path
 .text.select_spi_parameters
                0x000000004020b840       0xc0 cmd/built-in.o
                0x000000004020b840                select_spi_parameters
 .text.select_tftp_parameters
                0x000000004020b900      0x150 cmd/built-in.o
                0x000000004020b900                select_tftp_parameters
 .text.select_kernel_source
                0x000000004020ba50       0xf8 cmd/built-in.o
                0x000000004020ba50                select_kernel_source
 .text.select_fdt_source
                0x000000004020bb48       0xf8 cmd/built-in.o
                0x000000004020bb48                select_fdt_source
 .text.select_overlay_source
                0x000000004020bc40       0xb0 cmd/built-in.o
                0x000000004020bc40                select_overlay_source
 .text.select_nfs_parameters
                0x000000004020bcf0      0x2a8 cmd/built-in.o
                0x000000004020bcf0                select_nfs_parameters
 .text.select_filesystem_souce
                0x000000004020bf98       0xc0 cmd/built-in.o
                0x000000004020bf98                select_filesystem_souce
 .text.selection_video_overlay_files
                0x000000004020c058      0x198 cmd/built-in.o
                0x000000004020c058                selection_video_overlay_files
 .text.do_seco_config
                0x000000004020c1f0      0xa68 cmd/built-in.o
 .text.select_at_source
                0x000000004020cc58       0x8c cmd/built-in.o
                0x000000004020cc58                select_at_source
 .text.select_filesystem_at_source
                0x000000004020cce4       0x60 cmd/built-in.o
                0x000000004020cce4                select_filesystem_at_source
 .text.do_at_config
                0x000000004020cd44      0x3e8 cmd/built-in.o
 .text.bin_data_init
                0x000000004020d12c       0x1c cmd/built-in.o
 .text.k_data_save
                0x000000004020d148       0x34 cmd/built-in.o
 .text.k_data_restore
                0x000000004020d17c       0x34 cmd/built-in.o
 .text.getcxmodem
                0x000000004020d1b0       0x24 cmd/built-in.o
 .text.load_serial_ymodem
                0x000000004020d1d4       0xf0 cmd/built-in.o
 .text.bin_data_char
                0x000000004020d2c4       0x28 cmd/built-in.o
 .text.chk1.constprop.2
                0x000000004020d2ec       0x34 cmd/built-in.o
 .text.s1_sendpacket.constprop.3
                0x000000004020d320       0x60 cmd/built-in.o
 .text.load_serial
                0x000000004020d380      0x1ec cmd/built-in.o
 .text.do_load_serial
                0x000000004020d56c       0xe4 cmd/built-in.o
 .text.do_load_serial_bin
                0x000000004020d650      0x7dc cmd/built-in.o
 .text.do_mem_loop
                0x000000004020de2c      0x144 cmd/built-in.o
 .text.do_mem_md
                0x000000004020df70       0xf4 cmd/built-in.o
 .text.do_mem_cmp
                0x000000004020e064      0x1a8 cmd/built-in.o
 .text.do_mem_base
                0x000000004020e20c       0x4c cmd/built-in.o
 .text.do_mem_mw
                0x000000004020e258      0x108 cmd/built-in.o
 .text.do_mem_cp
                0x000000004020e360       0xc0 cmd/built-in.o
 .text.do_mem_mtest
                0x000000004020e420      0x22c cmd/built-in.o
 .text.mod_mem.isra.0
                0x000000004020e64c      0x1c8 cmd/built-in.o
 .text.do_mem_mm
                0x000000004020e814        0x8 cmd/built-in.o
 .text.do_mem_nm
                0x000000004020e81c        0x8 cmd/built-in.o
 .text.extract_range
                0x000000004020e824       0xf8 cmd/built-in.o
 .text.do_mii   0x000000004020e91c      0x8c4 cmd/built-in.o
 .text.do_mdio  0x000000004020f1e0      0x4a8 cmd/built-in.o
 .text.do_sleep
                0x000000004020f688       0xe8 cmd/built-in.o
 .text.do_mmcops
                0x000000004020f770       0xd0 cmd/built-in.o
 .text.init_mmc_device
                0x000000004020f840       0x64 cmd/built-in.o
 .text.do_mmc_rescan
                0x000000004020f8a4       0x28 cmd/built-in.o
 .text.do_mmc_rst_func
                0x000000004020f8cc       0xa8 cmd/built-in.o
 .text.do_mmc_boot_resize
                0x000000004020f974       0xe0 cmd/built-in.o
 .text.do_mmc_bootbus
                0x000000004020fa54       0xc8 cmd/built-in.o
 .text.do_mmc_hwpartition
                0x000000004020fb1c      0x4f0 cmd/built-in.o
 .text.do_mmc_list
                0x000000004021000c       0x1c cmd/built-in.o
 .text.do_mmc_dev
                0x0000000040210028      0x14c cmd/built-in.o
 .text.do_mmc_erase
                0x0000000040210174      0x104 cmd/built-in.o
 .text.do_mmc_write
                0x0000000040210278      0x124 cmd/built-in.o
 .text.do_mmc_read
                0x000000004021039c       0xfc cmd/built-in.o
 .text.do_mmcinfo
                0x0000000040210498      0x3bc cmd/built-in.o
 .text.do_mmc_partconf
                0x0000000040210854      0x110 cmd/built-in.o
 .text.do_mmc_setdsr
                0x0000000040210964       0xbc cmd/built-in.o
 .text.do_mmc_part
                0x0000000040210a20       0x64 cmd/built-in.o
 .text.part_delall
                0x0000000040210a84       0x4c cmd/built-in.o
 .text.memsize_parse
                0x0000000040210ad0       0x70 cmd/built-in.o
 .text.mtd_part_info
                0x0000000040210b40       0xa8 cmd/built-in.o
 .text.env_get_mtdparts
                0x0000000040210be8       0x48 cmd/built-in.o
 .text.memsize_format
                0x0000000040210c30       0x58 cmd/built-in.o
 .text.index_partitions
                0x0000000040210c88       0xc4 cmd/built-in.o
 .text.current_save
                0x0000000040210d4c       0xb0 cmd/built-in.o
 .text.part_sort_add
                0x0000000040210dfc      0x120 cmd/built-in.o
 .text.device_del
                0x0000000040210f1c       0x84 cmd/built-in.o
 .text.generate_mtdparts_save.constprop.8
                0x0000000040210fa0      0x2a4 cmd/built-in.o
 .text.device_delall.constprop.10
                0x0000000040211244       0x6c cmd/built-in.o
 .text.mtd_devices_init
                0x00000000402112b0       0x24 cmd/built-in.o
 .text.get_mtd_info.constprop.11
                0x00000000402112d4       0x94 cmd/built-in.o
 .text.part_validate
                0x0000000040211368      0x294 cmd/built-in.o
 .text.device_find
                0x00000000402115fc       0x4c cmd/built-in.o
                0x00000000402115fc                device_find
 .text.device_parse
                0x0000000040211648      0x450 cmd/built-in.o
 .text.mtd_id_parse
                0x0000000040211a98      0x118 cmd/built-in.o
                0x0000000040211a98                mtd_id_parse
 .text.find_dev_and_part
                0x0000000040211bb0      0x1bc cmd/built-in.o
                0x0000000040211bb0                find_dev_and_part
 .text.mtdparts_init
                0x0000000040211d6c      0x62c cmd/built-in.o
                0x0000000040211d6c                mtdparts_init
 .text.do_chpart
                0x0000000040212398       0xcc cmd/built-in.o
 .text.do_mtdparts
                0x0000000040212464      0x58c cmd/built-in.o
 .text.netboot_common
                0x00000000402129f0      0x270 cmd/built-in.o
 .text.do_bootp
                0x0000000040212c60        0xc cmd/built-in.o
 .text.do_dhcp  0x0000000040212c6c        0xc cmd/built-in.o
 .text.do_nfs   0x0000000040212c78        0xc cmd/built-in.o
 .text.do_tftpb
                0x0000000040212c84       0x58 cmd/built-in.o
                0x0000000040212c84                do_tftpb
 .text.do_ping  0x0000000040212cdc       0x7c cmd/built-in.o
 .text.do_raw_read
                0x0000000040212d58      0x18c cmd/built-in.o
                0x0000000040212d58                do_raw_read
 .text.bytes_per_second
                0x0000000040212ee4       0x4c cmd/built-in.o
 .text.do_spi_flash
                0x0000000040212f30      0x7b4 cmd/built-in.o
 .text.substitute
                0x00000000402136e4      0x118 cmd/built-in.o
 .text.get_arg  0x00000000402137fc       0x68 cmd/built-in.o
 .text.regex_sub.part.1
                0x0000000040213864      0x2c8 cmd/built-in.o
 .text.do_setexpr
                0x0000000040213b2c      0x1a8 cmd/built-in.o
 .text.do_false
                0x0000000040213cd4        0x8 cmd/built-in.o
 .text.do_true  0x0000000040213cdc        0x8 cmd/built-in.o
 .text.do_test  0x0000000040213ce4      0x358 cmd/built-in.o
 .text.do_unzip
                0x000000004021403c       0xbc cmd/built-in.o
 .text.do_gzwrite
                0x00000000402140f8      0x118 cmd/built-in.o
 .text.do_lzmadec
                0x0000000040214210       0xbc cmd/built-in.o
 .text.usb_get_class_desc
                0x00000000402142cc       0xc0 cmd/built-in.o
 .text.usb_display_class_sub
                0x000000004021438c      0x18c cmd/built-in.o
 .text.usb_display_desc
                0x0000000040214518      0x144 cmd/built-in.o
 .text.usb_show_tree_graph
                0x000000004021465c      0x234 cmd/built-in.o
 .text.usb_show_subtree
                0x0000000040214890       0x38 cmd/built-in.o
 .text.usb_for_each_root_dev
                0x00000000402148c8       0x68 cmd/built-in.o
 .text.usb_display_string
                0x0000000040214930       0x4c cmd/built-in.o
 .text.usb_display_config
                0x000000004021497c      0x268 cmd/built-in.o
 .text.usb_show_info
                0x0000000040214be4       0x78 cmd/built-in.o
 .text.usb_find_device
                0x0000000040214c5c       0xb0 cmd/built-in.o
 .text.do_usbboot
                0x0000000040214d0c        0xc cmd/built-in.o
 .text.do_usb_start
                0x0000000040214d18       0x30 cmd/built-in.o
 .text.usb_show_tree
                0x0000000040214d48        0xc cmd/built-in.o
                0x0000000040214d48                usb_show_tree
 .text.do_usb   0x0000000040214d54      0x400 cmd/built-in.o
 .text.common_diskboot
                0x0000000040215154      0x2a4 cmd/built-in.o
                0x0000000040215154                common_diskboot
 .text.do_fastboot
                0x00000000402153f8       0xc4 cmd/built-in.o
 .text.ums_fini
                0x00000000402154bc       0x70 cmd/built-in.o
 .text.ums_write_sector
                0x000000004021552c       0x20 cmd/built-in.o
 .text.ums_read_sector
                0x000000004021554c       0x20 cmd/built-in.o
 .text.do_usb_mass_storage
                0x000000004021556c      0x354 cmd/built-in.o
 .text.do_imgextract
                0x00000000402158c0      0x3b4 cmd/built-in.o
 .text.do_pmic  0x0000000040215c74       0x7c cmd/built-in.o
 .text.do_list  0x0000000040215cf0      0x188 cmd/built-in.o
 .text.do_dump  0x0000000040215e78       0xfc cmd/built-in.o
 .text.do_write
                0x0000000040215f74       0xe8 cmd/built-in.o
 .text.do_read  0x000000004021605c       0xe0 cmd/built-in.o
 .text.do_dev   0x000000004021613c      0x168 cmd/built-in.o
 .text.do_regulator
                0x00000000402162a4       0x7c cmd/built-in.o
 .text.failure  0x0000000040216320       0x28 cmd/built-in.o
 .text.constraint
                0x0000000040216348       0x84 cmd/built-in.o
 .text.curr_dev_and_platdata
                0x00000000402163cc       0x9c cmd/built-in.o
 .text.do_disable
                0x0000000040216468       0x68 cmd/built-in.o
 .text.do_enable
                0x00000000402164d0       0x68 cmd/built-in.o
 .text.do_mode  0x0000000040216538       0xd0 cmd/built-in.o
 .text.do_current
                0x0000000040216608      0x104 cmd/built-in.o
 .text.do_value
                0x000000004021670c      0x144 cmd/built-in.o
 .text.do_info  0x0000000040216850      0x1d4 cmd/built-in.o
 .text.do_status
                0x0000000040216a24      0x2b4 cmd/built-in.o
 .text.do_env_delete
                0x0000000040216cd8       0xc0 cmd/built-in.o
 .text.do_env_exists
                0x0000000040216d98       0x60 cmd/built-in.o
 .text.do_env_save
                0x0000000040216df8       0x1c cmd/built-in.o
 .text.do_env   0x0000000040216e14       0x80 cmd/built-in.o
 .text.env_print
                0x0000000040216e94       0xc0 cmd/built-in.o
 .text.do_env_print
                0x0000000040216f54       0xe0 cmd/built-in.o
 .text.do_env_default
                0x0000000040217034       0x90 cmd/built-in.o
 .text._do_env_set.isra.0
                0x00000000402170c4      0x1bc cmd/built-in.o
 .text.do_env_set
                0x0000000040217280       0x20 cmd/built-in.o
 .text.get_env_id
                0x00000000402172a0        0xc cmd/built-in.o
                0x00000000402172a0                get_env_id
 .text.env_set  0x00000000402172ac       0x58 cmd/built-in.o
                0x00000000402172ac                env_set
 .text.env_set_ulong
                0x0000000040217304       0x2c cmd/built-in.o
                0x0000000040217304                env_set_ulong
 .text.env_set_hex
                0x0000000040217330       0x3c cmd/built-in.o
                0x0000000040217330                env_set_hex
 .text.envmatch
                0x000000004021736c       0x7c cmd/built-in.o
                0x000000004021736c                envmatch
 .text.env_get_f
                0x00000000402173e8      0x100 cmd/built-in.o
                0x00000000402173e8                env_get_f
 .text.env_get  0x00000000402174e8       0x78 cmd/built-in.o
                0x00000000402174e8                env_get
 .text.env_get_hex
                0x0000000040217560       0x48 cmd/built-in.o
                0x0000000040217560                env_get_hex
 .text.env_get_ulong
                0x00000000402175a8       0x40 cmd/built-in.o
                0x00000000402175a8                env_get_ulong
 .text.do_env_edit.part.3
                0x00000000402175e8       0xb4 cmd/built-in.o
 .text.do_env_edit
                0x000000004021769c       0x28 cmd/built-in.o
 .text.board_init_f_alloc_reserve
                0x00000000402176c4       0x10 common/built-in.o
                0x00000000402176c4                board_init_f_alloc_reserve
 .text.board_init_f_init_reserve
                0x00000000402176d4       0x30 common/built-in.o
                0x00000000402176d4                board_init_f_init_reserve
 .text.show_boot_progress
                0x0000000040217704        0x8 common/built-in.o
                0x0000000040217704                show_boot_progress
 .text.main_loop
                0x000000004021770c       0x50 common/built-in.o
                0x000000004021770c                main_loop
 .text.mdelay   0x000000004021775c       0x34 common/built-in.o
 .text.dummy    0x0000000040217790        0x4 common/built-in.o
 .text.get_version
                0x0000000040217794        0x8 common/built-in.o
                0x0000000040217794                get_version
 .text.jumptable_init
                0x000000004021779c      0x1f0 common/built-in.o
                0x000000004021779c                jumptable_init
 .text.b_reset  0x000000004021798c       0x18 common/built-in.o
 .text.static_get
                0x00000000402179a4       0x1c common/built-in.o
 .text.static_peek
                0x00000000402179c0        0xc common/built-in.o
 .text.mapset   0x00000000402179cc       0x20 common/built-in.o
 .text.syntax_err
                0x00000000402179ec        0xc common/built-in.o
 .text.free_pipe_list
                0x00000000402179f8       0xf0 common/built-in.o
 .text.xmalloc  0x0000000040217ae8       0x28 common/built-in.o
 .text.new_pipe
                0x0000000040217b10       0x24 common/built-in.o
 .text.xrealloc
                0x0000000040217b34       0x28 common/built-in.o
 .text.done_command
                0x0000000040217b5c       0x94 common/built-in.o
 .text.done_pipe
                0x0000000040217bf0       0x50 common/built-in.o
 .text.done_word
                0x0000000040217c40      0x298 common/built-in.o
 .text.is_assignment
                0x0000000040217ed8       0x4c common/built-in.o
 .text.file_get
                0x0000000040217f24      0x1f8 common/built-in.o
 .text.do_showvar
                0x000000004021811c      0x108 common/built-in.o
 .text.b_addchr
                0x0000000040218224       0x94 common/built-in.o
 .text.b_addqchr
                0x00000000402182b8       0x58 common/built-in.o
 .text.file_peek
                0x0000000040218310        0xc common/built-in.o
 .text.get_local_var
                0x000000004021831c       0x9c common/built-in.o
                0x000000004021831c                get_local_var
 .text.set_local_var
                0x00000000402183b8      0x1a4 common/built-in.o
                0x00000000402183b8                set_local_var
 .text.insert_var_value_sub
                0x000000004021855c      0x2c0 common/built-in.o
 .text.parse_string_outer
                0x000000004021881c       0xec common/built-in.o
                0x000000004021881c                parse_string_outer
 .text.run_list_real
                0x0000000040218908      0x724 common/built-in.o
 .text.parse_stream_outer
                0x000000004021902c      0x67c common/built-in.o
 .text.parse_file_outer
                0x00000000402196a8       0x40 common/built-in.o
                0x00000000402196a8                parse_file_outer
 .text.u_boot_hush_start
                0x00000000402196e8       0x58 common/built-in.o
                0x00000000402196e8                u_boot_hush_start
 .text.bootdelay_process
                0x0000000040219740      0x2b0 common/built-in.o
                0x0000000040219740                bootdelay_process
 .text.autoboot_command
                0x00000000402199f0      0x114 common/built-in.o
                0x00000000402199f0                autoboot_command
 .text.log_init
                0x0000000040219b04       0x10 common/built-in.o
 .text.display_text_info
                0x0000000040219b14        0x8 common/built-in.o
 .text.setup_mon_len
                0x0000000040219b1c       0x20 common/built-in.o
 .text.reserve_round_4k
                0x0000000040219b3c       0x14 common/built-in.o
 .text.reserve_uboot
                0x0000000040219b50       0x2c common/built-in.o
 .text.reserve_malloc
                0x0000000040219b7c       0x1c common/built-in.o
 .text.reserve_global_data
                0x0000000040219b98       0x1c common/built-in.o
 .text.reserve_fdt
                0x0000000040219bb4       0x48 common/built-in.o
 .text.reserve_mmu
                0x0000000040219bfc       0x4c common/built-in.o
                0x0000000040219bfc                reserve_mmu
 .text.setup_reloc
                0x0000000040219c48       0x48 common/built-in.o
 .text.reloc_fdt
                0x0000000040219c90       0x44 common/built-in.o
 .text.reserve_board
                0x0000000040219cd4       0x48 common/built-in.o
 .text.announce_dram_init
                0x0000000040219d1c       0x20 common/built-in.o
 .text.init_baud_rate
                0x0000000040219d3c       0x30 common/built-in.o
 .text.initf_dm
                0x0000000040219d6c        0x8 common/built-in.o
 .text.initf_bootstage
                0x0000000040219d74       0x1c common/built-in.o
 .text.arch_cpu_init_dm
                0x0000000040219d90        0x8 common/built-in.o
                0x0000000040219d90                arch_cpu_init_dm
 .text.mach_cpu_init
                0x0000000040219d98        0x8 common/built-in.o
                0x0000000040219d98                mach_cpu_init
 .text.reserve_video
                0x0000000040219da0        0x8 common/built-in.o
 .text.reserve_trace
                0x0000000040219da8        0x8 common/built-in.o
 .text.setup_machine
                0x0000000040219db0        0x8 common/built-in.o
 .text.reserve_bootstage
                0x0000000040219db8        0x8 common/built-in.o
 .text.display_new_sp
                0x0000000040219dc0        0x8 common/built-in.o
 .text.reloc_bootstage
                0x0000000040219dc8        0x8 common/built-in.o
 .text.initf_console_record
                0x0000000040219dd0        0x8 common/built-in.o
 .text.reserve_arch
                0x0000000040219dd8        0x8 common/built-in.o
                0x0000000040219dd8                reserve_arch
 .text.board_add_ram_info
                0x0000000040219de0        0x4 common/built-in.o
                0x0000000040219de0                board_add_ram_info
 .text.show_dram_config
                0x0000000040219de4       0x44 common/built-in.o
 .text.board_get_usable_ram_top
                0x0000000040219e28       0x20 common/built-in.o
                0x0000000040219e28                board_get_usable_ram_top
 .text.setup_dest_addr
                0x0000000040219e48       0x4c common/built-in.o
 .text.reserve_stacks
                0x0000000040219e94       0x1c common/built-in.o
 .text.board_init_f
                0x0000000040219eb0       0x2c common/built-in.o
                0x0000000040219eb0                board_init_f
 .text.initr_trace
                0x0000000040219edc        0x8 common/built-in.o
 .text.initr_reloc
                0x0000000040219ee4       0x18 common/built-in.o
 .text.run_main_loop
                0x0000000040219efc       0x10 common/built-in.o
 .text.initr_check_fastboot
                0x0000000040219f0c       0x18 common/built-in.o
 .text.initr_net
                0x0000000040219f24       0x24 common/built-in.o
 .text.initr_fastboot_setup
                0x0000000040219f48       0x18 common/built-in.o
 .text.initr_ethaddr
                0x0000000040219f60       0x28 common/built-in.o
 .text.initr_enable_interrupts
                0x0000000040219f88       0x18 common/built-in.o
 .text.initr_jumptable
                0x0000000040219fa0       0x18 common/built-in.o
 .text.initr_env
                0x0000000040219fb8       0x70 common/built-in.o
 .text.initr_mmc
                0x000000004021a028       0x28 common/built-in.o
 .text.initr_serial
                0x000000004021a050       0x18 common/built-in.o
 .text.initr_dm
                0x000000004021a068       0x14 common/built-in.o
 .text.initr_bootstage
                0x000000004021a07c       0x1c common/built-in.o
 .text.initr_malloc
                0x000000004021a098       0x2c common/built-in.o
 .text.initr_reloc_global_data
                0x000000004021a0c4       0x3c common/built-in.o
 .text.initr_caches
                0x000000004021a100       0x18 common/built-in.o
 .text.bootstage_relocate
                0x000000004021a118        0x8 common/built-in.o
 .text.initr_barrier
                0x000000004021a120        0x8 common/built-in.o
 .text.initr_console_record
                0x000000004021a128        0x8 common/built-in.o
 .text.power_init_board
                0x000000004021a130        0x8 common/built-in.o
                0x000000004021a130                power_init_board
 .text.initr_announce
                0x000000004021a138        0x8 common/built-in.o
 .text.cpu_secondary_init_r
                0x000000004021a140        0x4 common/built-in.o
                0x000000004021a140                cpu_secondary_init_r
 .text.initr_secondary_cpu
                0x000000004021a144       0x18 common/built-in.o
 .text.board_init_r
                0x000000004021a15c       0x24 common/built-in.o
                0x000000004021a15c                board_init_r
 .text.checkboard
                0x000000004021a180        0x8 common/built-in.o
                0x000000004021a180                checkboard
 .text.show_board_info
                0x000000004021a188       0x3c common/built-in.o
                0x000000004021a188                show_board_info
 .text.bootm_find_images
                0x000000004021a1c4       0xcc common/built-in.o
                0x000000004021a1c4                bootm_find_images
 .text.bootm_decomp_image
                0x000000004021a290      0x1a8 common/built-in.o
                0x000000004021a290                bootm_decomp_image
 .text.bootm_disable_interrupts
                0x000000004021a438       0x28 common/built-in.o
                0x000000004021a438                bootm_disable_interrupts
 .text.do_bootm_states
                0x000000004021a460      0x8ac common/built-in.o
                0x000000004021a460                do_bootm_states
 .text.do_bootm_rtems
                0x000000004021ad0c       0x60 common/built-in.o
 .text.do_bootm_standalone
                0x000000004021ad6c       0x74 common/built-in.o
 .text.do_bootm_qnxelf
                0x000000004021ade0       0x8c common/built-in.o
 .text.do_bootm_plan9
                0x000000004021ae6c      0x104 common/built-in.o
 .text.do_bootvx_fdt
                0x000000004021af70      0x118 common/built-in.o
                0x000000004021af70                do_bootvx_fdt
 .text.do_bootm_vxworks
                0x000000004021b088       0x3c common/built-in.o
 .text.boot_selected_os
                0x000000004021b0c4       0x78 common/built-in.o
                0x000000004021b0c4                boot_selected_os
 .text.bootm_os_get_boot_func
                0x000000004021b13c       0x10 common/built-in.o
                0x000000004021b13c                bootm_os_get_boot_func
 .text.of_bus_default_map
                0x000000004021b14c       0xa8 common/built-in.o
 .text.of_bus_default_translate
                0x000000004021b1f4       0xb8 common/built-in.o
 .text.fdt_support_default_count_cells
                0x000000004021b2ac       0x70 common/built-in.o
                0x000000004021b2ac                fdt_support_default_count_cells
 .text.fdt_find_and_setprop
                0x000000004021b31c       0x94 common/built-in.o
                0x000000004021b31c                fdt_find_and_setprop
 .text.fdt_find_or_add_subnode
                0x000000004021b3b0       0x74 common/built-in.o
                0x000000004021b3b0                fdt_find_or_add_subnode
 .text.fdt_root
                0x000000004021b424       0x98 common/built-in.o
                0x000000004021b424                fdt_root
 .text.fdt_initrd
                0x000000004021b4bc      0x1b8 common/built-in.o
                0x000000004021b4bc                fdt_initrd
 .text.fdt_chosen
                0x000000004021b674       0xbc common/built-in.o
                0x000000004021b674                fdt_chosen
 .text.do_fixup_by_path
                0x000000004021b730       0x4c common/built-in.o
                0x000000004021b730                do_fixup_by_path
 .text.fdt_fixup_memory_banks
                0x000000004021b77c      0x250 common/built-in.o
                0x000000004021b77c                fdt_fixup_memory_banks
 .text.fdt_fixup_memory
                0x000000004021b9cc       0x2c common/built-in.o
                0x000000004021b9cc                fdt_fixup_memory
 .text.fdt_fixup_ethernet
                0x000000004021b9f8      0x1a8 common/built-in.o
                0x000000004021b9f8                fdt_fixup_ethernet
 .text.fdt_shrink_to_minimum
                0x000000004021bba0       0xc8 common/built-in.o
                0x000000004021bba0                fdt_shrink_to_minimum
 .text.fdt_increase_size
                0x000000004021bc68       0x14 common/built-in.o
                0x000000004021bc68                fdt_increase_size
 .text.fdt_translate_address
                0x000000004021bc7c      0x290 common/built-in.o
                0x000000004021bc7c                fdt_translate_address
 .text.fdt_overlay_apply_verbose
                0x000000004021bf0c       0x80 common/built-in.o
                0x000000004021bf0c                fdt_overlay_apply_verbose
 .text.miiphy_get_dev_by_name
                0x000000004021bf8c       0x68 common/built-in.o
                0x000000004021bf8c                miiphy_get_dev_by_name
 .text.miiphy_init
                0x000000004021bff4       0x1c common/built-in.o
                0x000000004021bff4                miiphy_init
 .text.mdio_alloc
                0x000000004021c010       0x3c common/built-in.o
                0x000000004021c010                mdio_alloc
 .text.mdio_free
                0x000000004021c04c        0x4 common/built-in.o
                0x000000004021c04c                mdio_free
 .text.mdio_register
                0x000000004021c050       0x8c common/built-in.o
                0x000000004021c050                mdio_register
 .text.mdio_unregister
                0x000000004021c0dc       0x30 common/built-in.o
                0x000000004021c0dc                mdio_unregister
 .text.mdio_list_devices
                0x000000004021c10c       0xc8 common/built-in.o
                0x000000004021c10c                mdio_list_devices
 .text.miiphy_set_current_dev
                0x000000004021c1d4       0x48 common/built-in.o
                0x000000004021c1d4                miiphy_set_current_dev
 .text.miiphy_get_active_dev
                0x000000004021c21c       0x60 common/built-in.o
 .text.mdio_get_current_dev
                0x000000004021c27c        0xc common/built-in.o
                0x000000004021c27c                mdio_get_current_dev
 .text.mdio_phydev_for_ethname
                0x000000004021c288       0xa0 common/built-in.o
                0x000000004021c288                mdio_phydev_for_ethname
 .text.miiphy_get_current_dev
                0x000000004021c328       0x18 common/built-in.o
                0x000000004021c328                miiphy_get_current_dev
 .text.miiphy_read
                0x000000004021c340       0x5c common/built-in.o
                0x000000004021c340                miiphy_read
 .text.miiphy_write
                0x000000004021c39c       0x5c common/built-in.o
                0x000000004021c39c                miiphy_write
 .text.miiphy_listdev
                0x000000004021c3f8       0x90 common/built-in.o
                0x000000004021c3f8                miiphy_listdev
 .text.miiphy_info
                0x000000004021c488       0xa0 common/built-in.o
                0x000000004021c488                miiphy_info
 .text.miiphy_is_1000base_x
                0x000000004021c528       0x40 common/built-in.o
                0x000000004021c528                miiphy_is_1000base_x
 .text.miiphy_speed
                0x000000004021c568      0x11c common/built-in.o
                0x000000004021c568                miiphy_speed
 .text.miiphy_duplex
                0x000000004021c684      0x140 common/built-in.o
                0x000000004021c684                miiphy_duplex
 .text.usb_set_maxpacket_ep
                0x000000004021c7c4       0x84 common/built-in.o
 .text.usb_control_msg
                0x000000004021c848       0xa0 common/built-in.o
                0x000000004021c848                usb_control_msg
 .text.usb_get_descriptor
                0x000000004021c8e8       0x5c common/built-in.o
 .text.get_descriptor_len
                0x000000004021c944       0xa4 common/built-in.o
 .text.usb_setup_descriptor
                0x000000004021c9e8       0xec common/built-in.o
 .text.usb_get_string
                0x000000004021cad4       0xa4 common/built-in.o
 .text.usb_string_sub
                0x000000004021cb78      0x114 common/built-in.o
 .text.usb_bulk_msg
                0x000000004021cc8c       0x7c common/built-in.o
                0x000000004021cc8c                usb_bulk_msg
 .text.usb_maxpacket
                0x000000004021cd08       0x1c common/built-in.o
                0x000000004021cd08                usb_maxpacket
 .text.usb_clear_halt
                0x000000004021cd24       0xa0 common/built-in.o
                0x000000004021cd24                usb_clear_halt
 .text.usb_get_configuration_len
                0x000000004021cdc4       0x78 common/built-in.o
                0x000000004021cdc4                usb_get_configuration_len
 .text.usb_get_configuration_no
                0x000000004021ce3c       0x40 common/built-in.o
                0x000000004021ce3c                usb_get_configuration_no
 .text.usb_set_interface
                0x000000004021ce7c       0xbc common/built-in.o
                0x000000004021ce7c                usb_set_interface
 .text.usb_set_protocol
                0x000000004021cf38       0x4c common/built-in.o
                0x000000004021cf38                usb_set_protocol
 .text.usb_set_idle
                0x000000004021cf84       0x4c common/built-in.o
                0x000000004021cf84                usb_set_idle
 .text.usb_get_report
                0x000000004021cfd0       0x5c common/built-in.o
                0x000000004021cfd0                usb_get_report
 .text.usb_string
                0x000000004021d02c      0x110 common/built-in.o
                0x000000004021d02c                usb_string
 .text.usb_select_config
                0x000000004021d13c      0x4b4 common/built-in.o
                0x000000004021d13c                usb_select_config
 .text.usb_setup_device
                0x000000004021d5f0      0x124 common/built-in.o
                0x000000004021d5f0                usb_setup_device
 .text.usb_device_has_child_on_port
                0x000000004021d714        0x8 common/built-in.o
                0x000000004021d714                usb_device_has_child_on_port
 .text.usb_set_port_feature
                0x000000004021d71c       0x4c common/built-in.o
 .text.usb_clear_port_feature
                0x000000004021d768       0x4c common/built-in.o
 .text.usb_get_hub_descriptor
                0x000000004021d7b4       0x64 common/built-in.o
 .text.usb_hub_reset_devices
                0x000000004021d818        0x4 common/built-in.o
                0x000000004021d818                usb_hub_reset_devices
 .text.usb_hub_is_root_hub
                0x000000004021d81c       0x20 common/built-in.o
                0x000000004021d81c                usb_hub_is_root_hub
 .text.usb_get_port_status
                0x000000004021d83c       0xc8 common/built-in.o
                0x000000004021d83c                usb_get_port_status
 .text.usb_hub_port_connect_change
                0x000000004021d904      0x184 common/built-in.o
                0x000000004021d904                usb_hub_port_connect_change
 .text.usb_hub_configure
                0x000000004021da88      0x59c common/built-in.o
 .text.usb_hub_scan
                0x000000004021e024       0x14 common/built-in.o
                0x000000004021e024                usb_hub_scan
 .text.usb_hub_post_probe
                0x000000004021e038        0x4 common/built-in.o
 .text.usb_stor_irq
                0x000000004021e03c       0x18 common/built-in.o
 .text.usb_stor_BBB_reset
                0x000000004021e054      0x110 common/built-in.o
 .text.usb_stor_CB_reset
                0x000000004021e164       0xe0 common/built-in.o
 .text.usb_stor_BBB_clear_endpt_stall.isra.0
                0x000000004021e244       0x4c common/built-in.o
 .text.usb_stor_BBB_transport
                0x000000004021e290      0x264 common/built-in.o
 .text.usb_stor_CB_comdat
                0x000000004021e4f4      0x1ec common/built-in.o
 .text.usb_stor_CBI_get_status.isra.2
                0x000000004021e6e0       0xdc common/built-in.o
 .text.usb_stor_CB_transport
                0x000000004021e7bc      0x1fc common/built-in.o
 .text.usb_request_sense.constprop.11
                0x000000004021e9b8       0x8c common/built-in.o
 .text.usb_stor_read
                0x000000004021ea44      0x17c common/built-in.o
 .text.usb_stor_write
                0x000000004021ebc0      0x17c common/built-in.o
 .text.usb_stor_info
                0x000000004021ed3c       0x88 common/built-in.o
                0x000000004021ed3c                usb_stor_info
 .text.usb_stor_reset
                0x000000004021edc4        0xc common/built-in.o
                0x000000004021edc4                usb_stor_reset
 .text.usb_stor_scan
                0x000000004021edd0       0x4c common/built-in.o
                0x000000004021edd0                usb_stor_scan
 .text.usb_storage_probe
                0x000000004021ee1c      0x27c common/built-in.o
                0x000000004021ee1c                usb_storage_probe
 .text.usb_stor_get_info
                0x000000004021f098      0x2f8 common/built-in.o
                0x000000004021f098                usb_stor_get_info
 .text.usb_mass_storage_probe
                0x000000004021f390      0x1a0 common/built-in.o
 .text.iomux_doenv
                0x000000004021f530      0x1cc common/built-in.o
                0x000000004021f530                iomux_doenv
 .text.splash_screen_prepare
                0x000000004021f6fc        0x8 common/built-in.o
                0x000000004021f6fc                splash_screen_prepare
 .text.splash_get_pos
                0x000000004021f704       0x98 common/built-in.o
                0x000000004021f704                splash_get_pos
 .text.menu_default_choice
                0x000000004021f79c       0x20 common/built-in.o
                0x000000004021f79c                menu_default_choice
 .text.menu_default_set
                0x000000004021f7bc       0x94 common/built-in.o
                0x000000004021f7bc                menu_default_set
 .text.menu_get_choice
                0x000000004021f850      0x1ec common/built-in.o
                0x000000004021f850                menu_get_choice
 .text.menu_item_add
                0x000000004021fa3c       0xd8 common/built-in.o
                0x000000004021fa3c                menu_item_add
 .text.menu_create
                0x000000004021fb14       0xa4 common/built-in.o
                0x000000004021fb14                menu_create
 .text.menu_destroy
                0x000000004021fbb8       0x80 common/built-in.o
                0x000000004021fbb8                menu_destroy
 .text.usb_kbd_remove
                0x000000004021fc38       0xa4 common/built-in.o
 .text.usb_kbd_translate.part.0
                0x000000004021fcdc      0x15c common/built-in.o
 .text.usb_kbd_probe
                0x000000004021fe38      0x1e0 common/built-in.o
 .text.usb_kbd_irq_worker
                0x0000000040220018      0x1bc common/built-in.o
 .text.usb_kbd_getc
                0x00000000402201d4       0xc0 common/built-in.o
 .text.usb_kbd_testc
                0x0000000040220294       0xcc common/built-in.o
 .text.usb_kbd_irq
                0x0000000040220360       0x20 common/built-in.o
 .text.delete_char.part.0
                0x0000000040220380       0xfc common/built-in.o
 .text.cread_add_char
                0x000000004022047c      0x100 common/built-in.o
 .text.cli_readline_into_buffer
                0x000000004022057c      0x928 common/built-in.o
                0x000000004022057c                cli_readline_into_buffer
 .text.cli_readline
                0x0000000040220ea4       0x14 common/built-in.o
                0x0000000040220ea4                cli_readline
 .text.console_tstc
                0x0000000040220eb8       0x98 common/built-in.o
 .text.console_putc
                0x0000000040220f50       0x70 common/built-in.o
 .text.console_puts
                0x0000000040220fc0       0x70 common/built-in.o
 .text.on_console
                0x0000000040221030       0xc4 common/built-in.o
 .text.serial_printf
                0x00000000402210f4       0xb8 common/built-in.o
                0x00000000402210f4                serial_printf
 .text.puts     0x00000000402211ac       0x24 common/built-in.o
                0x00000000402211ac                puts
 .text.putc     0x00000000402211d0       0x28 common/built-in.o
                0x00000000402211d0                putc
 .text.console_getc.isra.0
                0x00000000402211f8       0x30 common/built-in.o
 .text.getc     0x0000000040221228       0x4c common/built-in.o
                0x0000000040221228                getc
 .text.tstc     0x0000000040221274       0x24 common/built-in.o
                0x0000000040221274                tstc
 .text.fputs    0x0000000040221298       0x10 common/built-in.o
                0x0000000040221298                fputs
 .text.ctrlc    0x00000000402212a8       0x58 common/built-in.o
                0x00000000402212a8                ctrlc
 .text.confirm_yesno
                0x0000000040221300       0xd4 common/built-in.o
                0x0000000040221300                confirm_yesno
 .text.disable_ctrlc
                0x00000000402213d4       0x14 common/built-in.o
                0x00000000402213d4                disable_ctrlc
 .text.had_ctrlc
                0x00000000402213e8        0xc common/built-in.o
                0x00000000402213e8                had_ctrlc
 .text.clear_ctrlc
                0x00000000402213f4        0xc common/built-in.o
                0x00000000402213f4                clear_ctrlc
 .text.search_device
                0x0000000040221400       0x34 common/built-in.o
                0x0000000040221400                search_device
 .text.console_assign
                0x0000000040221434       0xdc common/built-in.o
                0x0000000040221434                console_assign
 .text.console_init_f
                0x0000000040221510       0x10 common/built-in.o
                0x0000000040221510                console_init_f
 .text.stdio_print_current_devices
                0x0000000040221520       0xc0 common/built-in.o
                0x0000000040221520                stdio_print_current_devices
 .text.console_init_r
                0x00000000402215e0      0x1bc common/built-in.o
                0x00000000402215e0                console_init_r
 .text.sbrk     0x000000004022179c       0x74 common/built-in.o
                0x000000004022179c                sbrk
 .text.mem_malloc_init
                0x0000000040221810       0x28 common/built-in.o
                0x0000000040221810                mem_malloc_init
 .text.malloc_trim
                0x0000000040221838       0xd8 common/built-in.o
                0x0000000040221838                malloc_trim
 .text.free     0x0000000040221910      0x22c common/built-in.o
                0x0000000040221910                free
 .text.malloc   0x0000000040221b3c      0x654 common/built-in.o
                0x0000000040221b3c                malloc
 .text.calloc   0x0000000040222190      0x10c common/built-in.o
                0x0000000040222190                calloc
 .text.realloc  0x000000004022229c      0x468 common/built-in.o
                0x000000004022229c                realloc
 .text.memalign
                0x0000000040222704      0x194 common/built-in.o
                0x0000000040222704                memalign
 .text.initf_malloc
                0x0000000040222898       0x18 common/built-in.o
                0x0000000040222898                initf_malloc
 .text.malloc_simple
                0x00000000402228b0       0x38 common/built-in.o
                0x00000000402228b0                malloc_simple
 .text.on_loadaddr
                0x00000000402228e8       0x40 common/built-in.o
 .text.image_check_hcrc
                0x0000000040222928       0x50 common/built-in.o
                0x0000000040222928                image_check_hcrc
 .text.image_check_dcrc
                0x0000000040222978       0x44 common/built-in.o
                0x0000000040222978                image_check_dcrc
 .text.image_multi_count
                0x00000000402229bc       0x20 common/built-in.o
                0x00000000402229bc                image_multi_count
 .text.image_multi_getimg
                0x00000000402229dc       0x88 common/built-in.o
                0x00000000402229dc                image_multi_getimg
 .text.env_get_bootm_low
                0x0000000040222a64       0x34 common/built-in.o
                0x0000000040222a64                env_get_bootm_low
 .text.env_get_bootm_size
                0x0000000040222a98       0x78 common/built-in.o
                0x0000000040222a98                env_get_bootm_size
 .text.env_get_bootm_mapsize
                0x0000000040222b10       0x30 common/built-in.o
                0x0000000040222b10                env_get_bootm_mapsize
 .text.memmove_wd
                0x0000000040222b40       0x10 common/built-in.o
                0x0000000040222b40                memmove_wd
 .text.genimg_print_size
                0x0000000040222b50       0x38 common/built-in.o
                0x0000000040222b50                genimg_print_size
 .text.get_table_entry
                0x0000000040222b88       0x20 common/built-in.o
                0x0000000040222b88                get_table_entry
 .text.get_table_entry_name
                0x0000000040222ba8       0x28 common/built-in.o
                0x0000000040222ba8                get_table_entry_name
 .text.genimg_get_os_name
                0x0000000040222bd0       0x18 common/built-in.o
                0x0000000040222bd0                genimg_get_os_name
 .text.genimg_get_arch_name
                0x0000000040222be8       0x18 common/built-in.o
                0x0000000040222be8                genimg_get_arch_name
 .text.genimg_get_type_name
                0x0000000040222c00       0x18 common/built-in.o
                0x0000000040222c00                genimg_get_type_name
 .text.genimg_get_comp_name
                0x0000000040222c18       0x18 common/built-in.o
                0x0000000040222c18                genimg_get_comp_name
 .text.image_print_contents
                0x0000000040222c30      0x1b8 common/built-in.o
                0x0000000040222c30                image_print_contents
 .text.get_table_entry_id
                0x0000000040222de8       0x50 common/built-in.o
                0x0000000040222de8                get_table_entry_id
 .text.genimg_get_os_id
                0x0000000040222e38       0x18 common/built-in.o
                0x0000000040222e38                genimg_get_os_id
 .text.genimg_get_arch_id
                0x0000000040222e50       0x18 common/built-in.o
                0x0000000040222e50                genimg_get_arch_id
 .text.genimg_get_type_id
                0x0000000040222e68       0x18 common/built-in.o
                0x0000000040222e68                genimg_get_type_id
 .text.genimg_get_comp_id
                0x0000000040222e80       0x18 common/built-in.o
                0x0000000040222e80                genimg_get_comp_id
 .text.genimg_get_kernel_addr_fit
                0x0000000040222e98       0x7c common/built-in.o
                0x0000000040222e98                genimg_get_kernel_addr_fit
 .text.genimg_get_format
                0x0000000040222f14       0x5c common/built-in.o
                0x0000000040222f14                genimg_get_format
 .text.genimg_has_config
                0x0000000040222f70       0x10 common/built-in.o
                0x0000000040222f70                genimg_has_config
 .text.boot_get_ramdisk
                0x0000000040222f80      0x370 common/built-in.o
                0x0000000040222f80                boot_get_ramdisk
 .text.boot_ramdisk_high
                0x00000000402232f0      0x138 common/built-in.o
                0x00000000402232f0                boot_ramdisk_high
 .text.boot_get_setup
                0x0000000040223428        0x4 common/built-in.o
                0x0000000040223428                boot_get_setup
 .text.boot_get_loadable
                0x000000004022342c      0x190 common/built-in.o
                0x000000004022342c                boot_get_loadable
 .text.image_setup_linux
                0x00000000402235bc       0x6c common/built-in.o
                0x00000000402235bc                image_setup_linux
 .text.android_image_get_kernel
                0x0000000040223628      0x5d0 common/built-in.o
                0x0000000040223628                android_image_get_kernel
 .text.android_image_check_header
                0x0000000040223bf8       0x14 common/built-in.o
                0x0000000040223bf8                android_image_check_header
 .text.android_image_get_end
                0x0000000040223c0c       0xac common/built-in.o
                0x0000000040223c0c                android_image_get_end
 .text.android_image_get_kload
                0x0000000040223cb8       0x58 common/built-in.o
                0x0000000040223cb8                android_image_get_kload
 .text.android_image_get_ramdisk
                0x0000000040223d10      0x104 common/built-in.o
                0x0000000040223d10                android_image_get_ramdisk
 .text.android_image_get_second
                0x0000000040223e14      0x104 common/built-in.o
                0x0000000040223e14                android_image_get_second
 .text.android_print_contents
                0x0000000040223f18      0x210 common/built-in.o
                0x0000000040223f18                android_print_contents
 .text.fdt_error
                0x0000000040224128       0x38 common/built-in.o
 .text.boot_fdt_add_mem_rsv_regions
                0x0000000040224160       0x94 common/built-in.o
                0x0000000040224160                boot_fdt_add_mem_rsv_regions
 .text.boot_relocate_fdt
                0x00000000402241f4      0x1b8 common/built-in.o
                0x00000000402241f4                boot_relocate_fdt
 .text.boot_get_fdt
                0x00000000402243ac      0x3b0 common/built-in.o
                0x00000000402243ac                boot_get_fdt
 .text.ft_verify_fdt
                0x000000004022475c        0x8 common/built-in.o
                0x000000004022475c                ft_verify_fdt
 .text.image_setup_libfdt
                0x0000000040224764      0x16c common/built-in.o
                0x0000000040224764                image_setup_libfdt
 .text.fit_image_get_address
                0x00000000402248d0       0x84 common/built-in.o
 .text.fit_parse_conf
                0x0000000040224954       0x78 common/built-in.o
                0x0000000040224954                fit_parse_conf
 .text.fit_parse_subimage
                0x00000000402249cc       0x78 common/built-in.o
                0x00000000402249cc                fit_parse_subimage
 .text.fit_get_desc
                0x0000000040224a44       0x38 common/built-in.o
                0x0000000040224a44                fit_get_desc
 .text.fit_image_get_node
                0x0000000040224a7c       0x48 common/built-in.o
                0x0000000040224a7c                fit_image_get_node
 .text.fit_image_get_os
                0x0000000040224ac4       0x4c common/built-in.o
                0x0000000040224ac4                fit_image_get_os
 .text.fit_image_get_arch
                0x0000000040224b10       0x4c common/built-in.o
                0x0000000040224b10                fit_image_get_arch
 .text.fit_image_get_type
                0x0000000040224b5c       0x4c common/built-in.o
                0x0000000040224b5c                fit_image_get_type
 .text.fit_image_get_comp
                0x0000000040224ba8       0x4c common/built-in.o
                0x0000000040224ba8                fit_image_get_comp
 .text.fit_image_get_load
                0x0000000040224bf4       0x10 common/built-in.o
                0x0000000040224bf4                fit_image_get_load
 .text.fit_image_get_entry
                0x0000000040224c04       0x10 common/built-in.o
                0x0000000040224c04                fit_image_get_entry
 .text.fit_image_get_data
                0x0000000040224c14       0x50 common/built-in.o
                0x0000000040224c14                fit_image_get_data
 .text.fit_image_hash_get_algo
                0x0000000040224c64       0x38 common/built-in.o
                0x0000000040224c64                fit_image_hash_get_algo
 .text.fit_image_hash_get_value
                0x0000000040224c9c       0x50 common/built-in.o
                0x0000000040224c9c                fit_image_hash_get_value
 .text.fit_image_print_data
                0x0000000040224cec      0x158 common/built-in.o
 .text.fit_image_print
                0x0000000040224e44      0x390 common/built-in.o
                0x0000000040224e44                fit_image_print
 .text.fit_get_end
                0x00000000402251d4       0x10 common/built-in.o
                0x00000000402251d4                fit_get_end
 .text.calculate_hash
                0x00000000402251e4      0x11c common/built-in.o
                0x00000000402251e4                calculate_hash
 .text.fit_image_verify
                0x0000000040225300      0x218 common/built-in.o
                0x0000000040225300                fit_image_verify
 .text.fit_all_image_verify
                0x0000000040225518      0x114 common/built-in.o
                0x0000000040225518                fit_all_image_verify
 .text.fit_image_check_os
                0x000000004022562c       0x3c common/built-in.o
                0x000000004022562c                fit_image_check_os
 .text.fit_image_check_arch
                0x0000000040225668       0x64 common/built-in.o
                0x0000000040225668                fit_image_check_arch
 .text.fit_image_check_type
                0x00000000402256cc       0x3c common/built-in.o
                0x00000000402256cc                fit_image_check_type
 .text.fit_image_check_comp
                0x0000000040225708       0x3c common/built-in.o
                0x0000000040225708                fit_image_check_comp
 .text.fit_check_format
                0x0000000040225744       0x54 common/built-in.o
                0x0000000040225744                fit_check_format
 .text.fit_conf_get_node
                0x0000000040225798       0xe0 common/built-in.o
                0x0000000040225798                fit_conf_get_node
 .text.fit_conf_get_prop_node_index
                0x0000000040225878       0x3c common/built-in.o
                0x0000000040225878                fit_conf_get_prop_node_index
 .text.fit_conf_get_prop_node
                0x00000000402258b4        0x8 common/built-in.o
                0x00000000402258b4                fit_conf_get_prop_node
 .text.fit_conf_print
                0x00000000402258bc      0x204 common/built-in.o
                0x00000000402258bc                fit_conf_print
 .text.fit_print_contents
                0x0000000040225ac0      0x220 common/built-in.o
                0x0000000040225ac0                fit_print_contents
 .text.fit_get_node_from_config
                0x0000000040225ce0       0x54 common/built-in.o
                0x0000000040225ce0                fit_get_node_from_config
 .text.fit_image_load
                0x0000000040225d34      0x580 common/built-in.o
                0x0000000040225d34                fit_image_load
 .text.boot_get_setup_fit
                0x00000000402262b4       0x78 common/built-in.o
                0x00000000402262b4                boot_get_setup_fit
 .text.boot_get_fdt_fit
                0x000000004022632c      0x2e8 common/built-in.o
                0x000000004022632c                boot_get_fdt_fit
 .text.nulldev_putc
                0x0000000040226614        0x4 common/built-in.o
 .text.nulldev_puts
                0x0000000040226618        0x4 common/built-in.o
 .text.nulldev_input
                0x000000004022661c        0x8 common/built-in.o
 .text.stdio_serial_tstc
                0x0000000040226624        0x4 common/built-in.o
 .text.stdio_serial_getc
                0x0000000040226628        0x4 common/built-in.o
 .text.stdio_serial_puts
                0x000000004022662c        0x8 common/built-in.o
 .text.stdio_serial_putc
                0x0000000040226634        0x8 common/built-in.o
 .text.stdio_get_list
                0x000000004022663c       0x10 common/built-in.o
                0x000000004022663c                stdio_get_list
 .text.stdio_get_by_name
                0x000000004022664c       0x6c common/built-in.o
                0x000000004022664c                stdio_get_by_name
 .text.stdio_clone
                0x00000000402266b8       0x4c common/built-in.o
                0x00000000402266b8                stdio_clone
 .text.stdio_register_dev
                0x0000000040226704       0x58 common/built-in.o
                0x0000000040226704                stdio_register_dev
 .text.stdio_register
                0x000000004022675c        0x8 common/built-in.o
                0x000000004022675c                stdio_register
 .text.stdio_deregister_dev
                0x0000000040226764       0xfc common/built-in.o
                0x0000000040226764                stdio_deregister_dev
 .text.stdio_init_tables
                0x0000000040226860       0x18 common/built-in.o
                0x0000000040226860                stdio_init_tables
 .text.stdio_add_devices
                0x0000000040226878      0x140 common/built-in.o
                0x0000000040226878                stdio_add_devices
 .text.write_sparse_image
                0x00000000402269b8      0x41c common/built-in.o
                0x00000000402269b8                write_sparse_image
 .text.run_command
                0x0000000040226dd4       0x14 common/built-in.o
                0x0000000040226dd4                run_command
 .text.run_command_list
                0x0000000040226de8       0x90 common/built-in.o
                0x0000000040226de8                run_command_list
 .text.do_run   0x0000000040226e78       0x80 common/built-in.o
                0x0000000040226e78                do_run
 .text.cli_process_fdt
                0x0000000040226ef8       0x50 common/built-in.o
                0x0000000040226ef8                cli_process_fdt
 .text.cli_secure_boot_cmd
                0x0000000040226f48       0x74 common/built-in.o
                0x0000000040226f48                cli_secure_boot_cmd
 .text.cli_loop
                0x0000000040226fbc       0x10 common/built-in.o
                0x0000000040226fbc                cli_loop
 .text.cli_init
                0x0000000040226fcc        0x4 common/built-in.o
                0x0000000040226fcc                cli_init
 .text.find_cmd_tbl
                0x0000000040226fd0       0xc0 common/built-in.o
                0x0000000040226fd0                find_cmd_tbl
 .text.find_cmd
                0x0000000040227090       0x28 common/built-in.o
                0x0000000040227090                find_cmd
 .text.cmd_usage
                0x00000000402270b8       0x68 common/built-in.o
                0x00000000402270b8                cmd_usage
 .text._do_help
                0x0000000040227120      0x194 common/built-in.o
                0x0000000040227120                _do_help
 .text.var_complete
                0x00000000402272b4       0x78 common/built-in.o
                0x00000000402272b4                var_complete
 .text.cmd_auto_complete
                0x000000004022732c      0x4a8 common/built-in.o
                0x000000004022732c                cmd_auto_complete
 .text.cmd_get_data_size
                0x00000000402277d4       0x6c common/built-in.o
                0x00000000402277d4                cmd_get_data_size
 .text.cmd_process
                0x0000000040227840      0x10c common/built-in.o
                0x0000000040227840                cmd_process
 .text.cmd_process_error
                0x000000004022794c       0x38 common/built-in.o
                0x000000004022794c                cmd_process_error
 .text.hex1_bin
                0x0000000040227984       0x44 common/built-in.o
 .text.hex2_bin
                0x00000000402279c8       0x40 common/built-in.o
 .text.srec_decode
                0x0000000040227a08      0x228 common/built-in.o
                0x0000000040227a08                srec_decode
 .text.CYGACC_COMM_IF_GETC_TIMEOUT.isra.0
                0x0000000040227c30       0x54 common/built-in.o
 .text.xyzModem_flush
                0x0000000040227c84       0x1c common/built-in.o
 .text.xyzModem_get_hdr