device.c:595:24:_device_find_global_by_of_offset	48	static
device.c:36:12:device_bind_common.isra.0	112	static
device.c:257:14:alloc_priv	32	static
device.c:220:5:device_bind_with_driver_data	0	static
device.c:229:5:device_bind	0	static
device.c:237:5:device_bind_by_name	48	static
device.c:301:5:device_probe	48	static
device.c:442:7:dev_get_platdata	16	static
device.c:452:7:dev_get_parent_platdata	16	static
device.c:462:7:dev_get_uclass_platdata	16	static
device.c:472:7:dev_get_priv	16	static
device.c:482:7:dev_get_uclass_priv	16	static
device.c:492:7:dev_get_parent_priv	16	static
device.c:517:5:device_get_child	32	static
device.c:529:5:device_find_child_by_seq	0	static
device.c:549:5:device_get_child_by_seq	48	static
device.c:567:5:device_find_child_by_of_offset	0	static
device.c:584:5:device_get_child_by_of_offset	48	static
device.c:612:5:device_get_global_by_of_offset	32	static
device.c:620:5:device_find_first_child	0	static
device.c:632:5:device_find_next_child	0	static
device.c:647:17:dev_get_parent	0	static
device.c:652:7:dev_get_driver_data	0	static
device.c:657:13:dev_get_driver_ops	0	static
device.c:665:16:device_get_uclass_id	0	static
device.c:670:13:dev_get_uclass_name	0	static
device.c:678:6:device_has_children	0	static
device.c:683:6:device_has_active_children	32	static
device.c:697:6:device_is_last_sibling	0	static
device.c:706:6:device_set_name_alloced	0	static
device.c:711:5:device_set_name	32	static
device.c:722:6:device_is_compatible	16	static
device.c:733:6:of_machine_is_compatible	16	static
