mmc.c:1511:12:mmc_set_ios	0	static
mmc.c:885:12:mmc_set_capacity	32	static
mmc.c:61:12:board_mmc_getwp	0	static
mmc.c:66:5:mmc_getwp	32	static
mmc.c:82:12:board_mmc_getcd	0	static
mmc.c:221:5:mmc_send_cmd	0	static
mmc.c:478:12:mmc_go_idle	64	static
mmc.c:641:12:mmc_send_op_cond_iter	64	static
mmc.c:730:12:mmc_send_ext_csd	80	static
mmc.c:1740:12:mmc_read_and_compare_ext_csd	608	static
mmc.c:1204:12:sd_get_capabilities	464	static
mmc.c:233:5:mmc_send_status	96	static
mmc.c:278:5:mmc_set_blocklen	80	static
mmc.c:424:7:mmc_bread	160	static
mmc.c:751:5:mmc_switch	80	static
mmc.c:2092:12:mmc_startup_v4	624	static
mmc.c:780:12:mmc_set_card_speed	608	static
mmc.c:945:5:mmc_switch_part	48	static
mmc.c:1166:5:mmc_getcd	32	static
mmc.c:1362:5:sd_select_bus_width	80	static
mmc.c:1522:5:mmc_set_clock	0	static
mmc.c:2536:13:board_mmc_power_init	0	static
mmc.c:2634:5:mmc_start_init	128	static
mmc.c:2763:5:mmc_init	336	static
mmc.c:2788:5:mmc_set_dsr	0	static
mmc.c:2795:12:cpu_mmc_init	0	static
mmc.c:2801:12:board_mmc_init	0	static
mmc.c:2806:6:mmc_set_preinit	0	static
mmc.c:2850:5:mmc_initialize	32	static
