
Discarded input sections

 .data          0x0000000000000000        0x0 arch/arm/cpu/armv8/start.o
 .bss           0x0000000000000000        0x0 arch/arm/cpu/armv8/start.o
 .text.sdelay   0x0000000000000000        0xc arch/arm/cpu/armv8/built-in.o
 .text.cleanup_before_linux
                0x0000000000000000       0x28 arch/arm/cpu/armv8/built-in.o
 .text.timer_read_counter
                0x0000000000000000        0xc arch/arm/cpu/armv8/built-in.o
 .text.usec2ticks
                0x0000000000000000       0x44 arch/arm/cpu/armv8/built-in.o
 .text.invalidate_dcache_all
                0x0000000000000000        0x4 arch/arm/cpu/armv8/built-in.o
 .text.flush_dcache_all
                0x0000000000000000        0x4 arch/arm/cpu/armv8/built-in.o
 .text.dcache_enable
                0x0000000000000000        0x4 arch/arm/cpu/armv8/built-in.o
 .text.dcache_disable
                0x0000000000000000        0x4 arch/arm/cpu/armv8/built-in.o
 .text.dcache_status
                0x0000000000000000        0x8 arch/arm/cpu/armv8/built-in.o
 .text.mmu_set_region_dcache_behaviour
                0x0000000000000000        0x4 arch/arm/cpu/armv8/built-in.o
 .text.icache_enable
                0x0000000000000000        0x4 arch/arm/cpu/armv8/built-in.o
 .text.icache_disable
                0x0000000000000000        0x4 arch/arm/cpu/armv8/built-in.o
 .text.icache_status
                0x0000000000000000        0x8 arch/arm/cpu/armv8/built-in.o
 .text.invalidate_icache_all
                0x0000000000000000        0x4 arch/arm/cpu/armv8/built-in.o
 .text.enable_caches
                0x0000000000000000        0x4 arch/arm/cpu/armv8/built-in.o
 .text.__asm_dcache_level
                0x0000000000000000       0x64 arch/arm/cpu/armv8/built-in.o
 .text.__asm_dcache_all
                0x0000000000000000       0x60 arch/arm/cpu/armv8/built-in.o
 .text.__asm_flush_dcache_all
                0x0000000000000000        0x8 arch/arm/cpu/armv8/built-in.o
 .text.__asm_invalidate_dcache_all
                0x0000000000000000        0x8 arch/arm/cpu/armv8/built-in.o
 .text.__asm_flush_dcache_range
                0x0000000000000000       0x34 arch/arm/cpu/armv8/built-in.o
 .text.__asm_invalidate_dcache_range
                0x0000000000000000       0x30 arch/arm/cpu/armv8/built-in.o
 .text.__asm_invalidate_icache_all
                0x0000000000000000        0xc arch/arm/cpu/armv8/built-in.o
 .text.__asm_invalidate_l3_dcache
                0x0000000000000000        0x8 arch/arm/cpu/armv8/built-in.o
 .text.__asm_flush_l3_dcache
                0x0000000000000000        0x8 arch/arm/cpu/armv8/built-in.o
 .text.__asm_invalidate_l3_icache
                0x0000000000000000        0x8 arch/arm/cpu/armv8/built-in.o
 .text.__asm_switch_ttbr
                0x0000000000000000       0xe0 arch/arm/cpu/armv8/built-in.o
 .text.__asm_invalidate_tlb_all
                0x0000000000000000       0x4c arch/arm/cpu/armv8/built-in.o
 .text.armv8_switch_to_el2
                0x0000000000000000       0xb8 arch/arm/cpu/armv8/built-in.o
 .text.armv8_switch_to_el1
                0x0000000000000000       0xd0 arch/arm/cpu/armv8/built-in.o
 .text.armv8_el2_to_aarch32
                0x0000000000000000        0x4 arch/arm/cpu/armv8/built-in.o
 .text.psci_system_reset
                0x0000000000000000       0x20 arch/arm/cpu/armv8/built-in.o
 .text.psci_system_off
                0x0000000000000000       0x20 arch/arm/cpu/armv8/built-in.o
 .data          0x0000000000000000        0x0 arch/arm/cpu/armv8/built-in.o
 .bss           0x0000000000000000        0x0 arch/arm/cpu/armv8/built-in.o
 .text.setjmp   0x0000000000000000       0x28 arch/arm/lib/built-in.o
 .text.longjmp  0x0000000000000000       0x2c arch/arm/lib/built-in.o
 .text.board_init_f
                0x0000000000000000        0x4 arch/arm/lib/built-in.o
 .text.bootz_setup
                0x0000000000000000       0x7c arch/arm/lib/built-in.o
 .text.arch_fixup_fdt
                0x0000000000000000       0x40 arch/arm/lib/built-in.o
 .text.arch_reserve_stacks
                0x0000000000000000       0x1c arch/arm/lib/built-in.o
 .text.interrupt_init
                0x0000000000000000        0x8 arch/arm/lib/built-in.o
 .text.enable_interrupts
                0x0000000000000000        0x4 arch/arm/lib/built-in.o
 .text.enable_caches
                0x0000000000000000        0xc arch/arm/lib/built-in.o
 .text.flush_cache
                0x0000000000000000        0x8 arch/arm/lib/built-in.o
 .text.flush_dcache_all
                0x0000000000000000        0xc arch/arm/lib/built-in.o
 .text.check_cache_range
                0x0000000000000000       0x1c arch/arm/lib/built-in.o
 .text.fdt_psci
                0x0000000000000000        0x8 arch/arm/lib/built-in.o
 .rodata.enable_caches.str1.1
                0x0000000000000000       0x1d arch/arm/lib/built-in.o
 .data          0x0000000000000000      0x1b8 arch/arm/lib/built-in.o
 .__efi_runtime_rel_start
[...]
Memory Configuration

Name             Origin             Length             Attributes
.sram            0x00000000007e1000 0x0000000000025000
.sdram           0x0000000000180000 0x0000000000002000
*default*        0x0000000000000000 0xffffffffffffffff

Linker script and memory map


.text           0x00000000007e1000    0x120f4
                0x00000000007e1000                . = ALIGN (0x8)
 *(.__image_copy_start)
 arch/arm/cpu/armv8/start.o(.text*)
 .text          0x00000000007e1000      0x114 arch/arm/cpu/armv8/start.o
                0x00000000007e1000                _start
                0x00000000007e1008                _TEXT_BASE
                0x00000000007e1010                _end_ofs
                0x00000000007e1018                _bss_start_ofs
                0x00000000007e1020                _bss_end_ofs
                0x00000000007e102c                save_boot_params_ret
                0x00000000007e108c                apply_core_errata
                0x00000000007e10c8                lowlevel_init
                0x00000000007e10d4                smp_kick_all_cpus
                0x00000000007e10d8                c_runtime_cpu_setup
 *(.text*)
 *fill*         0x00000000007e1114      0x6ec 
 .text          0x00000000007e1800      0x484 arch/arm/cpu/armv8/built-in.o
                0x00000000007e1800                vectors
 .text.get_tbclk
                0x00000000007e1c84        0x8 arch/arm/cpu/armv8/built-in.o
                0x00000000007e1c84                get_tbclk
 .text.get_ticks
                0x00000000007e1c8c       0x10 arch/arm/cpu/armv8/built-in.o
                0x00000000007e1c8c                get_ticks
 .text.smc_call
                0x00000000007e1c9c       0x44 arch/arm/cpu/armv8/built-in.o
                0x00000000007e1c9c                smc_call
 .text          0x00000000007e1ce0       0x78 arch/arm/lib/built-in.o
                0x00000000007e1ce0                _main
 .text.disable_interrupts
                0x00000000007e1d58        0x8 arch/arm/lib/built-in.o
                0x00000000007e1d58                disable_interrupts
 .text.show_regs
                0x00000000007e1d60       0x9c arch/arm/lib/built-in.o
                0x00000000007e1d60                show_regs
 .text.do_bad_sync
                0x00000000007e1dfc       0x30 arch/arm/lib/built-in.o
                0x00000000007e1dfc                do_bad_sync
 .text.do_bad_irq
                0x00000000007e1e2c       0x30 arch/arm/lib/built-in.o
                0x00000000007e1e2c                do_bad_irq
 .text.do_bad_fiq
                0x00000000007e1e5c       0x30 arch/arm/lib/built-in.o
                0x00000000007e1e5c                do_bad_fiq
 .text.do_bad_error
                0x00000000007e1e8c       0x30 arch/arm/lib/built-in.o
                0x00000000007e1e8c                do_bad_error
 .text.do_sync  0x00000000007e1ebc       0x30 arch/arm/lib/built-in.o
                0x00000000007e1ebc                do_sync
 .text.do_irq   0x00000000007e1eec       0x30 arch/arm/lib/built-in.o
                0x00000000007e1eec                do_irq
 .text.do_fiq   0x00000000007e1f1c       0x30 arch/arm/lib/built-in.o
                0x00000000007e1f1c                do_fiq
 .text.do_error
                0x00000000007e1f4c       0x30 arch/arm/lib/built-in.o
                0x00000000007e1f4c                do_error
 .text.reset_misc
                0x00000000007e1f7c        0x4 arch/arm/lib/built-in.o
                0x00000000007e1f7c                reset_misc
 .text.do_reset
                0x00000000007e1f80       0x38 arch/arm/lib/built-in.o
                0x00000000007e1f80                do_reset
 .text.invalidate_dcache_range
                0x00000000007e1fb8        0x4 arch/arm/lib/built-in.o
                0x00000000007e1fb8                invalidate_dcache_range
 .text.flush_dcache_range
                0x00000000007e1fbc        0x4 arch/arm/lib/built-in.o
                0x00000000007e1fbc                flush_dcache_range
 *fill*         0x00000000007e1fc0       0x40 
 .text          0x00000000007e2000      0x198 arch/arm/mach-imx/built-in.o
                0x00000000007e2000                rom_pointer
                0x00000000007e2100                save_boot_params
                0x00000000007e214c                restore_boot_params
 .text.imx_iomux_v3_setup_pad
                0x00000000007e2198       0xc0 arch/arm/mach-imx/built-in.o
                0x00000000007e2198                imx_iomux_v3_setup_pad
 .text.imx_iomux_v3_setup_multiple_pads
                0x00000000007e2258       0x40 arch/arm/mach-imx/built-in.o
                0x00000000007e2258                imx_iomux_v3_setup_multiple_pads
 .text.arch_auxiliary_core_up
                0x00000000007e2298       0x54 arch/arm/mach-imx/built-in.o
                0x00000000007e2298                arch_auxiliary_core_up
 .text.arch_auxiliary_core_check_up
                0x00000000007e22ec       0x2c arch/arm/mach-imx/built-in.o
                0x00000000007e22ec                arch_auxiliary_core_check_up
 .text.do_bootaux
                0x00000000007e2318       0xa8 arch/arm/mach-imx/built-in.o
 .text.force_idle_bus
                0x00000000007e23c0      0x1d8 arch/arm/mach-imx/built-in.o
                0x00000000007e23c0                force_idle_bus
 .text.setup_i2c
                0x00000000007e2598       0xfc arch/arm/mach-imx/built-in.o
                0x00000000007e2598                setup_i2c
 .text.cpu_mmc_init
                0x00000000007e2694        0x4 arch/arm/mach-imx/built-in.o
                0x00000000007e2694                cpu_mmc_init
 .text.get_cpu_temp_grade
                0x00000000007e2698       0x70 arch/arm/mach-imx/built-in.o
                0x00000000007e2698                get_cpu_temp_grade
 .text.get_boot_device
                0x00000000007e2708       0xb4 arch/arm/mach-imx/built-in.o
                0x00000000007e2708                get_boot_device
 .text.imx_sec_init
                0x00000000007e27bc        0x4 arch/arm/mach-imx/built-in.o
                0x00000000007e27bc                imx_sec_init
 .text.spl_boot_device
                0x00000000007e27c0       0x34 arch/arm/mach-imx/built-in.o
                0x00000000007e27c0                spl_boot_device
 .text.g_dnl_bind_fixup
                0x00000000007e27f4       0x18 arch/arm/mach-imx/built-in.o
                0x00000000007e27f4                g_dnl_bind_fixup
 .text.spl_boot_mode
                0x00000000007e280c       0x54 arch/arm/mach-imx/built-in.o
                0x00000000007e280c                spl_boot_mode
 .text.call_imx_sip
                0x00000000007e2860       0x28 arch/arm/mach-imx/built-in.o
                0x00000000007e2860                call_imx_sip
 .text.get_cpu_variant_type
                0x00000000007e2888       0x8c arch/arm/mach-imx/built-in.o
 .text.timer_init
                0x00000000007e2914       0x3c arch/arm/mach-imx/built-in.o
                0x00000000007e2914                timer_init
 .text.enable_tzc380
                0x00000000007e2950       0x34 arch/arm/mach-imx/built-in.o
                0x00000000007e2950                enable_tzc380
 .text.set_wdog_reset
                0x00000000007e2984       0x18 arch/arm/mach-imx/built-in.o
                0x00000000007e2984                set_wdog_reset
 .text.get_cpu_rev
                0x00000000007e299c       0xa4 arch/arm/mach-imx/built-in.o
                0x00000000007e299c                get_cpu_rev
 .text.arch_cpu_init
                0x00000000007e2a40      0x174 arch/arm/mach-imx/built-in.o
                0x00000000007e2a40                arch_cpu_init
 .text.is_usb_boot
                0x00000000007e2bb4       0x1c arch/arm/mach-imx/built-in.o
                0x00000000007e2bb4                is_usb_boot
 .text.reset_cpu
                0x00000000007e2bd0       0x14 arch/arm/mach-imx/built-in.o
                0x00000000007e2bd0                reset_cpu
 .text.imx_gpc_set_m_core_pgc
                0x00000000007e2be4       0x2c arch/arm/mach-imx/built-in.o
                0x00000000007e2be4                imx_gpc_set_m_core_pgc
 .text.imx8m_usb_power_domain
                0x00000000007e2c10       0x80 arch/arm/mach-imx/built-in.o
                0x00000000007e2c10                imx8m_usb_power_domain
 .text.imx8m_usb_power
                0x00000000007e2c90       0x30 arch/arm/mach-imx/built-in.o
                0x00000000007e2c90                imx8m_usb_power
 .text.select   0x00000000007e2cc0       0x3c arch/arm/mach-imx/built-in.o
 .text.get_clk_root_target
                0x00000000007e2cfc       0x8c arch/arm/mach-imx/built-in.o
 .text.clock_get_target_val
                0x00000000007e2d88       0x68 arch/arm/mach-imx/built-in.o
                0x00000000007e2d88                clock_get_target_val
 .text.clock_set_target_val
                0x00000000007e2df0       0x64 arch/arm/mach-imx/built-in.o
                0x00000000007e2df0                clock_set_target_val
 .text.clock_root_enabled
                0x00000000007e2e54       0x74 arch/arm/mach-imx/built-in.o
                0x00000000007e2e54                clock_root_enabled
 .text.clock_enable
                0x00000000007e2ec8       0x4c arch/arm/mach-imx/built-in.o
                0x00000000007e2ec8                clock_enable
 .text.clock_get_prediv
                0x00000000007e2f14       0x84 arch/arm/mach-imx/built-in.o
                0x00000000007e2f14                clock_get_prediv
 .text.clock_get_postdiv
                0x00000000007e2f98       0xa4 arch/arm/mach-imx/built-in.o
                0x00000000007e2f98                clock_get_postdiv
 .text.clock_get_src
                0x00000000007e303c       0x70 arch/arm/mach-imx/built-in.o
                0x00000000007e303c                clock_get_src
 .text.get_root_clk
                0x00000000007e30ac      0x2e4 arch/arm/mach-imx/built-in.o
 .text.enable_i2c_clk
                0x00000000007e3390       0x3c arch/arm/mach-imx/built-in.o
                0x00000000007e3390                enable_i2c_clk
 .text.mxc_get_clock
                0x00000000007e33cc       0x5c arch/arm/mach-imx/built-in.o
                0x00000000007e33cc                mxc_get_clock
 .text.imx_get_uartclk
                0x00000000007e3428        0x8 arch/arm/mach-imx/built-in.o
                0x00000000007e3428                imx_get_uartclk
 .text.init_wdog_clk
                0x00000000007e3430       0x78 arch/arm/mach-imx/built-in.o
                0x00000000007e3430                init_wdog_clk
 .text.init_usb_clk
                0x00000000007e34a8       0xa4 arch/arm/mach-imx/built-in.o
                0x00000000007e34a8                init_usb_clk
 .text.init_uart_clk
                0x00000000007e354c       0xc8 arch/arm/mach-imx/built-in.o
                0x00000000007e354c                init_uart_clk
 .text.dram_enable_bypass
                0x00000000007e3614       0x94 arch/arm/mach-imx/built-in.o
                0x00000000007e3614                dram_enable_bypass
 .text.dram_disable_bypass
                0x00000000007e36a8       0x24 arch/arm/mach-imx/built-in.o
                0x00000000007e36a8                dram_disable_bypass
 .text.dram_pll_init
                0x00000000007e36cc      0x100 arch/arm/mach-imx/built-in.o
                0x00000000007e36cc                dram_pll_init
 .text.frac_pll_init
                0x00000000007e37cc       0xc4 arch/arm/mach-imx/built-in.o
                0x00000000007e37cc                frac_pll_init
 .text.clock_init
                0x00000000007e3890       0xa8 arch/arm/mach-imx/built-in.o
                0x00000000007e3890                clock_init
 .text.regulator_enable_init
                0x00000000007e3938       0x40 board/seco/seco_imx8mq_c12/built-in.o
                0x00000000007e3938                regulator_enable_init
 .text.usb_gadget_handle_interrupts
                0x00000000007e3978       0x1c board/seco/seco_imx8mq_c12/built-in.o
                0x00000000007e3978                usb_gadget_handle_interrupts
 .text.board_usb_init
                0x00000000007e3994       0xd8 board/seco/seco_imx8mq_c12/built-in.o
                0x00000000007e3994                board_usb_init
 .text.board_early_init_f
                0x00000000007e3a6c       0xb4 board/seco/seco_imx8mq_c12/built-in.o
                0x00000000007e3a6c                board_early_init_f
 .text.spl_dram_init
                0x00000000007e3b20      0x314 board/seco/seco_imx8mq_c12/built-in.o
                0x00000000007e3b20                spl_dram_init
 .text.board_mmc_getcd
                0x00000000007e3e34       0x3c board/seco/seco_imx8mq_c12/built-in.o
                0x00000000007e3e34                board_mmc_getcd
 .text.board_mmc_init
                0x00000000007e3e70       0xe4 board/seco/seco_imx8mq_c12/built-in.o
                0x00000000007e3e70                board_mmc_init
 .text.power_init_board
                0x00000000007e3f54       0xf0 board/seco/seco_imx8mq_c12/built-in.o
                0x00000000007e3f54                power_init_board
 .text.micro_init
                0x00000000007e4044       0xf0 board/seco/seco_imx8mq_c12/built-in.o
                0x00000000007e4044                micro_init
 .text.spl_board_init
                0x00000000007e4134       0x1c board/seco/seco_imx8mq_c12/built-in.o
                0x00000000007e4134                spl_board_init
 .text.board_fit_config_name_match
                0x00000000007e4150        0x8 board/seco/seco_imx8mq_c12/built-in.o
                0x00000000007e4150                board_fit_config_name_match
 .text.board_init_f
                0x00000000007e4158       0x90 board/seco/seco_imx8mq_c12/built-in.o
                0x00000000007e4158                board_init_f
 .text.pfuze_mode_init
                0x00000000007e41e8       0xfc board/seco/common/built-in.o
                0x00000000007e41e8                pfuze_mode_init
 .text.c12_get_board_configuration
                0x00000000007e42e4       0xc8 board/seco/common/built-in.o
                0x00000000007e42e4                c12_get_board_configuration
 .text.show_boot_progress
                0x00000000007e43ac        0x4 common/spl/built-in.o
                0x00000000007e43ac                show_boot_progress
 .text.spl_board_prepare_for_boot
                0x00000000007e43b0        0x4 common/spl/built-in.o
                0x00000000007e43b0                spl_board_prepare_for_boot
 .text.spl_set_header_raw_uboot
                0x00000000007e43b4       0x28 common/spl/built-in.o
                0x00000000007e43b4                spl_set_header_raw_uboot
 .text.spl_parse_image_header
                0x00000000007e43dc       0x84 common/spl/built-in.o
                0x00000000007e43dc                spl_parse_image_header
 .text.jump_to_image_no_args
                0x00000000007e4460       0x10 common/spl/built-in.o
                0x00000000007e4460                jump_to_image_no_args
 .text.spl_set_bd
                0x00000000007e4470       0x18 common/spl/built-in.o
                0x00000000007e4470                spl_set_bd
 .text.spl_init
                0x00000000007e4488       0x5c common/spl/built-in.o
                0x00000000007e4488                spl_init
 .text.board_boot_order
                0x00000000007e44e4       0x24 common/spl/built-in.o
                0x00000000007e44e4                board_boot_order
 .text.board_init_r
                0x00000000007e4508      0x15c common/spl/built-in.o
                0x00000000007e4508                board_init_r
 .text.preloader_console_init
                0x00000000007e4664       0x30 common/spl/built-in.o
                0x00000000007e4664                preloader_console_init
 .text.spl_relocate_stack_gd
                0x00000000007e4694        0x8 common/spl/built-in.o
                0x00000000007e4694                spl_relocate_stack_gd
 .text.spl_fit_get_image_node
                0x00000000007e469c      0x134 common/spl/built-in.o
 .text.spl_load_fit_image
                0x00000000007e47d0      0x1b0 common/spl/built-in.o
 .text.board_spl_fit_size_align
                0x00000000007e4980        0x4 common/spl/built-in.o
                0x00000000007e4980                board_spl_fit_size_align
 .text.board_spl_fit_buffer_addr
                0x00000000007e4984       0x18 common/spl/built-in.o
                0x00000000007e4984                board_spl_fit_buffer_addr
 .text.spl_load_simple_fit
                0x00000000007e499c      0x230 common/spl/built-in.o
                0x00000000007e499c                spl_load_simple_fit
 .text.h_spl_load_read
                0x00000000007e4bcc       0x44 common/spl/built-in.o
                0x00000000007e4bcc                h_spl_load_read
 .text.mmc_load_legacy
                0x00000000007e4c10       0x74 common/spl/built-in.o
                0x00000000007e4c10                mmc_load_legacy
 .text.spl_mmc_get_uboot_raw_sector
                0x00000000007e4c84        0x8 common/spl/built-in.o
                0x00000000007e4c84                spl_mmc_get_uboot_raw_sector
 .text.spl_mmc_load_image
                0x00000000007e4c8c      0x1e0 common/spl/built-in.o
                0x00000000007e4c8c                spl_mmc_load_image
 .text.spl_sdp_load_image
                0x00000000007e4e6c       0x64 common/spl/built-in.o
 .text.board_init_f_alloc_reserve
                0x00000000007e4ed0       0x10 common/init/built-in.o
                0x00000000007e4ed0                board_init_f_alloc_reserve
 .text.board_init_f_init_reserve
                0x00000000007e4ee0       0x30 common/init/built-in.o
                0x00000000007e4ee0                board_init_f_init_reserve
 .text.fdt_getprop_u32
                0x00000000007e4f10       0x38 common/built-in.o
                0x00000000007e4f10                fdt_getprop_u32
 .text.fit_find_config_node
                0x00000000007e4f48      0x114 common/built-in.o
                0x00000000007e4f48                fit_find_config_node
 .text.fgetc    0x00000000007e505c       0x24 common/built-in.o
                0x00000000007e505c                fgetc
 .text.getc     0x00000000007e5080       0x24 common/built-in.o
                0x00000000007e5080                getc
 .text.ftstc    0x00000000007e50a4       0x24 common/built-in.o
                0x00000000007e50a4                ftstc
 .text.tstc     0x00000000007e50c8       0x24 common/built-in.o
                0x00000000007e50c8                tstc
 .text.fputc    0x00000000007e50ec       0x24 common/built-in.o
                0x00000000007e50ec                fputc
 .text.putc     0x00000000007e5110       0x28 common/built-in.o
                0x00000000007e5110                putc
 .text.fputs    0x00000000007e5138       0x20 common/built-in.o
                0x00000000007e5138                fputs
 .text.puts     0x00000000007e5158       0x24 common/built-in.o
                0x00000000007e5158                puts
 .text.ctrlc    0x00000000007e517c       0x58 common/built-in.o
                0x00000000007e517c                ctrlc
 .text.sbrk     0x00000000007e51d4       0x74 common/built-in.o
                0x00000000007e51d4                sbrk
 .text.mem_malloc_init
                0x00000000007e5248       0x28 common/built-in.o
                0x00000000007e5248                mem_malloc_init
 .text.malloc_trim
                0x00000000007e5270       0xd8 common/built-in.o
                0x00000000007e5270                malloc_trim
 .text.free     0x00000000007e5348      0x22c common/built-in.o
                0x00000000007e5348                free
 .text.malloc   0x00000000007e5574      0x654 common/built-in.o
                0x00000000007e5574                malloc
 .text.calloc   0x00000000007e5bc8      0x10c common/built-in.o
                0x00000000007e5bc8                calloc
 .text.memalign
                0x00000000007e5cd4      0x194 common/built-in.o
                0x00000000007e5cd4                memalign
 .text.malloc_simple
                0x00000000007e5e68       0x38 common/built-in.o
                0x00000000007e5e68                malloc_simple
 .text.fit_image_get_address
                0x00000000007e5ea0       0x84 common/built-in.o
 .text.fit_image_get_load
                0x00000000007e5f24       0x10 common/built-in.o
                0x00000000007e5f24                fit_image_get_load
 .text.fit_image_get_data
                0x00000000007e5f34       0x50 common/built-in.o
                0x00000000007e5f34                fit_image_get_data
 .text.fit_image_get_data_offset
                0x00000000007e5f84       0x48 common/built-in.o
                0x00000000007e5f84                fit_image_get_data_offset
 .text.fit_image_get_data_position
                0x00000000007e5fcc       0x48 common/built-in.o
                0x00000000007e5fcc                fit_image_get_data_position
 .text.fit_image_get_data_size
                0x00000000007e6014       0x48 common/built-in.o
                0x00000000007e6014                fit_image_get_data_size
 .text.fdt_check_header
                0x00000000007e605c       0x74 lib/built-in.o
                0x00000000007e605c                fdt_check_header
 .text.fdt_offset_ptr
                0x00000000007e60d0       0x74 lib/built-in.o
                0x00000000007e60d0                fdt_offset_ptr
 .text.fdt_next_tag
                0x00000000007e6144       0xe0 lib/built-in.o
                0x00000000007e6144                fdt_next_tag
 .text._fdt_check_node_offset
                0x00000000007e6224       0x40 lib/built-in.o
                0x00000000007e6224                _fdt_check_node_offset
 .text._fdt_check_prop_offset
                0x00000000007e6264       0x40 lib/built-in.o
                0x00000000007e6264                _fdt_check_prop_offset
 .text.fdt_next_node
                0x00000000007e62a4       0xc0 lib/built-in.o
                0x00000000007e62a4                fdt_next_node
 .text.fdt_first_subnode
                0x00000000007e6364       0x34 lib/built-in.o
                0x00000000007e6364                fdt_first_subnode
 .text.fdt_next_subnode
                0x00000000007e6398       0x5c lib/built-in.o
                0x00000000007e6398                fdt_next_subnode
 .text.fdt_path_next_separator
                0x00000000007e63f4       0x68 lib/built-in.o
 .text._nextprop
                0x00000000007e645c       0x70 lib/built-in.o
 .text.fdt_string
                0x00000000007e64cc       0x14 lib/built-in.o
                0x00000000007e64cc                fdt_string
 .text.fdt_subnode_offset_namelen
                0x00000000007e64e0       0xec lib/built-in.o
                0x00000000007e64e0                fdt_subnode_offset_namelen
 .text.fdt_subnode_offset
                0x00000000007e65cc       0x44 lib/built-in.o
                0x00000000007e65cc                fdt_subnode_offset
 .text.fdt_get_name
                0x00000000007e6610       0x7c lib/built-in.o
                0x00000000007e6610                fdt_get_name
 .text.fdt_first_property_offset
                0x00000000007e668c       0x38 lib/built-in.o
                0x00000000007e668c                fdt_first_property_offset
 .text.fdt_next_property_offset
                0x00000000007e66c4       0x38 lib/built-in.o
                0x00000000007e66c4                fdt_next_property_offset
 .text.fdt_get_property_by_offset
                0x00000000007e66fc       0x64 lib/built-in.o
                0x00000000007e66fc                fdt_get_property_by_offset
 .text.fdt_get_property_namelen
                0x00000000007e6760       0xd4 lib/built-in.o
                0x00000000007e6760                fdt_get_property_namelen
 .text.fdt_getprop_namelen
                0x00000000007e6834       0x20 lib/built-in.o
                0x00000000007e6834                fdt_getprop_namelen
 .text.fdt_getprop
                0x00000000007e6854       0x4c lib/built-in.o
                0x00000000007e6854                fdt_getprop
 .text.fdt_get_alias_namelen
                0x00000000007e68a0       0x64 lib/built-in.o
                0x00000000007e68a0                fdt_get_alias_namelen
 .text.fdt_path_offset_namelen
                0x00000000007e6904       0xfc lib/built-in.o
                0x00000000007e6904                fdt_path_offset_namelen
 .text.fdt_path_offset
                0x00000000007e6a00       0x34 lib/built-in.o
                0x00000000007e6a00                fdt_path_offset
 .text.hang     0x00000000007e6a34       0x20 lib/built-in.o
                0x00000000007e6a34                hang
 .text.kmalloc  0x00000000007e6a54       0x4c lib/built-in.o
                0x00000000007e6a54                kmalloc
 .text.strcat   0x00000000007e6aa0       0x30 lib/built-in.o
                0x00000000007e6aa0                strcat
 .text.strcmp   0x00000000007e6ad0       0x28 lib/built-in.o
                0x00000000007e6ad0                strcmp
 .text.strchr   0x00000000007e6af8       0x28 lib/built-in.o
                0x00000000007e6af8                strchr
 .text.strlen   0x00000000007e6b20       0x1c lib/built-in.o
                0x00000000007e6b20                strlen
 .text.strrchr  0x00000000007e6b3c       0x40 lib/built-in.o
                0x00000000007e6b3c                strrchr
 .text.strnlen  0x00000000007e6b7c       0x28 lib/built-in.o
                0x00000000007e6b7c                strnlen
 .text.memset   0x00000000007e6ba4       0x70 lib/built-in.o
                0x00000000007e6ba4                memset
 .text.memcpy   0x00000000007e6c14       0x70 lib/built-in.o
                0x00000000007e6c14                memcpy
 .text.memcmp   0x00000000007e6c84       0x30 lib/built-in.o
                0x00000000007e6c84                memcmp
 .text.memchr   0x00000000007e6cb4       0x30 lib/built-in.o
                0x00000000007e6cb4                memchr
 .text.get_timer
                0x00000000007e6ce4       0x3c lib/built-in.o
                0x00000000007e6ce4                get_timer
 .text.timer_get_us
                0x00000000007e6d20       0x38 lib/built-in.o
                0x00000000007e6d20                timer_get_us
 .text.__udelay
                0x00000000007e6d58       0x4c lib/built-in.o
                0x00000000007e6d58                __udelay
 .text.udelay   0x00000000007e6da4       0x44 lib/built-in.o
                0x00000000007e6da4                udelay
 .text.uuid_bin_to_str
                0x00000000007e6de8       0xd4 lib/built-in.o
                0x00000000007e6de8                uuid_bin_to_str
 .text.put_dec_trunc
                0x00000000007e6ebc       0xe0 lib/built-in.o
 .text.put_dec  0x00000000007e6f9c       0xd0 lib/built-in.o
 .text.number   0x00000000007e706c      0x2cc lib/built-in.o
 .text.string   0x00000000007e7338       0xdc lib/built-in.o
 .text.vsnprintf_internal
                0x00000000007e7414      0x970 lib/built-in.o
 .text.vscnprintf
                0x00000000007e7d84       0x74 lib/built-in.o
                0x00000000007e7d84                vscnprintf
 .text.snprintf
                0x00000000007e7df8       0x7c lib/built-in.o
                0x00000000007e7df8                snprintf
 .text.vsprintf
                0x00000000007e7e74       0x48 lib/built-in.o
                0x00000000007e7e74                vsprintf
 .text.sprintf  0x00000000007e7ebc       0x74 lib/built-in.o
                0x00000000007e7ebc                sprintf
 .text.printf   0x00000000007e7f30       0xc4 lib/built-in.o
                0x00000000007e7f30                printf
 .text.vprintf  0x00000000007e7ff4       0x60 lib/built-in.o
                0x00000000007e7ff4                vprintf
 .text.panic_finish
                0x00000000007e8054       0x34 lib/built-in.o
 .text.panic    0x00000000007e8088       0x74 lib/built-in.o
                0x00000000007e8088                panic
 .text._parse_integer_fixup_radix
                0x00000000007e80fc       0xac lib/built-in.o
 .text.simple_strtoul
                0x00000000007e81a8       0x98 lib/built-in.o
                0x00000000007e81a8                simple_strtoul
 .text.i2c_get_adapter
                0x00000000007e8240       0x7c drivers/built-in.o
                0x00000000007e8240                i2c_get_adapter
 .text.i2c_init_bus
                0x00000000007e82bc       0xb0 drivers/built-in.o
 .text.i2c_set_bus_num
                0x00000000007e836c       0xd4 drivers/built-in.o
                0x00000000007e836c                i2c_set_bus_num
 .text.i2c_probe
                0x00000000007e8440       0x38 drivers/built-in.o
                0x00000000007e8440                i2c_probe
 .text.i2c_read
                0x00000000007e8478       0x68 drivers/built-in.o
                0x00000000007e8478                i2c_read
 .text.i2c_write
                0x00000000007e84e0       0x68 drivers/built-in.o
                0x00000000007e84e0                i2c_write
 .text.wait_for_sr_state
                0x00000000007e8548      0x134 drivers/built-in.o
 .text.tx_byte  0x00000000007e867c       0x64 drivers/built-in.o
 .text.bus_i2c_set_bus_speed
                0x00000000007e86e0       0xe8 drivers/built-in.o
 .text.mxc_i2c_set_bus_speed
                0x00000000007e87c8       0x18 drivers/built-in.o
 .text.i2c_imx_stop
                0x00000000007e87e0       0x6c drivers/built-in.o
 .text.__i2c_force_reset_slave
                0x00000000007e884c        0x4 drivers/built-in.o
                0x00000000007e884c                __i2c_force_reset_slave
                0x00000000007e884c                i2c_force_reset_slave
 .text.i2c_idle_bus
                0x00000000007e8850       0x1c drivers/built-in.o
                0x00000000007e8850                i2c_idle_bus
 .text.i2c_init_transfer
                0x00000000007e886c      0x258 drivers/built-in.o
 .text.mxc_i2c_probe
                0x00000000007e8ac4       0x4c drivers/built-in.o
 .text.mxc_i2c_read
                0x00000000007e8b10      0x200 drivers/built-in.o
 .text.mxc_i2c_write
                0x00000000007e8d10       0x8c drivers/built-in.o
 .text.bus_i2c_init
                0x00000000007e8d9c       0x94 drivers/built-in.o
                0x00000000007e8d9c                bus_i2c_init
 .text.mxc_i2c_init
                0x00000000007e8e30       0x10 drivers/built-in.o
 .text.mmc_set_ios
                0x00000000007e8e40       0x1c drivers/built-in.o
 .text.mmc_set_capacity
                0x00000000007e8e5c       0x84 drivers/built-in.o
 .text.mmc_send_cmd
                0x00000000007e8ee0       0x10 drivers/built-in.o
                0x00000000007e8ee0                mmc_send_cmd
 .text.mmc_go_idle
                0x00000000007e8ef0       0x50 drivers/built-in.o
 .text.mmc_send_op_cond_iter
                0x00000000007e8f40       0x74 drivers/built-in.o
 .text.mmc_send_ext_csd
                0x00000000007e8fb4       0x40 drivers/built-in.o
 .text.mmc_read_and_compare_ext_csd
                0x00000000007e8ff4       0xb0 drivers/built-in.o
 .text.sd_get_capabilities
                0x00000000007e90a4      0x1c8 drivers/built-in.o
 .text.mmc_send_status
                0x00000000007e926c       0xe0 drivers/built-in.o
                0x00000000007e926c                mmc_send_status
 .text.mmc_set_blocklen
                0x00000000007e934c       0x88 drivers/built-in.o
                0x00000000007e934c                mmc_set_blocklen
 .text.mmc_bread
                0x00000000007e93d4      0x184 drivers/built-in.o
                0x00000000007e93d4                mmc_bread
 .text.mmc_switch
                0x00000000007e9558       0x78 drivers/built-in.o
                0x00000000007e9558                mmc_switch
 .text.mmc_startup_v4
                0x00000000007e95d0      0x20c drivers/built-in.o
 .text.mmc_set_card_speed
                0x00000000007e97dc       0xa0 drivers/built-in.o
 .text.mmc_switch_part
                0x00000000007e987c       0x7c drivers/built-in.o
                0x00000000007e987c                mmc_switch_part
 .text.mmc_getcd
                0x00000000007e98f8       0x48 drivers/built-in.o
                0x00000000007e98f8                mmc_getcd
 .text.sd_select_bus_width
                0x00000000007e9940       0xa4 drivers/built-in.o
                0x00000000007e9940                sd_select_bus_width
 .text.mmc_set_clock
                0x00000000007e99e4       0x30 drivers/built-in.o
                0x00000000007e99e4                mmc_set_clock
 .text.board_mmc_power_init
                0x00000000007e9a14        0x4 drivers/built-in.o
                0x00000000007e9a14                board_mmc_power_init
 .text.mmc_start_init
                0x00000000007e9a18      0x29c drivers/built-in.o
                0x00000000007e9a18                mmc_start_init
 .text.mmc_init
                0x00000000007e9cb4      0x8c4 drivers/built-in.o
                0x00000000007e9cb4                mmc_init
 .text.mmc_initialize
                0x00000000007ea578       0x58 drivers/built-in.o
                0x00000000007ea578                mmc_initialize
 .text.mmc_berase
                0x00000000007ea5d0        0x8 drivers/built-in.o
 .text.mmc_bwrite
                0x00000000007ea5d8        0x8 drivers/built-in.o
 .text.find_mmc_device
                0x00000000007ea5e0       0x5c drivers/built-in.o
                0x00000000007ea5e0                find_mmc_device
 .text.mmc_select_hwpartp
                0x00000000007ea63c       0x64 drivers/built-in.o
 .text.mmc_get_dev
                0x00000000007ea6a0       0x40 drivers/built-in.o
 .text.mmc_get_next_devnum
                0x00000000007ea6e0       0x14 drivers/built-in.o
                0x00000000007ea6e0                mmc_get_next_devnum
 .text.mmc_get_blk_desc
                0x00000000007ea6f4        0x8 drivers/built-in.o
                0x00000000007ea6f4                mmc_get_blk_desc
 .text.mmc_do_preinit
                0x00000000007ea6fc       0x44 drivers/built-in.o
                0x00000000007ea6fc                mmc_do_preinit
 .text.mmc_list_init
                0x00000000007ea740       0x1c drivers/built-in.o
                0x00000000007ea740                mmc_list_init
 .text.mmc_list_add
                0x00000000007ea75c       0x20 drivers/built-in.o
                0x00000000007ea75c                mmc_list_add
 .text.mmc_create
                0x00000000007ea77c       0xd0 drivers/built-in.o
                0x00000000007ea77c                mmc_create
 .text.esdhc_set_ios
                0x00000000007ea84c      0x150 drivers/built-in.o
 .text.esdhc_init
                0x00000000007ea99c       0xe0 drivers/built-in.o
 .text.esdhc_getcd
                0x00000000007eaa7c       0x48 drivers/built-in.o
 .text.check_and_invalidate_dcache_range.isra.3
                0x00000000007eaac4       0x54 drivers/built-in.o
 .text.esdhc_send_cmd
                0x00000000007eab18      0x3f4 drivers/built-in.o
 .text.fsl_esdhc_initialize
                0x00000000007eaf0c      0x26c drivers/built-in.o
                0x00000000007eaf0c                fsl_esdhc_initialize
 .text.fsl_esdhc_mmc_init
                0x00000000007eb178       0x3c drivers/built-in.o
                0x00000000007eb178                fsl_esdhc_mmc_init
 .text.get_current
                0x00000000007eb1b4       0x40 drivers/built-in.o
 .text.serial_init
                0x00000000007eb1f4       0x24 drivers/built-in.o
                0x00000000007eb1f4                serial_init
 .text.serial_setbrg
                0x00000000007eb218       0x18 drivers/built-in.o
                0x00000000007eb218                serial_setbrg
 .text.serial_getc
                0x00000000007eb230       0x18 drivers/built-in.o
                0x00000000007eb230                serial_getc
 .text.serial_tstc
                0x00000000007eb248       0x18 drivers/built-in.o
                0x00000000007eb248                serial_tstc
 .text.serial_putc
                0x00000000007eb260       0x28 drivers/built-in.o
                0x00000000007eb260                serial_putc
 .text.serial_puts
                0x00000000007eb288       0x28 drivers/built-in.o
                0x00000000007eb288                serial_puts
 .text.default_serial_puts
                0x00000000007eb2b0       0x3c drivers/built-in.o
                0x00000000007eb2b0                default_serial_puts
 .text.mxc_serial_getc
                0x00000000007eb2ec       0x28 drivers/built-in.o
 .text.mxc_serial_putc
                0x00000000007eb314       0x50 drivers/built-in.o
 .text.mxc_serial_tstc
                0x00000000007eb364       0x64 drivers/built-in.o
 .text.mxc_serial_setbrg
                0x00000000007eb3c8       0x78 drivers/built-in.o
 .text.mxc_serial_init
                0x00000000007eb440       0x6c drivers/built-in.o
 .text.default_serial_console
                0x00000000007eb4ac        0xc drivers/built-in.o
                0x00000000007eb4ac                default_serial_console
 .text.do_job   0x00000000007eb4b8       0xd8 drivers/built-in.o
 .text.jr_reset
                0x00000000007eb590       0xb4 drivers/built-in.o
 .text.caam_open
                0x00000000007eb644      0x464 drivers/built-in.o
                0x00000000007eb644                caam_open
 .text.gpio_set_value
                0x00000000007ebaa8       0x54 drivers/built-in.o
                0x00000000007ebaa8                gpio_set_value
 .text.gpio_get_value
                0x00000000007ebafc       0x38 drivers/built-in.o
                0x00000000007ebafc                gpio_get_value
 .text.gpio_request
                0x00000000007ebb34        0xc drivers/built-in.o
                0x00000000007ebb34                gpio_request
 .text.gpio_free
                0x00000000007ebb40        0x8 drivers/built-in.o
                0x00000000007ebb40                gpio_free
 .text.gpio_direction_input
                0x00000000007ebb48       0x48 drivers/built-in.o
                0x00000000007ebb48                gpio_direction_input
 .text.gpio_direction_output
                0x00000000007ebb90       0x60 drivers/built-in.o
                0x00000000007ebb90                gpio_direction_output
 .text.ddr_load_train_firmware
                0x00000000007ebbf0      0x1b8 drivers/built-in.o
                0x00000000007ebbf0                ddr_load_train_firmware
 .text.ddrphy_trained_csr_save
                0x00000000007ebda8       0x7c drivers/built-in.o
                0x00000000007ebda8                ddrphy_trained_csr_save
 .text.dram_config_save
                0x00000000007ebe24      0x140 drivers/built-in.o
                0x00000000007ebe24                dram_config_save
 .text.wait_ddrphy_training_complete
                0x00000000007ebf64      0x108 drivers/built-in.o
                0x00000000007ebf64                wait_ddrphy_training_complete
 .text.ddrphy_init_set_dfi_clk
                0x00000000007ec06c       0x90 drivers/built-in.o
                0x00000000007ec06c                ddrphy_init_set_dfi_clk
 .text.ddrphy_init_read_msg_block
                0x00000000007ec0fc        0x4 drivers/built-in.o
                0x00000000007ec0fc                ddrphy_init_read_msg_block
 .text.ddr_cfg_phy
                0x00000000007ec100      0x174 drivers/built-in.o
                0x00000000007ec100                ddr_cfg_phy
 .text.lpddr4_cfg_umctl2
                0x00000000007ec274       0x28 drivers/built-in.o
                0x00000000007ec274                lpddr4_cfg_umctl2
 .text.ddr_init
                0x00000000007ec29c      0x3d8 drivers/built-in.o
                0x00000000007ec29c                ddr_init
 .text.check_reg
                0x00000000007ec674       0x34 drivers/built-in.o
                0x00000000007ec674                check_reg
 .text.pmic_alloc
                0x00000000007ec6a8       0x64 drivers/built-in.o
                0x00000000007ec6a8                pmic_alloc
 .text.pmic_get
                0x00000000007ec70c       0x64 drivers/built-in.o
                0x00000000007ec70c                pmic_get
 .text.pmic_reg_write
                0x00000000007ec770       0xe8 drivers/built-in.o
                0x00000000007ec770                pmic_reg_write
 .text.pmic_reg_read
                0x00000000007ec858      0x100 drivers/built-in.o
                0x00000000007ec858                pmic_reg_read
 .text.pmic_probe
                0x00000000007ec958       0x44 drivers/built-in.o
                0x00000000007ec958                pmic_probe
 .text.power_pfuze100_init
                0x00000000007ec99c       0x70 drivers/built-in.o
                0x00000000007ec99c                power_pfuze100_init
 .text.usb_ep_autoconfig
                0x00000000007eca0c      0x210 drivers/built-in.o
                0x00000000007eca0c                usb_ep_autoconfig
 .text.usb_ep_autoconfig_reset
                0x00000000007ecc1c       0x30 drivers/built-in.o
                0x00000000007ecc1c                usb_ep_autoconfig_reset
 .text.usb_descriptor_fillbuf
                0x00000000007ecc4c       0x84 drivers/built-in.o
                0x00000000007ecc4c                usb_descriptor_fillbuf
 .text.usb_gadget_get_string
                0x00000000007eccd0      0x194 drivers/built-in.o
                0x00000000007eccd0                usb_gadget_get_string
 .text.count_configs
                0x00000000007ece64       0x68 drivers/built-in.o
 .text.collect_langs
                0x00000000007ececc       0x44 drivers/built-in.o
 .text.composite_setup_complete
                0x00000000007ecf10        0x4 drivers/built-in.o
 .text.count_ext_prop
                0x00000000007ecf14       0x58 drivers/built-in.o
 .text.len_ext_prop
                0x00000000007ecf6c       0x60 drivers/built-in.o
 .text.composite_suspend
                0x00000000007ecfcc       0x80 drivers/built-in.o
 .text.composite_resume
                0x00000000007ed04c       0x7c drivers/built-in.o
 .text.g_dnl_unbind
                0x00000000007ed0c8       0x34 drivers/built-in.o
 .text.lookup_string
                0x00000000007ed0fc       0x64 drivers/built-in.o
 .text.composite_unbind
                0x00000000007ed160      0x12c drivers/built-in.o
 .text.composite_bind
                0x00000000007ed28c      0x208 drivers/built-in.o
 .text.g_dnl_do_config
                0x00000000007ed494       0x64 drivers/built-in.o
 .text.reset_config.isra.0
                0x00000000007ed4f8       0x5c drivers/built-in.o
 .text.composite_disconnect
                0x00000000007ed554       0x4c drivers/built-in.o
 .text.count_ext_compat
                0x00000000007ed5a0       0xb0 drivers/built-in.o
 .text.composite_setup
                0x00000000007ed650      0xdd8 drivers/built-in.o
 .text.usb_add_function
                0x00000000007ee428       0xc0 drivers/built-in.o
                0x00000000007ee428                usb_add_function
 .text.usb_interface_id
                0x00000000007ee4e8       0x30 drivers/built-in.o
                0x00000000007ee4e8                usb_interface_id
 .text.usb_add_config
                0x00000000007ee518       0xd4 drivers/built-in.o
                0x00000000007ee518                usb_add_config
 .text.usb_string_id
                0x00000000007ee5ec       0x28 drivers/built-in.o
                0x00000000007ee5ec                usb_string_id
 .text.usb_composite_register
                0x00000000007ee614       0x74 drivers/built-in.o
                0x00000000007ee614                usb_composite_register
 .text.g_dnl_get_board_bcd_device_number
                0x00000000007ee688        0x4 drivers/built-in.o
                0x00000000007ee688                g_dnl_get_board_bcd_device_number
 .text.g_dnl_bind
                0x00000000007ee68c      0x160 drivers/built-in.o
 .text.g_dnl_clear_detach
                0x00000000007ee7ec        0xc drivers/built-in.o
                0x00000000007ee7ec                g_dnl_clear_detach
 .text.g_dnl_register
                0x00000000007ee7f8       0x4c drivers/built-in.o
                0x00000000007ee7f8                g_dnl_register
 .text.sdp_get_alt
                0x00000000007ee844        0x8 drivers/built-in.o
 .text.sdp_tx_complete
                0x00000000007ee84c       0x94 drivers/built-in.o
 .text.sdp_spl_fit_read
                0x00000000007ee8e0       0x28 drivers/built-in.o
 .text.sdp_setup
                0x00000000007ee908      0x114 drivers/built-in.o
 .text.sdp_rx_data_complete
                0x00000000007eea1c       0xd8 drivers/built-in.o
 .text.sdp_rx_command_complete
                0x00000000007eeaf4      0x230 drivers/built-in.o
 .text.sdp_add  0x00000000007eed24      0x100 drivers/built-in.o
                0x00000000007eed24                sdp_add
 .text.sdp_disable
                0x00000000007eee24       0x3c drivers/built-in.o
 .text.sdp_unbind
                0x00000000007eee60       0x28 drivers/built-in.o
 .text.sdp_bind
                0x00000000007eee88       0x68 drivers/built-in.o
 .text.sdp_set_alt
                0x00000000007eeef0       0xe4 drivers/built-in.o
 .text.sdp_init
                0x00000000007eefd4       0x64 drivers/built-in.o
                0x00000000007eefd4                sdp_init
 .text.sdp_handle
                0x00000000007ef038      0x278 drivers/built-in.o
                0x00000000007ef038                sdp_handle
 .text.usb_udc_release
                0x00000000007ef2b0        0x8 drivers/built-in.o
 .text.usb_gadget_map_request
                0x00000000007ef2b8       0x18 drivers/built-in.o
                0x00000000007ef2b8                usb_gadget_map_request
 .text.usb_gadget_unmap_request
                0x00000000007ef2d0        0x4 drivers/built-in.o
                0x00000000007ef2d0                usb_gadget_unmap_request
 .text.usb_gadget_giveback_request
                0x00000000007ef2d4        0x8 drivers/built-in.o
                0x00000000007ef2d4                usb_gadget_giveback_request
 .text.usb_gadget_set_state
                0x00000000007ef2dc        0x8 drivers/built-in.o
                0x00000000007ef2dc                usb_gadget_set_state
 .text.usb_gadget_udc_reset
                0x00000000007ef2e4       0x2c drivers/built-in.o
                0x00000000007ef2e4                usb_gadget_udc_reset
 .text.usb_add_gadget_udc_release
                0x00000000007ef310       0x74 drivers/built-in.o
                0x00000000007ef310                usb_add_gadget_udc_release
 .text.usb_add_gadget_udc
                0x00000000007ef384        0x8 drivers/built-in.o
                0x00000000007ef384                usb_add_gadget_udc
 .text.usb_gadget_probe_driver
                0x00000000007ef38c      0x104 drivers/built-in.o
                0x00000000007ef38c                usb_gadget_probe_driver
 .text.usb_gadget_register_driver
                0x00000000007ef490        0x4 drivers/built-in.o
                0x00000000007ef490                usb_gadget_register_driver
 .text.blk_driver_lookup_type
                0x00000000007ef494       0x58 drivers/built-in.o
                0x00000000007ef494                blk_driver_lookup_type
 .text.blk_dselect_hwpart
                0x00000000007ef4ec       0x48 drivers/built-in.o
                0x00000000007ef4ec                blk_dselect_hwpart
 .text.dwc3_event_buffers_cleanup
                0x00000000007ef534       0x70 drivers/usb/dwc3/built-in.o
 .text.dwc3_free_event_buffers
                0x00000000007ef5a4       0x48 drivers/usb/dwc3/built-in.o
 .text.dwc3_free_scratch_buffers
                0x00000000007ef5ec       0x1c drivers/usb/dwc3/built-in.o
 .text.dwc3_set_suspend_clk
                0x00000000007ef608       0x28 drivers/usb/dwc3/built-in.o
                0x00000000007ef608                dwc3_set_suspend_clk
 .text.dwc3_uboot_init
                0x00000000007ef630      0x80c drivers/usb/dwc3/built-in.o
                0x00000000007ef630                dwc3_uboot_init
 .text.dwc3_uboot_handle_interrupt
                0x00000000007efe3c       0x40 drivers/usb/dwc3/built-in.o
                0x00000000007efe3c                dwc3_uboot_handle_interrupt
 .text.dwc3_gadget_ep0_enable
                0x00000000007efe7c        0x8 drivers/usb/dwc3/built-in.o
 .text.dwc3_gadget_ep0_disable
                0x00000000007efe84        0x8 drivers/usb/dwc3/built-in.o
 .text.dwc3_gadget_get_frame
                0x00000000007efe8c       0x14 drivers/usb/dwc3/built-in.o
 .text.dwc3_gadget_set_selfpowered
                0x00000000007efea0       0x1c drivers/usb/dwc3/built-in.o
 .text.dwc3_suspend_gadget
                0x00000000007efebc       0x1c drivers/usb/dwc3/built-in.o
 .text.dwc3_gadget_ep_alloc_request
                0x00000000007efed8       0x38 drivers/usb/dwc3/built-in.o
 .text.dwc3_gadget_init_hw_endpoints
                0x00000000007eff10      0x18c drivers/usb/dwc3/built-in.o
 .text.dwc3_gadget_ep_free_request
                0x00000000007f009c        0x8 drivers/usb/dwc3/built-in.o
 .text.dwc3_gadget_free_endpoints
                0x00000000007f00a4       0x6c drivers/usb/dwc3/built-in.o
 .text.dwc3_gadget_disconnect_interrupt
                0x00000000007f0110       0x80 drivers/usb/dwc3/built-in.o
 .text.dwc3_gadget_pullup
                0x00000000007f0190      0x110 drivers/usb/dwc3/built-in.o
 .text.dwc3_prepare_trbs
                0x00000000007f02a0      0x2bc drivers/usb/dwc3/built-in.o
 .text.dwc3_gadget_set_test_mode
                0x00000000007f055c       0x3c drivers/usb/dwc3/built-in.o
                0x00000000007f055c                dwc3_gadget_set_test_mode
 .text.dwc3_gadget_set_link_state
                0x00000000007f0598       0xdc drivers/usb/dwc3/built-in.o
                0x00000000007f0598                dwc3_gadget_set_link_state
 .text.dwc3_gadget_wakeup
                0x00000000007f0674       0xe4 drivers/usb/dwc3/built-in.o
 .text.dwc3_gadget_resize_tx_fifos
                0x00000000007f0758       0xac drivers/usb/dwc3/built-in.o
                0x00000000007f0758                dwc3_gadget_resize_tx_fifos
 .text.dwc3_gadget_giveback
                0x00000000007f0804       0xec drivers/usb/dwc3/built-in.o
                0x00000000007f0804                dwc3_gadget_giveback
 .text.dwc3_send_gadget_generic_command
                0x00000000007f08f0       0x6c drivers/usb/dwc3/built-in.o
                0x00000000007f08f0                dwc3_send_gadget_generic_command
 .text.dwc3_send_gadget_ep_cmd
                0x00000000007f095c       0xac drivers/usb/dwc3/built-in.o
                0x00000000007f095c                dwc3_send_gadget_ep_cmd
 .text.__dwc3_gadget_kick_transfer
                0x00000000007f0a08      0x1a0 drivers/usb/dwc3/built-in.o
 .text.dwc3_stop_active_transfer.constprop.19
                0x00000000007f0ba8       0xb0 drivers/usb/dwc3/built-in.o
 .text.dwc3_gadget_ep_queue
                0x00000000007f0c58      0x18c drivers/usb/dwc3/built-in.o
 .text.dwc3_endpoint_transfer_complete
                0x00000000007f0de4      0x238 drivers/usb/dwc3/built-in.o
 .text.dwc3_gadget_ep_dequeue
                0x00000000007f101c       0xc4 drivers/usb/dwc3/built-in.o
 .text.dwc3_remove_requests
                0x00000000007f10e0       0x78 drivers/usb/dwc3/built-in.o
 .text.dwc3_gadget_reset_interrupt
                0x00000000007f1158      0x16c drivers/usb/dwc3/built-in.o
 .text.__dwc3_gadget_ep_enable.constprop.20
                0x00000000007f12c4      0x2f8 drivers/usb/dwc3/built-in.o
 .text.dwc3_gadget_ep_enable
                0x00000000007f15bc       0xe4 drivers/usb/dwc3/built-in.o
 .text.__dwc3_gadget_ep_set_halt
                0x00000000007f16a0      0x130 drivers/usb/dwc3/built-in.o
                0x00000000007f16a0                __dwc3_gadget_ep_set_halt
 .text.__dwc3_gadget_ep_disable
                0x00000000007f17d0       0x8c drivers/usb/dwc3/built-in.o
 .text.dwc3_gadget_stop
                0x00000000007f185c       0x40 drivers/usb/dwc3/built-in.o
 .text.dwc3_gadget_start
                0x00000000007f189c      0x17c drivers/usb/dwc3/built-in.o
 .text.dwc3_gadget_ep_disable
                0x00000000007f1a18       0x70 drivers/usb/dwc3/built-in.o
 .text.dwc3_gadget_ep_set_wedge
                0x00000000007f1a88       0x2c drivers/usb/dwc3/built-in.o
 .text.dwc3_gadget_ep_set_halt
                0x00000000007f1ab4        0x8 drivers/usb/dwc3/built-in.o
 .text.dwc3_gadget_init
                0x00000000007f1abc      0x174 drivers/usb/dwc3/built-in.o
                0x00000000007f1abc                dwc3_gadget_init
 .text.dwc3_gadget_uboot_handle_interrupt
                0x00000000007f1c30      0x5c8 drivers/usb/dwc3/built-in.o
                0x00000000007f1c30                dwc3_gadget_uboot_handle_interrupt
 .text.dwc3_ep0_status_cmpl
                0x00000000007f21f8        0x4 drivers/usb/dwc3/built-in.o
 .text.dwc3_ep0_delegate_req
                0x00000000007f21fc       0x10 drivers/usb/dwc3/built-in.o
 .text.dwc3_ep0_start_trans
                0x00000000007f220c      0x198 drivers/usb/dwc3/built-in.o
 .text.__dwc3_ep0_do_control_data
                0x00000000007f23a4      0x15c drivers/usb/dwc3/built-in.o
 .text.dwc3_ep0_handle_feature
                0x00000000007f2500      0x164 drivers/usb/dwc3/built-in.o
 .text.__dwc3_ep0_do_control_status
                0x00000000007f2664       0x90 drivers/usb/dwc3/built-in.o
 .text.__dwc3_gadget_ep0_queue
                0x00000000007f26f4      0x104 drivers/usb/dwc3/built-in.o
 .text.dwc3_ep0_set_sel_cmpl
                0x00000000007f27f8       0xa8 drivers/usb/dwc3/built-in.o
 .text.dwc3_gadget_ep0_queue
                0x00000000007f28a0       0x2c drivers/usb/dwc3/built-in.o
                0x00000000007f28a0                dwc3_gadget_ep0_queue
 .text.dwc3_ep0_out_start
                0x00000000007f28cc       0x50 drivers/usb/dwc3/built-in.o
                0x00000000007f28cc                dwc3_ep0_out_start
 .text.dwc3_ep0_stall_and_restart
                0x00000000007f291c       0x80 drivers/usb/dwc3/built-in.o
 .text.__dwc3_gadget_ep0_set_halt
                0x00000000007f299c       0x1c drivers/usb/dwc3/built-in.o
                0x00000000007f299c                __dwc3_gadget_ep0_set_halt
 .text.dwc3_gadget_ep0_set_halt
                0x00000000007f29b8       0x1c drivers/usb/dwc3/built-in.o
                0x00000000007f29b8                dwc3_gadget_ep0_set_halt
 .text.dwc3_ep0_interrupt
                0x00000000007f29d4      0x720 drivers/usb/dwc3/built-in.o
                0x00000000007f29d4                dwc3_ep0_interrupt

.iplt           0x00000000007f30f4        0x0
 .iplt          0x00000000007f30f4        0x0 arch/arm/cpu/armv8/start.o

.rodata         0x00000000007f30f8     0x1a55
                0x00000000007f30f8                . = ALIGN (0x8)
 *(SORT_BY_ALIGNMENT(SORT_BY_NAME(.rodata*)))
 .rodata.board_conf_pads
                0x00000000007f30f8       0x20 board/seco/common/built-in.o
                0x00000000007f30f8                board_conf_pads
 .rodata.gpio_ports
                0x00000000007f3118       0x28 drivers/built-in.o
 .rodata.regulator_enable_pads
                0x00000000007f3140       0x10 board/seco/seco_imx8mq_c12/built-in.o
 .rodata.uart_pads
                0x00000000007f3150       0x10 board/seco/seco_imx8mq_c12/built-in.o
 .rodata.usdhc1_pads
                0x00000000007f3160       0x58 board/seco/seco_imx8mq_c12/built-in.o
 .rodata.usdhc2_pads
                0x00000000007f31b8       0x40 board/seco/seco_imx8mq_c12/built-in.o
 .rodata.wdog_pads
                0x00000000007f31f8        0x8 board/seco/seco_imx8mq_c12/built-in.o
 .rodata        0x00000000007f3200       0x14 common/spl/built-in.o
 .rodata.composite_setup
                0x00000000007f3214       0x38 drivers/built-in.o
 .rodata.dram_pll_init
                0x00000000007f324c        0x8 arch/arm/mach-imx/built-in.o
 .rodata.dwc3_gadget_uboot_handle_interrupt
                0x00000000007f3254       0x19 drivers/usb/dwc3/built-in.o
 *fill*         0x00000000007f326d        0x3 
 .rodata.ext_csd_bus_width
                0x00000000007f3270       0x3c drivers/built-in.o
 .rodata.fbase  0x00000000007f32ac       0x10 drivers/built-in.o
 .rodata.fdt_next_tag
                0x00000000007f32bc        0x9 lib/built-in.o
 *fill*         0x00000000007f32c5        0x3 
 .rodata.freqs.9830
                0x00000000007f32c8       0x38 drivers/built-in.o
 .rodata.get_boot_device
                0x00000000007f3300        0xf arch/arm/mach-imx/built-in.o
 *fill*         0x00000000007f330f        0x1 
 .rodata.get_clk_root_target
                0x00000000007f3310        0x7 arch/arm/mach-imx/built-in.o
 *fill*         0x00000000007f3317        0x1 
 .rodata.get_root_clk
                0x00000000007f3318       0x12 arch/arm/mach-imx/built-in.o
 *fill*         0x00000000007f332a        0x2 
 .rodata.gpc_pu_m_core_offset
                0x00000000007f332c       0x2c arch/arm/mach-imx/built-in.o
 .rodata.imx8mm_dram_bypass_tbl
                0x00000000007f3358       0x3c arch/arm/mach-imx/built-in.o
 .rodata.init_uart_clk
                0x00000000007f3394        0x4 arch/arm/mach-imx/built-in.o
 .rodata.mmc_init
                0x00000000007f3398        0x8 drivers/built-in.o
 .rodata.mmc_modes_by_pref
                0x00000000007f33a0       0x20 drivers/built-in.o
 .rodata.mmc_set_capacity
                0x00000000007f33c0        0x8 drivers/built-in.o
 .rodata.mmc_set_card_speed
                0x00000000007f33c8        0x6 drivers/built-in.o
 *fill*         0x00000000007f33ce        0x2 
 .rodata.mmc_versions.10131
                0x00000000007f33d0       0x24 drivers/built-in.o
 .rodata.rng_inst_load_keys
                0x00000000007f33f4       0x10 drivers/built-in.o
 .rodata.rng_inst_sh0_desc
                0x00000000007f3404        0x8 drivers/built-in.o
 .rodata.rng_inst_sh1_desc
                0x00000000007f340c       0x10 drivers/built-in.o
 .rodata.sd_modes_by_pref
                0x00000000007f341c       0x10 drivers/built-in.o
 .rodata.sdp_handle
                0x00000000007f342c        0x7 drivers/built-in.o
 *fill*         0x00000000007f3433        0x1 
 .rodata.spl_boot_mode
                0x00000000007f3434        0x7 arch/arm/mach-imx/built-in.o
 *fill*         0x00000000007f343b        0x1 
 .rodata.i2c_clk_div
                0x00000000007f343c       0xc8 drivers/built-in.o
 .rodata        0x00000000007f3504       0x20 lib/built-in.o
 .rodata.CSWTCH.5
                0x00000000007f3524        0xd arch/arm/mach-imx/built-in.o
 .rodata.__dwc3_ep0_do_control_data.str1.1
                0x00000000007f3531       0x17 drivers/usb/dwc3/built-in.o
                                         0x2f (size before relaxing)
 .rodata.__dwc3_gadget_ep_set_halt.str1.1
                0x00000000007f3548       0x53 drivers/usb/dwc3/built-in.o
 .rodata.__dwc3_gadget_kick_transfer.str1.1
                0x00000000007f359b       0x32 drivers/usb/dwc3/built-in.o
 .rodata.__func__.10647
                0x00000000007f35cd       0x12 drivers/built-in.o
 .rodata.__func__.10681
                0x00000000007f35df        0xd drivers/built-in.o
 .rodata.__func__.10726
                0x00000000007f35ec       0x12 drivers/built-in.o
 .rodata.__func__.11420
                0x00000000007f35fe       0x11 drivers/built-in.o
 .rodata.__func__.11573
                0x00000000007f360f       0x11 drivers/built-in.o
 .rodata.__func__.11719
                0x00000000007f3620        0xf drivers/built-in.o
 .rodata.__func__.7986
                0x00000000007f362f       0x15 common/built-in.o
 .rodata.__func__.8932
                0x00000000007f3644        0xe arch/arm/mach-imx/built-in.o
 .rodata.__func__.9016
                0x00000000007f3652        0xf drivers/built-in.o
 .rodata.__func__.9030
                0x00000000007f3661        0xe drivers/built-in.o
 .rodata.__func__.9060
                0x00000000007f366f       0x14 drivers/built-in.o
 .rodata.__func__.9082
                0x00000000007f3683        0xb drivers/built-in.o
 .rodata.__func__.9424
                0x00000000007f368e       0x13 drivers/usb/dwc3/built-in.o
 .rodata.__func__.9472
                0x00000000007f36a1       0x1c drivers/usb/dwc3/built-in.o
 .rodata.__func__.9481
                0x00000000007f36bd        0xf arch/arm/mach-imx/built-in.o
 .rodata.__func__.9497
                0x00000000007f36cc       0x17 drivers/usb/dwc3/built-in.o
 .rodata.__func__.9524
                0x00000000007f36e3       0x16 drivers/usb/dwc3/built-in.o
 .rodata.__func__.9584
                0x00000000007f36f9       0x17 drivers/usb/dwc3/built-in.o
 .rodata.__func__.9616
                0x00000000007f3710       0x1b drivers/usb/dwc3/built-in.o
 .rodata.__func__.9628
                0x00000000007f372b       0x1d drivers/usb/dwc3/built-in.o
 .rodata.__func__.9645
                0x00000000007f3748       0x1a drivers/usb/dwc3/built-in.o
 .rodata.__func__.9659
                0x00000000007f3762       0x16 drivers/usb/dwc3/built-in.o
 .rodata.__func__.9710
                0x00000000007f3778       0x17 drivers/usb/dwc3/built-in.o
 .rodata.__func__.9768
                0x00000000007f378f       0x1a drivers/usb/dwc3/built-in.o
 .rodata.__func__.9791
                0x00000000007f37a9       0x18 drivers/usb/dwc3/built-in.o
 .rodata._ctype
                0x00000000007f37c1      0x100 lib/built-in.o
                0x00000000007f37c1                _ctype
 .rodata.board_early_init_f.str1.1
                0x00000000007f38c1       0x26 board/seco/seco_imx8mq_c12/built-in.o
 .rodata.board_init.str1.1
                0x00000000007f38e7       0x31 board/seco/seco_imx8mq_c12/built-in.o
 .rodata.board_init_r.str1.1
                0x00000000007f3918       0x62 common/spl/built-in.o
 .rodata.board_mmc_init.str1.1
                0x00000000007f397a       0x1a board/seco/seco_imx8mq_c12/built-in.o
 .rodata.caam_open.str1.1
                0x00000000007f3994      0x113 drivers/built-in.o
 .rodata.check_and_invalidate_dcache_range.isra.3.str1.1
                0x00000000007f3aa7       0x1f drivers/built-in.o
 .rodata.check_reg.str1.1
                0x00000000007f3ac6       0x33 drivers/built-in.o
 .rodata.composite_unbind.str1.1
                0x00000000007f3af9       0x38 drivers/built-in.o
 .rodata.ddr_load_train_firmware.str1.1
                0x00000000007f3b31       0x58 drivers/built-in.o
 .rodata.digits.8824
                0x00000000007f3b89       0x10 lib/built-in.o
 .rodata.do_bad_error.str1.1
                0x00000000007f3b99       0x29 arch/arm/lib/built-in.o
 .rodata.do_bad_fiq.str1.1
                0x00000000007f3bc2       0x27 arch/arm/lib/built-in.o
 .rodata.do_bad_irq.str1.1
                0x00000000007f3be9       0x27 arch/arm/lib/built-in.o
 .rodata.do_bad_sync.str1.1
                0x00000000007f3c10       0x48 arch/arm/lib/built-in.o
 .rodata.do_bootaux.str1.1
                0x00000000007f3c58       0x4c arch/arm/mach-imx/built-in.o
 .rodata.do_error.str1.1
                0x00000000007f3ca4       0x48 arch/arm/lib/built-in.o
                                         0x1d (size before relaxing)
 .rodata.do_fiq.str1.1
                0x00000000007f3ca4       0x48 arch/arm/lib/built-in.o
                                         0x1b (size before relaxing)
 .rodata.do_irq.str1.1
                0x00000000007f3ca4       0x48 arch/arm/lib/built-in.o
                                         0x1b (size before relaxing)
 .rodata.do_reset.str1.1
                0x00000000007f3ca4        0xf arch/arm/lib/built-in.o
 .rodata.do_sync.str1.1
                0x00000000007f3cb3       0x48 arch/arm/lib/built-in.o
                                         0x29 (size before relaxing)
 .rodata.dram_enable_bypass.str1.1
                0x00000000007f3cb3       0x1a arch/arm/mach-imx/built-in.o
 .rodata.dwc3_endpoint_transfer_complete.str1.1
                0x00000000007f3ccd       0x3c drivers/usb/dwc3/built-in.o
 .rodata.dwc3_ep0_interrupt.str1.1
                0x00000000007f3d09       0x23 drivers/usb/dwc3/built-in.o
 .rodata.dwc3_gadget_ep_dequeue.str1.1
                0x00000000007f3d2c       0x21 drivers/usb/dwc3/built-in.o
 .rodata.dwc3_gadget_ep_enable.str1.1
                0x00000000007f3d4d       0x1a drivers/usb/dwc3/built-in.o
 .rodata.dwc3_gadget_init.str1.1
                0x00000000007f3d67       0x87 drivers/usb/dwc3/built-in.o
 .rodata.dwc3_gadget_init_hw_endpoints.str1.1
                0x00000000007f3dee       0x32 drivers/usb/dwc3/built-in.o
 .rodata.dwc3_gadget_start.str1.1
                0x00000000007f3e20       0x30 drivers/usb/dwc3/built-in.o
 .rodata.dwc3_gadget_uboot_handle_interrupt.str1.1
                0x00000000007f3e50       0x33 drivers/usb/dwc3/built-in.o
 .rodata.dwc3_gadget_wakeup.str1.1
                0x00000000007f3e83       0x3e drivers/usb/dwc3/built-in.o
 .rodata.dwc3_uboot_init.str1.1
                0x00000000007f3ec1       0xd2 drivers/usb/dwc3/built-in.o
 .rodata.esdhc_send_cmd.str1.1
                0x00000000007f3f93       0xb8 drivers/built-in.o
 .rodata.fdt_get_alias_namelen.str1.1
                0x00000000007f404b        0x9 lib/built-in.o
 .rodata.find_mmc_device.str1.1
                0x00000000007f4054       0x19 drivers/built-in.o
 .rodata.fit_find_config_node.str1.1
                0x00000000007f406d       0x3c common/built-in.o
                                         0x48 (size before relaxing)
 .rodata.fit_image_get_address.str1.1
                0x00000000007f40a9       0x1d common/built-in.o
 .rodata.fit_image_get_data.str1.1
                0x00000000007f40c6        0x5 common/built-in.o
 .rodata.fit_image_get_data_offset.str1.1
                0x00000000007f40cb        0xc common/built-in.o
 .rodata.fit_image_get_data_position.str1.1
                0x00000000007f40d7        0xe common/built-in.o
 .rodata.fit_image_get_data_size.str1.1
                0x00000000007f40e5        0xa common/built-in.o
 .rodata.fit_image_get_load.str1.1
                0x00000000007f40ef        0xa common/built-in.o
                                          0x5 (size before relaxing)
 .rodata.force_idle_bus.str1.1
                0x00000000007f40ef       0x53 arch/arm/mach-imx/built-in.o
 .rodata.frac_pll_init.str1.1
                0x00000000007f4142        0xc arch/arm/mach-imx/built-in.o
 .rodata.fsl_esdhc_initialize.str1.1
                0x00000000007f414e       0x4e drivers/built-in.o
 .rodata.g_dnl_bind.str1.1
                0x00000000007f419c        0xb drivers/built-in.o
 .rodata.g_dnl_register.str1.1
                0x00000000007f41a7       0x18 drivers/built-in.o
 .rodata.get_current.str1.1
                0x00000000007f41bf       0x15 drivers/built-in.o
 .rodata.hang.str1.1
                0x00000000007f41d4       0x2a lib/built-in.o
 .rodata.hex_asc
                0x00000000007f41fe       0x11 lib/built-in.o
 .rodata.i2c_get_adapter.str1.1
                0x00000000007f420f       0x2d drivers/built-in.o
 .rodata.i2c_imx_stop.str1.1
                0x00000000007f423c       0x18 drivers/built-in.o
 .rodata.i2c_init_transfer.str1.1
                0x00000000007f4254       0x3f drivers/built-in.o
 .rodata.init_uart_clk.str1.1
                0x00000000007f4293       0x14 arch/arm/mach-imx/built-in.o
 .rodata.jr_reset.str1.1
                0x00000000007f42a7       0x34 drivers/built-in.o
 .rodata.manufacturer
                0x00000000007f42db        0x4 drivers/built-in.o
 .rodata.micro_init.str1.1
                0x00000000007f42df       0x4d board/seco/seco_imx8mq_c12/built-in.o
                                         0x53 (size before relaxing)
 .rodata.mmc_bread.str1.1
                0x00000000007f432c       0x47 drivers/built-in.o
 .rodata.mmc_init.str1.1
                0x00000000007f4373       0x55 drivers/built-in.o
 .rodata.mmc_send_status.str1.1
                0x00000000007f43c8       0x32 drivers/built-in.o
 .rodata.mmc_start_init.str1.1
                0x00000000007f43fa       0x3f drivers/built-in.o
 .rodata.multipliers
                0x00000000007f4439       0x10 drivers/built-in.o
 .rodata.name.9058
                0x00000000007f4449        0x9 drivers/built-in.o
 .rodata.pfuze_mode_init.str1.1
                0x00000000007f4452       0x4a board/seco/common/built-in.o
 .rodata.pmic_alloc.str1.1
                0x00000000007f449c       0x29 drivers/built-in.o
 .rodata.pmic_probe.str1.1
                0x00000000007f44c5       0x14 drivers/built-in.o
 .rodata.pmic_reg_write.str1.1
                0x00000000007f44d9       0x17 drivers/built-in.o
 .rodata.power_init_board.str1.1
                0x00000000007f44f0       0x28 board/seco/seco_imx8mq_c12/built-in.o
 .rodata.power_pfuze100_init.str1.1
                0x00000000007f4518       0x1d drivers/built-in.o
 .rodata.preloader_console_init.str1.1
                0x00000000007f4535       0x43 common/spl/built-in.o
 .rodata.product
                0x00000000007f4578       0x14 drivers/built-in.o
 .rodata.regulator_enable_init.str1.1
                0x00000000007f458c        0xd board/seco/seco_imx8mq_c12/built-in.o
 .rodata.sdp_add.str1.1
                0x00000000007f4599        0xa drivers/built-in.o
                                          0x4 (size before relaxing)
 .rodata.sdp_handle.str1.1
                0x00000000007f4599       0x69 drivers/built-in.o
 .rodata.sdp_init.str1.1
                0x00000000007f4602       0x32 drivers/built-in.o
 .rodata.sdp_name
                0x00000000007f4634       0x1b drivers/built-in.o
 .rodata.sdp_rx_command_complete.str1.1
                0x00000000007f464f       0x64 drivers/built-in.o
 .rodata.sdp_rx_data_complete.str1.1
                0x00000000007f46b3       0x2f drivers/built-in.o
 .rodata.sdp_tx_complete.str1.1
                0x00000000007f46e2       0x1d drivers/built-in.o
 .rodata.setup_i2c.str1.1
                0x00000000007f46ff       0x18 arch/arm/mach-imx/built-in.o
 .rodata.show_regs.str1.1
                0x00000000007f4717       0x57 arch/arm/lib/built-in.o
                                         0x59 (size before relaxing)
 .rodata.spl_board_init.str1.1
                0x00000000007f476e        0xd board/seco/seco_imx8mq_c12/built-in.o
 .rodata.spl_boot_mode.str1.1
                0x00000000007f477b       0x21 arch/arm/mach-imx/built-in.o
 .rodata.spl_dram_init.str1.1
                0x00000000007f479c       0x27 board/seco/seco_imx8mq_c12/built-in.o
 .rodata.spl_fit_get_image_node.str1.1
                0x00000000007f47c3       0x39 common/spl/built-in.o
 .rodata.spl_load_fit_image.str1.1
                0x00000000007f47fc       0x22 common/spl/built-in.o
 .rodata.spl_load_simple_fit.str1.1
                0x00000000007f481e       0x1f common/spl/built-in.o
 .rodata.spl_mmc_load_image.str1.1
                0x00000000007f483d      0x10b common/spl/built-in.o
 .rodata.spl_sdp_load_image.str1.1
                0x00000000007f4948       0x2c common/spl/built-in.o
 .rodata.spl_set_header_raw_uboot.str1.1
                0x00000000007f4974        0x7 common/spl/built-in.o
 .rodata.str1.1
                0x00000000007f497b       0xfb arch/arm/mach-imx/built-in.o
 .rodata.str1.1
                0x00000000007f4a76       0x19 common/spl/built-in.o
 .rodata.str1.1
                0x00000000007f4a8f       0x13 drivers/built-in.o
                                         0x1f (size before relaxing)
 .rodata.string.str1.1
                0x00000000007f4aa2        0x7 lib/built-in.o
 .rodata.usb_composite_register.str1.1
                0x00000000007f4aa9        0xa drivers/built-in.o
 .rodata.usb_gadget_probe_driver.str1.1
                0x00000000007f4ab3       0x38 drivers/built-in.o
 .rodata.uuid_bin_to_str.str1.1
                0x00000000007f4aeb        0x5 lib/built-in.o
 .rodata.wait_ddrphy_training_complete.str1.1
                0x00000000007f4af0       0x11 drivers/built-in.o
 .rodata.wait_for_sr_state.str1.1
                0x00000000007f4b01       0x4c drivers/built-in.o

.rela.dyn       0x00000000007f4b50        0x0
 .rela.iplt     0x00000000007f4b50        0x0 arch/arm/cpu/armv8/start.o
 .rela.got      0x00000000007f4b50        0x0 arch/arm/cpu/armv8/start.o

.data           0x00000000007f4b50     0x8b28
                0x00000000007f4b50                . = ALIGN (0x8)
 *(.data*)
 .data.root_array
                0x00000000007f4b50      0x744 arch/arm/mach-imx/built-in.o
 *fill*         0x00000000007f5294        0x4 
 .data.display_count
                0x00000000007f5298        0x8 board/seco/seco_imx8mq_c12/built-in.o
                0x00000000007f5298                display_count
 .data.dwc3_device_data
                0x00000000007f52a0       0x58 board/seco/seco_imx8mq_c12/built-in.o
 .data.i2c_pad_info1
                0x00000000007f52f8       0x30 board/seco/seco_imx8mq_c12/built-in.o
                0x00000000007f52f8                i2c_pad_info1
 .data.usdhc_cfg
                0x00000000007f5328       0x80 board/seco/seco_imx8mq_c12/built-in.o
 .data.lpddr4_ddrc_cfg
                0x00000000007f53a8      0x5e8 board/seco/seco_imx8mq_c12/built-in.o
                0x00000000007f53a8                lpddr4_ddrc_cfg
 .data.lpddr4_ddrphy_cfg
                0x00000000007f5990      0xab0 board/seco/seco_imx8mq_c12/built-in.o
                0x00000000007f5990                lpddr4_ddrphy_cfg
 .data.lpddr4_ddrphy_trained_csr
                0x00000000007f6440     0x2cf0 board/seco/seco_imx8mq_c12/built-in.o
                0x00000000007f6440                lpddr4_ddrphy_trained_csr
 .data.lpddr4_fsp0_2d_cfg
                0x00000000007f9130      0x478 board/seco/seco_imx8mq_c12/built-in.o
                0x00000000007f9130                lpddr4_fsp0_2d_cfg
 .data.lpddr4_fsp0_cfg
                0x00000000007f95a8      0x480 board/seco/seco_imx8mq_c12/built-in.o
                0x00000000007f95a8                lpddr4_fsp0_cfg
 .data.lpddr4_fsp1_cfg
                0x00000000007f9a28      0x460 board/seco/seco_imx8mq_c12/built-in.o
                0x00000000007f9a28                lpddr4_fsp1_cfg
 .data.lpddr4_fsp2_cfg
                0x00000000007f9e88      0x238 board/seco/seco_imx8mq_c12/built-in.o
                0x00000000007f9e88                lpddr4_fsp2_cfg
 .data.lpddr4_phy_pie
                0x00000000007fa0c0     0x24f8 board/seco/seco_imx8mq_c12/built-in.o
                0x00000000007fa0c0                lpddr4_phy_pie
 .data.rel.local.dram_timing
                0x00000000007fc5b8       0x60 board/seco/seco_imx8mq_c12/built-in.o
                0x00000000007fc5b8                dram_timing
 .data.rel.local.lpddr4_dram_fsp_msg
                0x00000000007fc618       0xa8 board/seco/seco_imx8mq_c12/built-in.o
                0x00000000007fc618                lpddr4_dram_fsp_msg
 .data.rel.local.dram_timing_b0
                0x00000000007fc6c0       0x60 board/seco/seco_imx8mq_c12/built-in.o
                0x00000000007fc6c0                dram_timing_b0
 .data          0x00000000007fc720       0xa8 common/spl/built-in.o
 .data.rel.local.av_
                0x00000000007fc7c8      0x810 common/built-in.o
 .data.sbrk_base
                0x00000000007fcfd8        0x8 common/built-in.o
 .data.trim_threshold
                0x00000000007fcfe0        0x8 common/built-in.o
 .data.mxc_i2c_buses
                0x00000000007fcfe8       0xe0 drivers/built-in.o
 .data.cur_dev_num
                0x00000000007fd0c8        0x4 drivers/built-in.o
 *fill*         0x00000000007fd0cc        0x4 
 .data.rel.ro.local.esdhc_ops
                0x00000000007fd0d0       0x28 drivers/built-in.o
 .data.one_time_rx_line_always_low_workaround_needed
                0x00000000007fd0f8        0x4 drivers/built-in.o
 *fill*         0x00000000007fd0fc        0x4 
 .data.rel.mxc_serial_drv
                0x00000000007fd100       0x50 drivers/built-in.o
 .data.g_jrdata
                0x00000000007fd150      0x220 drivers/built-in.o
 .data.rel.local.pmic_list
                0x00000000007fd370       0x10 drivers/built-in.o
 .data.device_desc
                0x00000000007fd380       0x12 drivers/built-in.o
 .data.qw_sign_buf
                0x00000000007fd392        0x7 drivers/built-in.o
 *fill*         0x00000000007fd399        0x7 
 .data.rel.local.composite_driver
                0x00000000007fd3a0       0x48 drivers/built-in.o
 .data.rel.local.g_dnl_composite_strings
                0x00000000007fd3e8       0x10 drivers/built-in.o
 .data.rel.local.g_dnl_driver
                0x00000000007fd3f8       0x40 drivers/built-in.o
 .data.rel.local.g_dnl_string_defs
                0x00000000007fd438       0x40 drivers/built-in.o
 .data.rel.local.g_dnl_string_tab
                0x00000000007fd478       0x10 drivers/built-in.o
 .data.in_desc  0x00000000007fd488        0x9 drivers/built-in.o
 *fill*         0x00000000007fd491        0x7 
 .data.rel.local.sdp_generic_strings
                0x00000000007fd498       0x10 drivers/built-in.o
 .data.rel.local.sdp_runtime_descs
                0x00000000007fd4a8       0x20 drivers/built-in.o
 .data.rel.local.strings_sdp_generic
                0x00000000007fd4c8       0x20 drivers/built-in.o
 .data.rel.local.stringtab_sdp_generic
                0x00000000007fd4e8       0x10 drivers/built-in.o
 .data.sdp_hid_desc
                0x00000000007fd4f8        0x9 drivers/built-in.o
 .data.sdp_hid_report
                0x00000000007fd501       0x4c drivers/built-in.o
 .data.sdp_intf_runtime
                0x00000000007fd54d        0x9 drivers/built-in.o
 *fill*         0x00000000007fd556        0x2 
 .data.rel.local.udc_list
                0x00000000007fd558       0x10 drivers/built-in.o
 .data.rel.local.dwc3_list
                0x00000000007fd568       0x10 drivers/usb/dwc3/built-in.o
 .data.dwc3_gadget_ep0_desc
                0x00000000007fd578        0x9 drivers/usb/dwc3/built-in.o
 *fill*         0x00000000007fd581        0x7 
 .data.rel.ro.dwc3_gadget_ep0_ops
                0x00000000007fd588       0x50 drivers/usb/dwc3/built-in.o
 .data.rel.ro.local.dwc3_gadget_ep_ops
                0x00000000007fd5d8       0x50 drivers/usb/dwc3/built-in.o
 .data.rel.ro.local.dwc3_gadget_ops
                0x00000000007fd628       0x50 drivers/usb/dwc3/built-in.o

.igot.plt       0x00000000007fd678        0x0
 .igot.plt      0x00000000007fd678        0x0 arch/arm/cpu/armv8/start.o

.got            0x00000000007fd678       0x48
 .got           0x00000000007fd678       0x48 arch/arm/cpu/armv8/start.o
                0x00000000007fd678                _GLOBAL_OFFSET_TABLE_

.got.plt        0x00000000007fd6c0       0x18
 .got.plt       0x00000000007fd6c0       0x18 arch/arm/cpu/armv8/start.o

.u_boot_list    0x00000000007fd6d8      0x1a0
                0x00000000007fd6d8                . = ALIGN (0x8)
 *(SORT_BY_NAME(.u_boot_list*))
 .u_boot_list_2_blk_driver_1
                0x00000000007fd6d8        0x0 drivers/built-in.o
 .u_boot_list_2_blk_driver_2_mmc
                0x00000000007fd6d8       0x28 drivers/built-in.o
                0x00000000007fd6d8                _u_boot_list_2_blk_driver_2_mmc
 .u_boot_list_2_blk_driver_3
                0x00000000007fd700        0x0 drivers/built-in.o
 .u_boot_list_2_cmd_1
                0x00000000007fd700        0x0 common/built-in.o
 .u_boot_list_2_cmd_2_bootaux
                0x00000000007fd700       0x30 arch/arm/mach-imx/built-in.o
                0x00000000007fd700                _u_boot_list_2_cmd_2_bootaux
 .u_boot_list_2_cmd_3
                0x00000000007fd730        0x0 common/built-in.o
 .u_boot_list_2_env_driver_1
                0x00000000007fd730        0x0 env/built-in.o
 .u_boot_list_2_env_driver_3
                0x00000000007fd730        0x0 env/built-in.o
 .u_boot_list_2_fit_loadable_1
                0x00000000007fd730        0x0 common/built-in.o
 .u_boot_list_2_fit_loadable_3
                0x00000000007fd730        0x0 common/built-in.o
 .u_boot_list_2_g_dnl_bind_callbacks_1
                0x00000000007fd730        0x0 drivers/built-in.o
 .u_boot_list_2_g_dnl_bind_callbacks_2___usb_function_name_usb_dnl_sdp
                0x00000000007fd730       0x10 drivers/built-in.o
                0x00000000007fd730                _u_boot_list_2_g_dnl_bind_callbacks_2___usb_function_name_usb_dnl_sdp
 .u_boot_list_2_i2c_1
                0x00000000007fd740        0x0 drivers/built-in.o
 .u_boot_list_2_i2c_2_mxc0
                0x00000000007fd740       0x48 drivers/built-in.o
                0x00000000007fd740                _u_boot_list_2_i2c_2_mxc0
 .u_boot_list_2_i2c_2_mxc1
                0x00000000007fd788       0x48 drivers/built-in.o
                0x00000000007fd788                _u_boot_list_2_i2c_2_mxc1
 .u_boot_list_2_i2c_2_mxc2
                0x00000000007fd7d0       0x48 drivers/built-in.o
                0x00000000007fd7d0                _u_boot_list_2_i2c_2_mxc2
 .u_boot_list_2_i2c_3
                0x00000000007fd818        0x0 drivers/built-in.o
 .u_boot_list_2_spl_image_loader_1
                0x00000000007fd818        0x0 common/spl/built-in.o
 .u_boot_list_2_spl_image_loader_2_spl_mmc_load_image0BOOT_DEVICE_MMC1
                0x00000000007fd818       0x18 common/spl/built-in.o
                0x00000000007fd818                _u_boot_list_2_spl_image_loader_2_spl_mmc_load_image0BOOT_DEVICE_MMC1
 .u_boot_list_2_spl_image_loader_2_spl_mmc_load_image0BOOT_DEVICE_MMC2
                0x00000000007fd830       0x18 common/spl/built-in.o
                0x00000000007fd830                _u_boot_list_2_spl_image_loader_2_spl_mmc_load_image0BOOT_DEVICE_MMC2
 .u_boot_list_2_spl_image_loader_2_spl_mmc_load_image0BOOT_DEVICE_MMC2_2
                0x00000000007fd848       0x18 common/spl/built-in.o
                0x00000000007fd848                _u_boot_list_2_spl_image_loader_2_spl_mmc_load_image0BOOT_DEVICE_MMC2_2
 .u_boot_list_2_spl_image_loader_2_spl_sdp_load_image0BOOT_DEVICE_BOARD
                0x00000000007fd860       0x18 common/spl/built-in.o
                0x00000000007fd860                _u_boot_list_2_spl_image_loader_2_spl_sdp_load_image0BOOT_DEVICE_BOARD
 .u_boot_list_2_spl_image_loader_3
                0x00000000007fd878        0x0 common/spl/built-in.o

.image_copy_end
                0x00000000007fd878        0x0
                0x00000000007fd878                . = ALIGN (0x8)
 *(.__image_copy_end)

.end            0x00000000007fd878        0x0
                0x00000000007fd878                . = ALIGN (0x8)
 *(.__end)
 .__end         0x00000000007fd878        0x0 arch/arm/lib/built-in.o
                0x00000000007fd878                _end
                0x00000000007fd878                _image_binary_end = .

.bss_start      0x0000000000180000        0x0
                0x0000000000180000                . = ALIGN (0x8)
 *(.__bss_start)
 .__bss_start   0x0000000000180000        0x0 arch/arm/lib/built-in.o
                0x0000000000180000                __bss_start

.bss            0x0000000000180000      0x1c0
 *(.bss*)
 .bss.ctrlc_disabled
                0x0000000000180000        0x4 common/built-in.o
 .bss.ctrlc_was_pressed
                0x0000000000180004        0x4 common/built-in.o
 .bss.current_mallinfo
                0x0000000000180008       0x28 common/built-in.o
 .bss.max_sbrked_mem
                0x0000000000180030        0x8 common/built-in.o
 .bss.max_total_mem
                0x0000000000180038        0x8 common/built-in.o
 .bss.mem_malloc_brk
                0x0000000000180040        0x8 common/built-in.o
                0x0000000000180040                mem_malloc_brk
 .bss.mem_malloc_end
                0x0000000000180048        0x8 common/built-in.o
                0x0000000000180048                mem_malloc_end
 .bss.mem_malloc_start
                0x0000000000180050        0x8 common/built-in.o
                0x0000000000180050                mem_malloc_start
 .bss.top_pad   0x0000000000180058        0x8 common/built-in.o
 .bss.stdio_devices
                0x0000000000180060       0x18 common/built-in.o
                0x0000000000180060                stdio_devices
 .bss.initialized.10229
                0x0000000000180078        0x4 drivers/built-in.o
 *fill*         0x000000000018007c        0x4 
 .bss.mmc_devices
                0x0000000000180080       0x10 drivers/built-in.o
 .bss.serial_current
                0x0000000000180090        0x8 drivers/built-in.o
 .bss.epnum     0x0000000000180098        0x4 drivers/built-in.o
 *fill*         0x000000000018009c        0x4 
 .bss.composite
                0x00000000001800a0        0x8 drivers/built-in.o
 .bss.g_dnl_detach_request
                0x00000000001800a8        0x1 drivers/built-in.o
 .bss.g_dnl_serial
                0x00000000001800a9      0x100 drivers/built-in.o
 *fill*         0x00000000001801a9        0x7 
 .bss.sdp_func  0x00000000001801b0        0x8 drivers/built-in.o
 .bss.__warned.9469
                0x00000000001801b8        0x1 drivers/usb/dwc3/built-in.o
 .bss.__warned.9494
                0x00000000001801b9        0x1 drivers/usb/dwc3/built-in.o
 .bss.__warned.9707
                0x00000000001801ba        0x1 drivers/usb/dwc3/built-in.o
 .bss.__warned.9765
                0x00000000001801bb        0x1 drivers/usb/dwc3/built-in.o
 .bss.__warned.9788
                0x00000000001801bc        0x1 drivers/usb/dwc3/built-in.o
 .bss.__warned.9642
                0x00000000001801bd        0x1 drivers/usb/dwc3/built-in.o
 .bss.__warned.9656
                0x00000000001801be        0x1 drivers/usb/dwc3/built-in.o
                0x00000000001801c0                . = ALIGN (0x8)
 *fill*         0x00000000001801bf        0x1 

.bss_end        0x00000000001801c0        0x0
 *(.__bss_end)
 .__bss_end     0x00000000001801c0        0x0 arch/arm/lib/built-in.o
                0x00000000001801c0                __bss_end

/DISCARD/
 *(.dynsym)
 *(.dynstr*)
 *(.dynamic*)
 *(.plt*)
 *(.interp*)
 *(.gnu*)
Address of section .text set to 0x7e1000
LOAD arch/arm/cpu/armv8/start.o
START GROUP
LOAD arch/arm/cpu/armv8/built-in.o
LOAD arch/arm/cpu/built-in.o
LOAD arch/arm/lib/built-in.o
LOAD arch/arm/mach-imx/built-in.o
LOAD board/seco/seco_imx8mq_c12/built-in.o
LOAD board/seco/common/built-in.o
LOAD common/spl/built-in.o
LOAD common/init/built-in.o
LOAD common/built-in.o
LOAD cmd/built-in.o
LOAD env/built-in.o
LOAD lib/built-in.o
LOAD drivers/built-in.o
LOAD drivers/usb/dwc3/built-in.o
LOAD dts/built-in.o
LOAD fs/built-in.o
END GROUP
LOAD /usr/lib/gcc-cross/aarch64-linux-gnu/7/libgcc.a
OUTPUT(u-boot-spl elf64-littleaarch64)

.debug_line     0x0000000000000000    0x1be09
 .debug_line    0x0000000000000000       0x89 arch/arm/cpu/armv8/start.o
 .debug_line    0x0000000000000089      0xc23 arch/arm/cpu/armv8/built-in.o
 .debug_line    0x0000000000000cac     0x1033 arch/arm/lib/built-in.o
 .debug_line    0x0000000000001cdf     0x2e53 arch/arm/mach-imx/built-in.o
 .debug_line    0x0000000000004b32      0xd89 board/seco/seco_imx8mq_c12/built-in.o
 .debug_line    0x00000000000058bb      0x7be board/seco/common/built-in.o
 .debug_line    0x0000000000006079      0xd34 common/spl/built-in.o
 .debug_line    0x0000000000006dad      0x1fd common/init/built-in.o
 .debug_line    0x0000000000006faa     0x4a28 common/built-in.o
 .debug_line    0x000000000000b9d2      0x5d2 env/built-in.o
 .debug_line    0x000000000000bfa4     0x5a65 lib/built-in.o
 .debug_line    0x0000000000011a09     0x843f drivers/built-in.o
 .debug_line    0x0000000000019e48     0x1fc1 drivers/usb/dwc3/built-in.o

.debug_info     0x0000000000000000    0xcf9a8
 .debug_info    0x0000000000000000       0x2e arch/arm/cpu/armv8/start.o
 .debug_info    0x000000000000002e     0x43ae arch/arm/cpu/armv8/built-in.o
 .debug_info    0x00000000000043dc     0x75b8 arch/arm/lib/built-in.o
 .debug_info    0x000000000000b994    0x15b90 arch/arm/mach-imx/built-in.o
 .debug_info    0x0000000000021524     0x9c6d board/seco/seco_imx8mq_c12/built-in.o
 .debug_info    0x000000000002b191     0x5287 board/seco/common/built-in.o
 .debug_info    0x0000000000030418     0x7e7f common/spl/built-in.o
 .debug_info    0x0000000000038297     0x1045 common/init/built-in.o
 .debug_info    0x00000000000392dc    0x2135e common/built-in.o
 .debug_info    0x000000000005a63a     0x2daa env/built-in.o
 .debug_info    0x000000000005d3e4    0x1e8ea lib/built-in.o
 .debug_info    0x000000000007bcce    0x4365b drivers/built-in.o
 .debug_info    0x00000000000bf329    0x1067f drivers/usb/dwc3/built-in.o

.debug_abbrev   0x0000000000000000    0x1ae16
 .debug_abbrev  0x0000000000000000       0x14 arch/arm/cpu/armv8/start.o
 .debug_abbrev  0x0000000000000014      0xc1a arch/arm/cpu/armv8/built-in.o
 .debug_abbrev  0x0000000000000c2e     0x139d arch/arm/lib/built-in.o
 .debug_abbrev  0x0000000000001fcb     0x2e2a arch/arm/mach-imx/built-in.o
 .debug_abbrev  0x0000000000004df5      0xd29 board/seco/seco_imx8mq_c12/built-in.o
 .debug_abbrev  0x0000000000005b1e      0x94d board/seco/common/built-in.o
 .debug_abbrev  0x000000000000646b     0x12c7 common/spl/built-in.o
 .debug_abbrev  0x0000000000007732      0x2e6 common/init/built-in.o
 .debug_abbrev  0x0000000000007a18     0x3e71 common/built-in.o
 .debug_abbrev  0x000000000000b889      0x759 env/built-in.o
 .debug_abbrev  0x000000000000bfe2     0x54d0 lib/built-in.o
 .debug_abbrev  0x00000000000114b2     0x8711 drivers/built-in.o
 .debug_abbrev  0x0000000000019bc3     0x1253 drivers/usb/dwc3/built-in.o

.debug_aranges  0x0000000000000000     0x4fb0
 .debug_aranges
                0x0000000000000000       0x30 arch/arm/cpu/armv8/start.o
 .debug_aranges
                0x0000000000000030      0x2f0 arch/arm/cpu/armv8/built-in.o
 .debug_aranges
                0x0000000000000320      0x300 arch/arm/lib/built-in.o
 .debug_aranges
                0x0000000000000620      0x720 arch/arm/mach-imx/built-in.o
 .debug_aranges
                0x0000000000000d40      0x200 board/seco/seco_imx8mq_c12/built-in.o
 .debug_aranges
                0x0000000000000f40      0x120 board/seco/common/built-in.o
 .debug_aranges
                0x0000000000001060      0x220 common/spl/built-in.o
 .debug_aranges
                0x0000000000001280       0x50 common/init/built-in.o
 .debug_aranges
                0x00000000000012d0      0xf30 common/built-in.o
 .debug_aranges
                0x0000000000002200      0x120 env/built-in.o
 .debug_aranges
                0x0000000000002320     0x1300 lib/built-in.o
 .debug_aranges
                0x0000000000003620     0x1580 drivers/built-in.o
 .debug_aranges
                0x0000000000004ba0      0x410 drivers/usb/dwc3/built-in.o

.debug_str      0x0000000000000000    0x15a13
 .debug_str     0x0000000000000000       0x5d arch/arm/cpu/armv8/start.o
 .debug_str     0x000000000000005d     0x1150 arch/arm/cpu/armv8/built-in.o
                                       0x40ee (size before relaxing)
 .debug_str     0x00000000000011ad      0x3f8 arch/arm/lib/built-in.o
                                       0x6c59 (size before relaxing)
 .debug_str     0x00000000000015a5     0x3980 arch/arm/mach-imx/built-in.o
                                      0x13131 (size before relaxing)
 .debug_str     0x0000000000004f25     0x5191 board/seco/seco_imx8mq_c12/built-in.o
                                       0xe0ca (size before relaxing)
 .debug_str     0x000000000000a0b6      0x16c board/seco/common/built-in.o
                                       0x6c2e (size before relaxing)
 .debug_str     0x000000000000a222     0x19af common/spl/built-in.o
                                       0x66d0 (size before relaxing)
 .debug_str     0x000000000000bbd1       0x55 common/init/built-in.o
                                       0x104b (size before relaxing)
 .debug_str     0x000000000000bc26     0x27cc common/built-in.o
                                      0x14755 (size before relaxing)
 .debug_str     0x000000000000e3f2      0x294 env/built-in.o
                                       0x24a5 (size before relaxing)
 .debug_str     0x000000000000e686     0x17f0 lib/built-in.o
                                      0x1251c (size before relaxing)
 .debug_str     0x000000000000fe76     0x47f1 drivers/built-in.o
                                      0x2a076 (size before relaxing)
 .debug_str     0x0000000000014667     0x13ac drivers/usb/dwc3/built-in.o
                                       0x64fb (size before relaxing)

.comment        0x0000000000000000       0x30
 .comment       0x0000000000000000       0x30 arch/arm/cpu/armv8/built-in.o
                                         0xf5 (size before relaxing)
 .comment       0x0000000000000030      0x1b9 arch/arm/lib/built-in.o
 .comment       0x0000000000000030      0x2ae arch/arm/mach-imx/built-in.o
 .comment       0x0000000000000030       0xc4 board/seco/seco_imx8mq_c12/built-in.o
 .comment       0x0000000000000030       0x93 board/seco/common/built-in.o
 .comment       0x0000000000000030       0xc4 common/spl/built-in.o
 .comment       0x0000000000000030       0x31 common/init/built-in.o
 .comment       0x0000000000000030      0x2df common/built-in.o
 .comment       0x0000000000000030       0x62 env/built-in.o
 .comment       0x0000000000000030      0x620 lib/built-in.o
 .comment       0x0000000000000030      0x620 drivers/built-in.o
 .comment       0x0000000000000030       0x93 drivers/usb/dwc3/built-in.o

.note.GNU-stack
                0x0000000000000000        0x0
 .note.GNU-stack
                0x0000000000000000        0x0 arch/arm/cpu/armv8/built-in.o
 .note.GNU-stack
                0x0000000000000000        0x0 arch/arm/lib/built-in.o
 .note.GNU-stack
                0x0000000000000000        0x0 arch/arm/mach-imx/built-in.o
 .note.GNU-stack
                0x0000000000000000        0x0 board/seco/seco_imx8mq_c12/built-in.o
 .note.GNU-stack
                0x0000000000000000        0x0 board/seco/common/built-in.o
 .note.GNU-stack
                0x0000000000000000        0x0 common/spl/built-in.o
 .note.GNU-stack
                0x0000000000000000        0x0 common/init/built-in.o
 .note.GNU-stack
                0x0000000000000000        0x0 common/built-in.o
 .note.GNU-stack
                0x0000000000000000        0x0 env/built-in.o
 .note.GNU-stack
                0x0000000000000000        0x0 lib/built-in.o
 .note.GNU-stack
                0x0000000000000000        0x0 drivers/built-in.o
 .note.GNU-stack
                0x0000000000000000        0x0 drivers/usb/dwc3/built-in.o

.debug_frame    0x0000000000000000     0xba80
 .debug_frame   0x0000000000000000      0x260 arch/arm/cpu/armv8/built-in.o
 .debug_frame   0x0000000000000260      0x398 arch/arm/lib/built-in.o